2026-06-27 21:50:09,592 - [INFO] - 🚀 Khởi chạy Explainability Experiment (H4) trên cuda
2026-06-27 21:53:25,932 - [INFO] - 📂 Tổng cộng 786 chunks.
2026-06-27 21:53:25,935 - [INFO] - 📐 Số chiều hệ số Chebyshev: 1152
2026-06-27 21:53:30,331 - [INFO] -       [Fine-tune] Epoch 1/1 - Loss: 7.7964
2026-06-27 21:53:33,367 - [INFO] -       [Fine-tune] Epoch 1/1 - Loss: 5.4916
2026-06-27 21:53:36,573 - [INFO] -       [Fine-tune] Epoch 1/1 - Loss: 0.1614
2026-06-27 21:53:39,242 - [INFO] -       [Fine-tune] Epoch 1/1 - Loss: 0.2152
2026-06-27 21:53:42,576 - [INFO] -       [Fine-tune] Epoch 1/1 - Loss: 0.2476
2026-06-27 21:53:45,413 - [INFO] -       [Fine-tune] Epoch 1/1 - Loss: 1.3167
2026-06-27 21:53:48,939 - [INFO] -       [Fine-tune] Epoch 1/1 - Loss: 1.7981
2026-06-27 21:53:51,785 - [INFO] -       [Fine-tune] Epoch 1/1 - Loss: 0.0187
2026-06-27 21:53:54,554 - [INFO] -       [Fine-tune] Epoch 1/1 - Loss: 0.3216
2026-06-27 21:53:57,153 - [INFO] -       [Fine-tune] Epoch 1/1 - Loss: 0.1933
2026-06-27 21:53:59,545 - [INFO] -       [Fine-tune] Epoch 1/1 - Loss: 5.5307
2026-06-27 21:54:01,722 - [INFO] -       [Fine-tune] Epoch 1/1 - Loss: 5.4356
2026-06-27 21:54:03,187 - [INFO] -       [Fine-tune] Epoch 1/1 - Loss: 5.4183
2026-06-27 21:54:04,652 - [INFO] -       [Fine-tune] Epoch 1/1 - Loss: 5.4010
2026-06-27 21:54:06,134 - [INFO] -       [Fine-tune] Epoch 1/1 - Loss: 5.3837
2026-06-27 21:54:07,485 - [INFO] -       [Fine-tune] Epoch 1/1 - Loss: 5.3664
2026-06-27 21:54:08,902 - [INFO] -       [Fine-tune] Epoch 1/1 - Loss: 5.3491
2026-06-27 21:54:10,307 - [INFO] -       [Fine-tune] Epoch 1/1 - Loss: 5.3318
2026-06-27 21:54:11,762 - [INFO] -       [Fine-tune] Epoch 1/1 - Loss: 5.3145
2026-06-27 21:54:13,148 - [INFO] -       [Fine-tune] Epoch 1/1 - Loss: 5.2972
2026-06-27 21:54:14,541 - [INFO] -       [Fine-tune] Epoch 1/1 - Loss: 5.2799
2026-06-27 21:54:16,058 - [INFO] -       [Fine-tune] Epoch 1/1 - Loss: 5.2627
2026-06-27 21:54:17,561 - [INFO] -       [Fine-tune] Epoch 1/1 - Loss: 5.2454
2026-06-27 21:54:18,990 - [INFO] -       [Fine-tune] Epoch 1/1 - Loss: 5.2281
2026-06-27 21:54:20,491 - [INFO] -       [Fine-tune] Epoch 1/1 - Loss: 5.2108
2026-06-27 21:54:21,983 - [INFO] -       [Fine-tune] Epoch 1/1 - Loss: 5.1935
2026-06-27 21:54:23,549 - [INFO] -       [Fine-tune] Epoch 1/1 - Loss: 5.1762
2026-06-27 21:54:24,981 - [INFO] -       [Fine-tune] Epoch 1/1 - Loss: 5.1590
2026-06-27 21:54:26,382 - [INFO] -       [Fine-tune] Epoch 1/1 - Loss: 5.1417
2026-06-27 21:54:27,928 - [INFO] -       [Fine-tune] Epoch 1/1 - Loss: 5.1244
2026-06-27 21:54:29,380 - [INFO] -       [Fine-tune] Epoch 1/1 - Loss: 5.1071
2026-06-27 21:54:30,874 - [INFO] -       [Fine-tune] Epoch 1/1 - Loss: 5.0899
2026-06-27 21:54:32,358 - [INFO] -       [Fine-tune] Epoch 1/1 - Loss: 5.0726
2026-06-27 21:54:33,814 - [INFO] -       [Fine-tune] Epoch 1/1 - Loss: 5.0553
2026-06-27 21:54:35,278 - [INFO] -       [Fine-tune] Epoch 1/1 - Loss: 5.0380
2026-06-27 21:54:36,704 - [INFO] -       [Fine-tune] Epoch 1/1 - Loss: 5.0208
2026-06-27 21:54:38,135 - [INFO] -       [Fine-tune] Epoch 1/1 - Loss: 5.0035
2026-06-27 21:54:39,487 - [INFO] -       [Fine-tune] Epoch 1/1 - Loss: 4.9862
2026-06-27 21:54:40,966 - [INFO] -       [Fine-tune] Epoch 1/1 - Loss: 4.9690
2026-06-27 21:54:42,398 - [INFO] -       [Fine-tune] Epoch 1/1 - Loss: 4.9517
2026-06-27 21:54:43,757 - [INFO] -       [Fine-tune] Epoch 1/1 - Loss: 4.9345
2026-06-27 21:54:45,148 - [INFO] -       [Fine-tune] Epoch 1/1 - Loss: 4.9172
2026-06-27 21:54:46,596 - [INFO] -       [Fine-tune] Epoch 1/1 - Loss: 4.8999
2026-06-27 21:54:48,066 - [INFO] -       [Fine-tune] Epoch 1/1 - Loss: 4.8827
2026-06-27 21:54:49,561 - [INFO] -       [Fine-tune] Epoch 1/1 - Loss: 4.8654
2026-06-27 21:54:50,960 - [INFO] -       [Fine-tune] Epoch 1/1 - Loss: 4.8482
2026-06-27 21:54:52,379 - [INFO] -       [Fine-tune] Epoch 1/1 - Loss: 4.8309
2026-06-27 21:54:53,880 - [INFO] -       [Fine-tune] Epoch 1/1 - Loss: 4.8137
2026-06-27 21:54:55,351 - [INFO] -       [Fine-tune] Epoch 1/1 - Loss: 4.7965
2026-06-27 21:54:56,783 - [INFO] -       [Fine-tune] Epoch 1/1 - Loss: 4.7792
2026-06-27 21:54:57,756 - [INFO] -   [50/786] S_KAN=0.005938 🔴 DRIFT
2026-06-27 21:54:58,224 - [INFO] -       [Fine-tune] Epoch 1/1 - Loss: 4.7620
2026-06-27 21:54:59,715 - [INFO] -       [Fine-tune] Epoch 1/1 - Loss: 4.7447
2026-06-27 21:55:01,189 - [INFO] -       [Fine-tune] Epoch 1/1 - Loss: 4.7275
2026-06-27 21:55:02,737 - [INFO] -       [Fine-tune] Epoch 1/1 - Loss: 4.7103
2026-06-27 21:55:04,164 - [INFO] -       [Fine-tune] Epoch 1/1 - Loss: 4.6930
2026-06-27 21:55:05,659 - [INFO] -       [Fine-tune] Epoch 1/1 - Loss: 4.6758
2026-06-27 21:55:07,153 - [INFO] -       [Fine-tune] Epoch 1/1 - Loss: 4.6586
2026-06-27 21:55:08,622 - [INFO] -       [Fine-tune] Epoch 1/1 - Loss: 4.6413
2026-06-27 21:55:10,027 - [INFO] -       [Fine-tune] Epoch 1/1 - Loss: 4.6241
2026-06-27 21:55:11,476 - [INFO] -       [Fine-tune] Epoch 1/1 - Loss: 4.6069
2026-06-27 21:55:12,966 - [INFO] -       [Fine-tune] Epoch 1/1 - Loss: 4.5897
2026-06-27 21:55:14,462 - [INFO] -       [Fine-tune] Epoch 1/1 - Loss: 4.5725
2026-06-27 21:55:15,881 - [INFO] -       [Fine-tune] Epoch 1/1 - Loss: 4.5553
2026-06-27 21:55:17,295 - [INFO] -       [Fine-tune] Epoch 1/1 - Loss: 4.5380
2026-06-27 21:55:18,705 - [INFO] -       [Fine-tune] Epoch 1/1 - Loss: 4.5208
2026-06-27 21:55:20,184 - [INFO] -       [Fine-tune] Epoch 1/1 - Loss: 4.5036
2026-06-27 21:55:21,605 - [INFO] -       [Fine-tune] Epoch 1/1 - Loss: 4.4864
2026-06-27 21:55:23,047 - [INFO] -       [Fine-tune] Epoch 1/1 - Loss: 4.4692
2026-06-27 21:55:24,437 - [INFO] -       [Fine-tune] Epoch 1/1 - Loss: 4.4520
2026-06-27 21:55:25,804 - [INFO] -       [Fine-tune] Epoch 1/1 - Loss: 4.4348
2026-06-27 21:55:27,249 - [INFO] -       [Fine-tune] Epoch 1/1 - Loss: 4.4177
2026-06-27 21:55:28,708 - [INFO] -       [Fine-tune] Epoch 1/1 - Loss: 4.4005
2026-06-27 21:55:30,130 - [INFO] -       [Fine-tune] Epoch 1/1 - Loss: 4.3833
2026-06-27 21:55:31,631 - [INFO] -       [Fine-tune] Epoch 1/1 - Loss: 4.3661
2026-06-27 21:55:32,995 - [INFO] -       [Fine-tune] Epoch 1/1 - Loss: 4.3489
2026-06-27 21:55:34,452 - [INFO] -       [Fine-tune] Epoch 1/1 - Loss: 4.3318
2026-06-27 21:55:35,906 - [INFO] -       [Fine-tune] Epoch 1/1 - Loss: 4.3146
2026-06-27 21:55:37,402 - [INFO] -       [Fine-tune] Epoch 1/1 - Loss: 4.2974
2026-06-27 21:55:38,855 - [INFO] -       [Fine-tune] Epoch 1/1 - Loss: 4.2803
2026-06-27 21:55:40,257 - [INFO] -       [Fine-tune] Epoch 1/1 - Loss: 4.2631
2026-06-27 21:55:41,720 - [INFO] -       [Fine-tune] Epoch 1/1 - Loss: 4.2459
2026-06-27 21:55:43,153 - [INFO] -       [Fine-tune] Epoch 1/1 - Loss: 4.2288
2026-06-27 21:55:44,572 - [INFO] -       [Fine-tune] Epoch 1/1 - Loss: 4.2116
2026-06-27 21:55:46,017 - [INFO] -       [Fine-tune] Epoch 1/1 - Loss: 4.1945
2026-06-27 21:55:47,470 - [INFO] -       [Fine-tune] Epoch 1/1 - Loss: 4.1774
2026-06-27 21:55:48,858 - [INFO] -       [Fine-tune] Epoch 1/1 - Loss: 4.1602
2026-06-27 21:55:50,239 - [INFO] -       [Fine-tune] Epoch 1/1 - Loss: 4.1431
2026-06-27 21:55:51,651 - [INFO] -       [Fine-tune] Epoch 1/1 - Loss: 4.1260
2026-06-27 21:55:53,149 - [INFO] -       [Fine-tune] Epoch 1/1 - Loss: 4.1088
2026-06-27 21:55:54,587 - [INFO] -       [Fine-tune] Epoch 1/1 - Loss: 4.0917
2026-06-27 21:55:56,089 - [INFO] -       [Fine-tune] Epoch 1/1 - Loss: 4.0746
2026-06-27 21:55:57,475 - [INFO] -       [Fine-tune] Epoch 1/1 - Loss: 4.0575
2026-06-27 21:55:58,895 - [INFO] -       [Fine-tune] Epoch 1/1 - Loss: 4.0404
2026-06-27 21:56:00,362 - [INFO] -       [Fine-tune] Epoch 1/1 - Loss: 4.0233
2026-06-27 21:56:01,803 - [INFO] -       [Fine-tune] Epoch 1/1 - Loss: 4.0062
2026-06-27 21:56:03,189 - [INFO] -       [Fine-tune] Epoch 1/1 - Loss: 3.9891
2026-06-27 21:56:04,646 - [INFO] -       [Fine-tune] Epoch 1/1 - Loss: 3.9720
2026-06-27 21:56:06,092 - [INFO] -       [Fine-tune] Epoch 1/1 - Loss: 3.9550
2026-06-27 21:56:07,598 - [INFO] -       [Fine-tune] Epoch 1/1 - Loss: 3.9379
2026-06-27 21:56:09,023 - [INFO] -       [Fine-tune] Epoch 1/1 - Loss: 3.9208
2026-06-27 21:56:09,990 - [INFO] -   [100/786] S_KAN=0.002960 🟢
2026-06-27 21:56:10,507 - [INFO] -       [Fine-tune] Epoch 1/1 - Loss: 3.9038
2026-06-27 21:56:11,996 - [INFO] -       [Fine-tune] Epoch 1/1 - Loss: 3.8867
2026-06-27 21:56:13,421 - [INFO] -       [Fine-tune] Epoch 1/1 - Loss: 3.8696
2026-06-27 21:56:14,821 - [INFO] -       [Fine-tune] Epoch 1/1 - Loss: 3.8526
2026-06-27 21:56:16,222 - [INFO] -       [Fine-tune] Epoch 1/1 - Loss: 3.8356
2026-06-27 21:56:17,696 - [INFO] -       [Fine-tune] Epoch 1/1 - Loss: 3.8185
2026-06-27 21:56:19,183 - [INFO] -       [Fine-tune] Epoch 1/1 - Loss: 3.8015
2026-06-27 21:56:20,647 - [INFO] -       [Fine-tune] Epoch 1/1 - Loss: 3.7845
2026-06-27 21:56:22,149 - [INFO] -       [Fine-tune] Epoch 1/1 - Loss: 3.7675
2026-06-27 21:56:23,624 - [INFO] -       [Fine-tune] Epoch 1/1 - Loss: 3.7504
2026-06-27 21:56:25,156 - [INFO] -       [Fine-tune] Epoch 1/1 - Loss: 3.7334
2026-06-27 21:56:26,619 - [INFO] -       [Fine-tune] Epoch 1/1 - Loss: 3.7165
2026-06-27 21:56:28,059 - [INFO] -       [Fine-tune] Epoch 1/1 - Loss: 3.6995
2026-06-27 21:56:29,554 - [INFO] -       [Fine-tune] Epoch 1/1 - Loss: 3.6825
2026-06-27 21:56:31,054 - [INFO] -       [Fine-tune] Epoch 1/1 - Loss: 3.6655
2026-06-27 21:56:32,520 - [INFO] -       [Fine-tune] Epoch 1/1 - Loss: 3.6485
2026-06-27 21:56:33,881 - [INFO] -       [Fine-tune] Epoch 1/1 - Loss: 3.6316
2026-06-27 21:56:35,330 - [INFO] -       [Fine-tune] Epoch 1/1 - Loss: 3.6146
2026-06-27 21:56:36,756 - [INFO] -       [Fine-tune] Epoch 1/1 - Loss: 3.5977
2026-06-27 21:56:38,191 - [INFO] -       [Fine-tune] Epoch 1/1 - Loss: 3.5807
2026-06-27 21:56:39,580 - [INFO] -       [Fine-tune] Epoch 1/1 - Loss: 3.5638
2026-06-27 21:56:40,968 - [INFO] -       [Fine-tune] Epoch 1/1 - Loss: 3.5469
2026-06-27 21:56:42,432 - [INFO] -       [Fine-tune] Epoch 1/1 - Loss: 3.5300
2026-06-27 21:56:43,885 - [INFO] -       [Fine-tune] Epoch 1/1 - Loss: 3.5131
2026-06-27 21:56:45,361 - [INFO] -       [Fine-tune] Epoch 1/1 - Loss: 3.4962
2026-06-27 21:56:46,832 - [INFO] -       [Fine-tune] Epoch 1/1 - Loss: 3.4793
2026-06-27 21:56:48,289 - [INFO] -       [Fine-tune] Epoch 1/1 - Loss: 3.4624
2026-06-27 21:56:49,719 - [INFO] -       [Fine-tune] Epoch 1/1 - Loss: 3.4455
2026-06-27 21:56:51,133 - [INFO] -       [Fine-tune] Epoch 1/1 - Loss: 3.4287
2026-06-27 21:56:52,621 - [INFO] -       [Fine-tune] Epoch 1/1 - Loss: 3.4118
2026-06-27 21:56:54,065 - [INFO] -       [Fine-tune] Epoch 1/1 - Loss: 3.3950
2026-06-27 21:56:55,509 - [INFO] -       [Fine-tune] Epoch 1/1 - Loss: 3.3781
2026-06-27 21:56:56,983 - [INFO] -       [Fine-tune] Epoch 1/1 - Loss: 3.3613
2026-06-27 21:56:58,333 - [INFO] -       [Fine-tune] Epoch 1/1 - Loss: 3.3445
2026-06-27 21:56:59,742 - [INFO] -       [Fine-tune] Epoch 1/1 - Loss: 3.3277
2026-06-27 21:57:01,124 - [INFO] -       [Fine-tune] Epoch 1/1 - Loss: 3.3109
2026-06-27 21:57:02,573 - [INFO] -       [Fine-tune] Epoch 1/1 - Loss: 3.2941
2026-06-27 21:57:04,081 - [INFO] -       [Fine-tune] Epoch 1/1 - Loss: 3.2773
2026-06-27 21:57:05,618 - [INFO] -       [Fine-tune] Epoch 1/1 - Loss: 3.2606
2026-06-27 21:57:07,016 - [INFO] -       [Fine-tune] Epoch 1/1 - Loss: 3.2438
2026-06-27 21:57:08,358 - [INFO] -       [Fine-tune] Epoch 1/1 - Loss: 3.2271
2026-06-27 21:57:09,741 - [INFO] -       [Fine-tune] Epoch 1/1 - Loss: 3.2103
2026-06-27 21:57:11,188 - [INFO] -       [Fine-tune] Epoch 1/1 - Loss: 3.1936
2026-06-27 21:57:12,566 - [INFO] -       [Fine-tune] Epoch 1/1 - Loss: 3.1769
2026-06-27 21:57:14,001 - [INFO] -       [Fine-tune] Epoch 1/1 - Loss: 3.1602
2026-06-27 21:57:15,490 - [INFO] -       [Fine-tune] Epoch 1/1 - Loss: 3.1435
2026-06-27 21:57:16,978 - [INFO] -       [Fine-tune] Epoch 1/1 - Loss: 3.1269
2026-06-27 21:57:18,443 - [INFO] -       [Fine-tune] Epoch 1/1 - Loss: 3.1102
2026-06-27 21:57:19,856 - [INFO] -       [Fine-tune] Epoch 1/1 - Loss: 3.0935
2026-06-27 21:57:21,327 - [INFO] -       [Fine-tune] Epoch 1/1 - Loss: 3.0769
2026-06-27 21:57:22,320 - [INFO] -   [150/786] S_KAN=0.001855 🟢
2026-06-27 21:57:22,795 - [INFO] -       [Fine-tune] Epoch 1/1 - Loss: 3.0603
2026-06-27 21:57:24,270 - [INFO] -       [Fine-tune] Epoch 1/1 - Loss: 3.0437
2026-06-27 21:57:25,763 - [INFO] -       [Fine-tune] Epoch 1/1 - Loss: 3.0271
2026-06-27 21:57:27,182 - [INFO] -       [Fine-tune] Epoch 1/1 - Loss: 3.0105
2026-06-27 21:57:28,616 - [INFO] -       [Fine-tune] Epoch 1/1 - Loss: 2.9939
2026-06-27 21:57:30,093 - [INFO] -       [Fine-tune] Epoch 1/1 - Loss: 2.9774
2026-06-27 21:57:31,534 - [INFO] -       [Fine-tune] Epoch 1/1 - Loss: 2.9608
2026-06-27 21:57:33,094 - [INFO] -       [Fine-tune] Epoch 1/1 - Loss: 2.9443
2026-06-27 21:57:34,532 - [INFO] -       [Fine-tune] Epoch 1/1 - Loss: 2.9278
2026-06-27 21:57:36,042 - [INFO] -       [Fine-tune] Epoch 1/1 - Loss: 2.9113
2026-06-27 21:57:37,450 - [INFO] -       [Fine-tune] Epoch 1/1 - Loss: 2.8948
2026-06-27 21:57:38,825 - [INFO] -       [Fine-tune] Epoch 1/1 - Loss: 2.8784
2026-06-27 21:57:40,358 - [INFO] -       [Fine-tune] Epoch 1/1 - Loss: 2.8619
2026-06-27 21:57:41,767 - [INFO] -       [Fine-tune] Epoch 1/1 - Loss: 2.8455
2026-06-27 21:57:43,176 - [INFO] -       [Fine-tune] Epoch 1/1 - Loss: 2.8291
2026-06-27 21:57:44,567 - [INFO] -       [Fine-tune] Epoch 1/1 - Loss: 2.8127
2026-06-27 21:57:46,011 - [INFO] -       [Fine-tune] Epoch 1/1 - Loss: 2.7963
2026-06-27 21:57:47,434 - [INFO] -       [Fine-tune] Epoch 1/1 - Loss: 2.7799
2026-06-27 21:57:48,857 - [INFO] -       [Fine-tune] Epoch 1/1 - Loss: 2.7636
2026-06-27 21:57:50,272 - [INFO] -       [Fine-tune] Epoch 1/1 - Loss: 2.7472
2026-06-27 21:57:51,761 - [INFO] -       [Fine-tune] Epoch 1/1 - Loss: 2.7309
2026-06-27 21:57:53,223 - [INFO] -       [Fine-tune] Epoch 1/1 - Loss: 2.7146
2026-06-27 21:57:54,612 - [INFO] -       [Fine-tune] Epoch 1/1 - Loss: 2.6984
2026-06-27 21:57:56,008 - [INFO] -       [Fine-tune] Epoch 1/1 - Loss: 2.6821
2026-06-27 21:57:57,497 - [INFO] -       [Fine-tune] Epoch 1/1 - Loss: 2.6659
2026-06-27 21:57:58,936 - [INFO] -       [Fine-tune] Epoch 1/1 - Loss: 2.6496
2026-06-27 21:58:00,340 - [INFO] -       [Fine-tune] Epoch 1/1 - Loss: 2.6334
2026-06-27 21:58:01,793 - [INFO] -       [Fine-tune] Epoch 1/1 - Loss: 2.6173
2026-06-27 21:58:03,260 - [INFO] -       [Fine-tune] Epoch 1/1 - Loss: 2.6011
2026-06-27 21:58:04,667 - [INFO] -       [Fine-tune] Epoch 1/1 - Loss: 2.5850
2026-06-27 21:58:06,156 - [INFO] -       [Fine-tune] Epoch 1/1 - Loss: 2.5688
2026-06-27 21:58:07,667 - [INFO] -       [Fine-tune] Epoch 1/1 - Loss: 2.5527
2026-06-27 21:58:09,095 - [INFO] -       [Fine-tune] Epoch 1/1 - Loss: 2.5367
2026-06-27 21:58:10,513 - [INFO] -       [Fine-tune] Epoch 1/1 - Loss: 2.5206
2026-06-27 21:58:12,005 - [INFO] -       [Fine-tune] Epoch 1/1 - Loss: 2.5046
2026-06-27 21:58:13,558 - [INFO] -       [Fine-tune] Epoch 1/1 - Loss: 2.4886
2026-06-27 21:58:15,091 - [INFO] -       [Fine-tune] Epoch 1/1 - Loss: 2.4726
2026-06-27 21:58:16,668 - [INFO] -       [Fine-tune] Epoch 1/1 - Loss: 2.4566
2026-06-27 21:58:18,137 - [INFO] -       [Fine-tune] Epoch 1/1 - Loss: 2.4407
2026-06-27 21:58:19,555 - [INFO] -       [Fine-tune] Epoch 1/1 - Loss: 2.4248
2026-06-27 21:58:21,072 - [INFO] -       [Fine-tune] Epoch 1/1 - Loss: 2.4089
2026-06-27 21:58:22,512 - [INFO] -       [Fine-tune] Epoch 1/1 - Loss: 2.3930
2026-06-27 21:58:23,976 - [INFO] -       [Fine-tune] Epoch 1/1 - Loss: 2.3772
2026-06-27 21:58:25,381 - [INFO] -       [Fine-tune] Epoch 1/1 - Loss: 2.3614
2026-06-27 21:58:26,812 - [INFO] -       [Fine-tune] Epoch 1/1 - Loss: 2.3456
2026-06-27 21:58:28,268 - [INFO] -       [Fine-tune] Epoch 1/1 - Loss: 2.3298
2026-06-27 21:58:29,733 - [INFO] -       [Fine-tune] Epoch 1/1 - Loss: 2.3141
2026-06-27 21:58:31,182 - [INFO] -       [Fine-tune] Epoch 1/1 - Loss: 2.2984
2026-06-27 21:58:32,658 - [INFO] -       [Fine-tune] Epoch 1/1 - Loss: 2.2827
2026-06-27 21:58:34,110 - [INFO] -       [Fine-tune] Epoch 1/1 - Loss: 2.2670
2026-06-27 21:58:35,092 - [INFO] -   [200/786] S_KAN=0.001432 🟢
2026-06-27 21:58:35,540 - [INFO] -       [Fine-tune] Epoch 1/1 - Loss: 2.2514
2026-06-27 21:58:37,042 - [INFO] -       [Fine-tune] Epoch 1/1 - Loss: 2.2358
2026-06-27 21:58:38,588 - [INFO] -       [Fine-tune] Epoch 1/1 - Loss: 2.2202
2026-06-27 21:58:40,082 - [INFO] -       [Fine-tune] Epoch 1/1 - Loss: 2.2047
2026-06-27 21:58:41,476 - [INFO] -       [Fine-tune] Epoch 1/1 - Loss: 2.1892
2026-06-27 21:58:42,945 - [INFO] -       [Fine-tune] Epoch 1/1 - Loss: 2.1737
2026-06-27 21:58:44,468 - [INFO] -       [Fine-tune] Epoch 1/1 - Loss: 2.1582
2026-06-27 21:58:45,949 - [INFO] -       [Fine-tune] Epoch 1/1 - Loss: 2.1428
2026-06-27 21:58:47,423 - [INFO] -       [Fine-tune] Epoch 1/1 - Loss: 2.1274
2026-06-27 21:58:48,797 - [INFO] -       [Fine-tune] Epoch 1/1 - Loss: 2.1120
2026-06-27 21:58:50,215 - [INFO] -       [Fine-tune] Epoch 1/1 - Loss: 2.0967
2026-06-27 21:58:51,669 - [INFO] -       [Fine-tune] Epoch 1/1 - Loss: 2.0814
2026-06-27 21:58:53,118 - [INFO] -       [Fine-tune] Epoch 1/1 - Loss: 2.0662
2026-06-27 21:58:54,567 - [INFO] -       [Fine-tune] Epoch 1/1 - Loss: 2.0509
2026-06-27 21:58:55,950 - [INFO] -       [Fine-tune] Epoch 1/1 - Loss: 2.0357
2026-06-27 21:58:57,435 - [INFO] -       [Fine-tune] Epoch 1/1 - Loss: 2.0206
2026-06-27 21:58:58,979 - [INFO] -       [Fine-tune] Epoch 1/1 - Loss: 2.0054
2026-06-27 21:59:00,429 - [INFO] -       [Fine-tune] Epoch 1/1 - Loss: 1.9904
2026-06-27 21:59:01,841 - [INFO] -       [Fine-tune] Epoch 1/1 - Loss: 1.9753
2026-06-27 21:59:03,365 - [INFO] -       [Fine-tune] Epoch 1/1 - Loss: 1.9603
2026-06-27 21:59:04,831 - [INFO] -       [Fine-tune] Epoch 1/1 - Loss: 1.9453
2026-06-27 21:59:06,317 - [INFO] -       [Fine-tune] Epoch 1/1 - Loss: 1.9304
2026-06-27 21:59:07,756 - [INFO] -       [Fine-tune] Epoch 1/1 - Loss: 1.9155
2026-06-27 21:59:09,217 - [INFO] -       [Fine-tune] Epoch 1/1 - Loss: 1.9006
2026-06-27 21:59:10,619 - [INFO] -       [Fine-tune] Epoch 1/1 - Loss: 1.8858
2026-06-27 21:59:12,054 - [INFO] -       [Fine-tune] Epoch 1/1 - Loss: 1.8710
2026-06-27 21:59:13,472 - [INFO] -       [Fine-tune] Epoch 1/1 - Loss: 1.8562
2026-06-27 21:59:14,921 - [INFO] -       [Fine-tune] Epoch 1/1 - Loss: 1.8415
2026-06-27 21:59:16,347 - [INFO] -       [Fine-tune] Epoch 1/1 - Loss: 1.8268
2026-06-27 21:59:17,797 - [INFO] -       [Fine-tune] Epoch 1/1 - Loss: 1.8122
2026-06-27 21:59:19,284 - [INFO] -       [Fine-tune] Epoch 1/1 - Loss: 1.7976
2026-06-27 21:59:20,776 - [INFO] -       [Fine-tune] Epoch 1/1 - Loss: 1.7831
2026-06-27 21:59:22,224 - [INFO] -       [Fine-tune] Epoch 1/1 - Loss: 1.7685
2026-06-27 21:59:23,649 - [INFO] -       [Fine-tune] Epoch 1/1 - Loss: 1.7541
2026-06-27 21:59:25,083 - [INFO] -       [Fine-tune] Epoch 1/1 - Loss: 1.7397
2026-06-27 21:59:26,523 - [INFO] -       [Fine-tune] Epoch 1/1 - Loss: 1.7253
2026-06-27 21:59:27,959 - [INFO] -       [Fine-tune] Epoch 1/1 - Loss: 1.7110
2026-06-27 21:59:29,359 - [INFO] -       [Fine-tune] Epoch 1/1 - Loss: 1.6967
2026-06-27 21:59:30,895 - [INFO] -       [Fine-tune] Epoch 1/1 - Loss: 1.6824
2026-06-27 21:59:32,358 - [INFO] -       [Fine-tune] Epoch 1/1 - Loss: 1.6682
2026-06-27 21:59:33,828 - [INFO] -       [Fine-tune] Epoch 1/1 - Loss: 1.6541
2026-06-27 21:59:35,282 - [INFO] -       [Fine-tune] Epoch 1/1 - Loss: 1.6400
2026-06-27 21:59:36,744 - [INFO] -       [Fine-tune] Epoch 1/1 - Loss: 1.6259
2026-06-27 21:59:38,246 - [INFO] -       [Fine-tune] Epoch 1/1 - Loss: 1.6119
2026-06-27 21:59:39,637 - [INFO] -       [Fine-tune] Epoch 1/1 - Loss: 1.5980
2026-06-27 21:59:41,060 - [INFO] -       [Fine-tune] Epoch 1/1 - Loss: 1.5841
2026-06-27 21:59:42,488 - [INFO] -       [Fine-tune] Epoch 1/1 - Loss: 1.5702
2026-06-27 21:59:43,968 - [INFO] -       [Fine-tune] Epoch 1/1 - Loss: 1.5564
2026-06-27 21:59:45,358 - [INFO] -       [Fine-tune] Epoch 1/1 - Loss: 1.5426
2026-06-27 21:59:46,748 - [INFO] -       [Fine-tune] Epoch 1/1 - Loss: 1.5289
2026-06-27 21:59:47,710 - [INFO] -   [250/786] S_KAN=0.001259 🟢
2026-06-27 21:59:48,176 - [INFO] -       [Fine-tune] Epoch 1/1 - Loss: 1.5153
2026-06-27 21:59:49,593 - [INFO] -       [Fine-tune] Epoch 1/1 - Loss: 1.5017
2026-06-27 21:59:51,052 - [INFO] -       [Fine-tune] Epoch 1/1 - Loss: 1.4881
2026-06-27 21:59:52,465 - [INFO] -       [Fine-tune] Epoch 1/1 - Loss: 1.4746
2026-06-27 21:59:53,929 - [INFO] -       [Fine-tune] Epoch 1/1 - Loss: 1.4612
2026-06-27 21:59:55,354 - [INFO] -       [Fine-tune] Epoch 1/1 - Loss: 1.4478
2026-06-27 21:59:56,870 - [INFO] -       [Fine-tune] Epoch 1/1 - Loss: 1.4344
2026-06-27 21:59:58,416 - [INFO] -       [Fine-tune] Epoch 1/1 - Loss: 1.4212
2026-06-27 21:59:59,835 - [INFO] -       [Fine-tune] Epoch 1/1 - Loss: 1.4079
2026-06-27 22:00:01,332 - [INFO] -       [Fine-tune] Epoch 1/1 - Loss: 1.3948
2026-06-27 22:00:02,669 - [INFO] -       [Fine-tune] Epoch 1/1 - Loss: 1.3816
2026-06-27 22:00:04,114 - [INFO] -       [Fine-tune] Epoch 1/1 - Loss: 1.3686
2026-06-27 22:00:05,559 - [INFO] -       [Fine-tune] Epoch 1/1 - Loss: 1.3556
2026-06-27 22:00:07,033 - [INFO] -       [Fine-tune] Epoch 1/1 - Loss: 1.3427
2026-06-27 22:00:08,491 - [INFO] -       [Fine-tune] Epoch 1/1 - Loss: 1.3298
2026-06-27 22:00:09,989 - [INFO] -       [Fine-tune] Epoch 1/1 - Loss: 1.3169
2026-06-27 22:00:11,404 - [INFO] -       [Fine-tune] Epoch 1/1 - Loss: 1.3042
2026-06-27 22:00:12,881 - [INFO] -       [Fine-tune] Epoch 1/1 - Loss: 1.2915
2026-06-27 22:00:14,347 - [INFO] -       [Fine-tune] Epoch 1/1 - Loss: 1.2788
2026-06-27 22:00:15,885 - [INFO] -       [Fine-tune] Epoch 1/1 - Loss: 1.2663
2026-06-27 22:00:17,357 - [INFO] -       [Fine-tune] Epoch 1/1 - Loss: 1.2537
2026-06-27 22:00:18,796 - [INFO] -       [Fine-tune] Epoch 1/1 - Loss: 1.2413
2026-06-27 22:00:20,262 - [INFO] -       [Fine-tune] Epoch 1/1 - Loss: 1.2289
2026-06-27 22:00:21,677 - [INFO] -       [Fine-tune] Epoch 1/1 - Loss: 1.2166
2026-06-27 22:00:23,125 - [INFO] -       [Fine-tune] Epoch 1/1 - Loss: 1.2043
2026-06-27 22:00:24,573 - [INFO] -       [Fine-tune] Epoch 1/1 - Loss: 1.1921
2026-06-27 22:00:26,078 - [INFO] -       [Fine-tune] Epoch 1/1 - Loss: 1.1800
2026-06-27 22:00:27,517 - [INFO] -       [Fine-tune] Epoch 1/1 - Loss: 1.1679
2026-06-27 22:00:28,988 - [INFO] -       [Fine-tune] Epoch 1/1 - Loss: 1.1559
2026-06-27 22:00:30,475 - [INFO] -       [Fine-tune] Epoch 1/1 - Loss: 1.1439
2026-06-27 22:00:31,930 - [INFO] -       [Fine-tune] Epoch 1/1 - Loss: 1.1320
2026-06-27 22:00:33,357 - [INFO] -       [Fine-tune] Epoch 1/1 - Loss: 1.1202
2026-06-27 22:00:34,832 - [INFO] -       [Fine-tune] Epoch 1/1 - Loss: 1.1085
2026-06-27 22:00:36,245 - [INFO] -       [Fine-tune] Epoch 1/1 - Loss: 1.0968
2026-06-27 22:00:37,620 - [INFO] -       [Fine-tune] Epoch 1/1 - Loss: 1.0852
2026-06-27 22:00:39,110 - [INFO] -       [Fine-tune] Epoch 1/1 - Loss: 1.0737
2026-06-27 22:00:40,564 - [INFO] -       [Fine-tune] Epoch 1/1 - Loss: 1.0622
2026-06-27 22:00:41,982 - [INFO] -       [Fine-tune] Epoch 1/1 - Loss: 1.0508
2026-06-27 22:00:43,433 - [INFO] -       [Fine-tune] Epoch 1/1 - Loss: 1.0395
2026-06-27 22:00:44,895 - [INFO] -       [Fine-tune] Epoch 1/1 - Loss: 1.0282
2026-06-27 22:00:46,331 - [INFO] -       [Fine-tune] Epoch 1/1 - Loss: 1.0170
2026-06-27 22:00:47,769 - [INFO] -       [Fine-tune] Epoch 1/1 - Loss: 1.0059
2026-06-27 22:00:49,237 - [INFO] -       [Fine-tune] Epoch 1/1 - Loss: 0.9948
2026-06-27 22:00:50,749 - [INFO] -       [Fine-tune] Epoch 1/1 - Loss: 0.9838
2026-06-27 22:00:52,214 - [INFO] -       [Fine-tune] Epoch 1/1 - Loss: 0.9729
2026-06-27 22:00:53,620 - [INFO] -       [Fine-tune] Epoch 1/1 - Loss: 0.9621
2026-06-27 22:00:55,124 - [INFO] -       [Fine-tune] Epoch 1/1 - Loss: 0.9513
2026-06-27 22:00:56,653 - [INFO] -       [Fine-tune] Epoch 1/1 - Loss: 0.9406
2026-06-27 22:00:58,130 - [INFO] -       [Fine-tune] Epoch 1/1 - Loss: 0.9300
2026-06-27 22:00:59,676 - [INFO] -       [Fine-tune] Epoch 1/1 - Loss: 0.9195
2026-06-27 22:01:00,599 - [INFO] -   [300/786] S_KAN=0.001176 🟢
2026-06-27 22:01:01,068 - [INFO] -       [Fine-tune] Epoch 1/1 - Loss: 0.9090
2026-06-27 22:01:02,567 - [INFO] -       [Fine-tune] Epoch 1/1 - Loss: 0.8986
2026-06-27 22:01:04,032 - [INFO] -       [Fine-tune] Epoch 1/1 - Loss: 0.8883
2026-06-27 22:01:05,534 - [INFO] -       [Fine-tune] Epoch 1/1 - Loss: 0.8780
2026-06-27 22:01:07,017 - [INFO] -       [Fine-tune] Epoch 1/1 - Loss: 0.8678
2026-06-27 22:01:08,520 - [INFO] -       [Fine-tune] Epoch 1/1 - Loss: 0.8577
2026-06-27 22:01:09,902 - [INFO] -       [Fine-tune] Epoch 1/1 - Loss: 0.8477
2026-06-27 22:01:11,325 - [INFO] -       [Fine-tune] Epoch 1/1 - Loss: 0.8377
2026-06-27 22:01:12,790 - [INFO] -       [Fine-tune] Epoch 1/1 - Loss: 0.8278
2026-06-27 22:01:14,164 - [INFO] -       [Fine-tune] Epoch 1/1 - Loss: 0.8180
2026-06-27 22:01:15,629 - [INFO] -       [Fine-tune] Epoch 1/1 - Loss: 0.8083
2026-06-27 22:01:17,067 - [INFO] -       [Fine-tune] Epoch 1/1 - Loss: 0.7986
2026-06-27 22:01:18,483 - [INFO] -       [Fine-tune] Epoch 1/1 - Loss: 0.7891
2026-06-27 22:01:19,947 - [INFO] -       [Fine-tune] Epoch 1/1 - Loss: 0.7796
2026-06-27 22:01:21,468 - [INFO] -       [Fine-tune] Epoch 1/1 - Loss: 0.7701
2026-06-27 22:01:22,897 - [INFO] -       [Fine-tune] Epoch 1/1 - Loss: 0.7608
2026-06-27 22:01:24,377 - [INFO] -       [Fine-tune] Epoch 1/1 - Loss: 0.7515
2026-06-27 22:01:25,851 - [INFO] -       [Fine-tune] Epoch 1/1 - Loss: 0.7423
2026-06-27 22:01:27,349 - [INFO] -       [Fine-tune] Epoch 1/1 - Loss: 0.7332
2026-06-27 22:01:28,745 - [INFO] -       [Fine-tune] Epoch 1/1 - Loss: 0.7241
2026-06-27 22:01:30,197 - [INFO] -       [Fine-tune] Epoch 1/1 - Loss: 0.7151
2026-06-27 22:01:31,735 - [INFO] -       [Fine-tune] Epoch 1/1 - Loss: 0.7062
2026-06-27 22:01:33,127 - [INFO] -       [Fine-tune] Epoch 1/1 - Loss: 0.6974
2026-06-27 22:01:34,591 - [INFO] -       [Fine-tune] Epoch 1/1 - Loss: 0.6887
2026-06-27 22:01:36,057 - [INFO] -       [Fine-tune] Epoch 1/1 - Loss: 0.6800
2026-06-27 22:01:37,515 - [INFO] -       [Fine-tune] Epoch 1/1 - Loss: 0.6714
2026-06-27 22:01:38,914 - [INFO] -       [Fine-tune] Epoch 1/1 - Loss: 0.6629
2026-06-27 22:01:40,351 - [INFO] -       [Fine-tune] Epoch 1/1 - Loss: 0.6545
2026-06-27 22:01:41,848 - [INFO] -       [Fine-tune] Epoch 1/1 - Loss: 0.6461
2026-06-27 22:01:43,323 - [INFO] -       [Fine-tune] Epoch 1/1 - Loss: 0.6378
2026-06-27 22:01:44,813 - [INFO] -       [Fine-tune] Epoch 1/1 - Loss: 0.6296
2026-06-27 22:01:46,198 - [INFO] -       [Fine-tune] Epoch 1/1 - Loss: 0.6215
2026-06-27 22:01:47,641 - [INFO] -       [Fine-tune] Epoch 1/1 - Loss: 0.6134
2026-06-27 22:01:49,145 - [INFO] -       [Fine-tune] Epoch 1/1 - Loss: 0.6054
2026-06-27 22:01:50,613 - [INFO] -       [Fine-tune] Epoch 1/1 - Loss: 0.5975
2026-06-27 22:01:52,103 - [INFO] -       [Fine-tune] Epoch 1/1 - Loss: 0.5897
2026-06-27 22:01:53,640 - [INFO] -       [Fine-tune] Epoch 1/1 - Loss: 0.5819
2026-06-27 22:01:55,123 - [INFO] -       [Fine-tune] Epoch 1/1 - Loss: 0.5743
2026-06-27 22:01:56,597 - [INFO] -       [Fine-tune] Epoch 1/1 - Loss: 0.5666
2026-06-27 22:01:58,068 - [INFO] -       [Fine-tune] Epoch 1/1 - Loss: 0.5591
2026-06-27 22:01:59,535 - [INFO] -       [Fine-tune] Epoch 1/1 - Loss: 0.5517
2026-06-27 22:02:00,907 - [INFO] -       [Fine-tune] Epoch 1/1 - Loss: 0.5443
2026-06-27 22:02:02,384 - [INFO] -       [Fine-tune] Epoch 1/1 - Loss: 0.5370
2026-06-27 22:02:03,848 - [INFO] -       [Fine-tune] Epoch 1/1 - Loss: 0.5297
2026-06-27 22:02:05,307 - [INFO] -       [Fine-tune] Epoch 1/1 - Loss: 0.5226
2026-06-27 22:02:06,818 - [INFO] -       [Fine-tune] Epoch 1/1 - Loss: 0.5155
2026-06-27 22:02:08,302 - [INFO] -       [Fine-tune] Epoch 1/1 - Loss: 0.5085
2026-06-27 22:02:09,777 - [INFO] -       [Fine-tune] Epoch 1/1 - Loss: 0.5016
2026-06-27 22:02:11,200 - [INFO] -       [Fine-tune] Epoch 1/1 - Loss: 0.4947
2026-06-27 22:02:12,564 - [INFO] -       [Fine-tune] Epoch 1/1 - Loss: 0.4879
2026-06-27 22:02:13,524 - [INFO] -   [350/786] S_KAN=0.001125 🟢
2026-06-27 22:02:14,008 - [INFO] -       [Fine-tune] Epoch 1/1 - Loss: 0.4812
2026-06-27 22:02:15,417 - [INFO] -       [Fine-tune] Epoch 1/1 - Loss: 0.4745
2026-06-27 22:02:16,840 - [INFO] -       [Fine-tune] Epoch 1/1 - Loss: 0.4680
2026-06-27 22:02:18,291 - [INFO] -       [Fine-tune] Epoch 1/1 - Loss: 0.4615
2026-06-27 22:02:19,725 - [INFO] -       [Fine-tune] Epoch 1/1 - Loss: 0.4550
2026-06-27 22:02:21,188 - [INFO] -       [Fine-tune] Epoch 1/1 - Loss: 0.4487
2026-06-27 22:02:22,646 - [INFO] -       [Fine-tune] Epoch 1/1 - Loss: 0.4424
2026-06-27 22:02:24,129 - [INFO] -       [Fine-tune] Epoch 1/1 - Loss: 0.4361
2026-06-27 22:02:25,642 - [INFO] -       [Fine-tune] Epoch 1/1 - Loss: 0.4300
2026-06-27 22:02:27,099 - [INFO] -       [Fine-tune] Epoch 1/1 - Loss: 0.4239
2026-06-27 22:02:28,439 - [INFO] -       [Fine-tune] Epoch 1/1 - Loss: 0.4179
2026-06-27 22:02:29,805 - [INFO] -       [Fine-tune] Epoch 1/1 - Loss: 0.4120
2026-06-27 22:02:31,304 - [INFO] -       [Fine-tune] Epoch 1/1 - Loss: 0.4061
2026-06-27 22:02:32,756 - [INFO] -       [Fine-tune] Epoch 1/1 - Loss: 0.4003
2026-06-27 22:02:34,156 - [INFO] -       [Fine-tune] Epoch 1/1 - Loss: 0.3945
2026-06-27 22:02:35,636 - [INFO] -       [Fine-tune] Epoch 1/1 - Loss: 0.3889
2026-06-27 22:02:37,046 - [INFO] -       [Fine-tune] Epoch 1/1 - Loss: 0.3833
2026-06-27 22:02:38,450 - [INFO] -       [Fine-tune] Epoch 1/1 - Loss: 0.3777
2026-06-27 22:02:39,912 - [INFO] -       [Fine-tune] Epoch 1/1 - Loss: 0.3723
2026-06-27 22:02:41,338 - [INFO] -       [Fine-tune] Epoch 1/1 - Loss: 0.3668
2026-06-27 22:02:42,752 - [INFO] -       [Fine-tune] Epoch 1/1 - Loss: 0.3615
2026-06-27 22:02:44,250 - [INFO] -       [Fine-tune] Epoch 1/1 - Loss: 0.3562
2026-06-27 22:02:45,651 - [INFO] -       [Fine-tune] Epoch 1/1 - Loss: 0.3510
2026-06-27 22:02:47,141 - [INFO] -       [Fine-tune] Epoch 1/1 - Loss: 0.3459
2026-06-27 22:02:48,604 - [INFO] -       [Fine-tune] Epoch 1/1 - Loss: 0.3408
2026-06-27 22:02:50,052 - [INFO] -       [Fine-tune] Epoch 1/1 - Loss: 0.3358
2026-06-27 22:02:51,534 - [INFO] -       [Fine-tune] Epoch 1/1 - Loss: 0.3308
2026-06-27 22:02:53,052 - [INFO] -       [Fine-tune] Epoch 1/1 - Loss: 0.3259
2026-06-27 22:02:54,560 - [INFO] -       [Fine-tune] Epoch 1/1 - Loss: 0.3211
2026-06-27 22:02:56,042 - [INFO] -       [Fine-tune] Epoch 1/1 - Loss: 0.3163
2026-06-27 22:02:57,459 - [INFO] -       [Fine-tune] Epoch 1/1 - Loss: 0.3116
2026-06-27 22:02:58,955 - [INFO] -       [Fine-tune] Epoch 1/1 - Loss: 0.3069
2026-06-27 22:03:00,436 - [INFO] -       [Fine-tune] Epoch 1/1 - Loss: 0.3023
2026-06-27 22:03:01,860 - [INFO] -       [Fine-tune] Epoch 1/1 - Loss: 0.2978
2026-06-27 22:03:03,398 - [INFO] -       [Fine-tune] Epoch 1/1 - Loss: 0.2933
2026-06-27 22:03:04,812 - [INFO] -       [Fine-tune] Epoch 1/1 - Loss: 0.2889
2026-06-27 22:03:06,257 - [INFO] -       [Fine-tune] Epoch 1/1 - Loss: 0.2845
2026-06-27 22:03:07,704 - [INFO] -       [Fine-tune] Epoch 1/1 - Loss: 0.2802
2026-06-27 22:03:09,249 - [INFO] -       [Fine-tune] Epoch 1/1 - Loss: 0.2760
2026-06-27 22:03:10,735 - [INFO] -       [Fine-tune] Epoch 1/1 - Loss: 0.2718
2026-06-27 22:03:12,211 - [INFO] -       [Fine-tune] Epoch 1/1 - Loss: 0.2676
2026-06-27 22:03:13,678 - [INFO] -       [Fine-tune] Epoch 1/1 - Loss: 0.2635
2026-06-27 22:03:15,093 - [INFO] -       [Fine-tune] Epoch 1/1 - Loss: 0.2595
2026-06-27 22:03:16,479 - [INFO] -       [Fine-tune] Epoch 1/1 - Loss: 0.2555
2026-06-27 22:03:17,913 - [INFO] -       [Fine-tune] Epoch 1/1 - Loss: 0.2516
2026-06-27 22:03:19,418 - [INFO] -       [Fine-tune] Epoch 1/1 - Loss: 0.2478
2026-06-27 22:03:20,926 - [INFO] -       [Fine-tune] Epoch 1/1 - Loss: 0.2439
2026-06-27 22:03:22,344 - [INFO] -       [Fine-tune] Epoch 1/1 - Loss: 0.2402
2026-06-27 22:03:23,833 - [INFO] -       [Fine-tune] Epoch 1/1 - Loss: 0.2365
2026-06-27 22:03:25,240 - [INFO] -       [Fine-tune] Epoch 1/1 - Loss: 0.2328
2026-06-27 22:03:26,185 - [INFO] -   [400/786] S_KAN=0.001086 🟢
2026-06-27 22:03:26,681 - [INFO] -       [Fine-tune] Epoch 1/1 - Loss: 0.2292
2026-06-27 22:03:28,084 - [INFO] -       [Fine-tune] Epoch 1/1 - Loss: 0.2256
2026-06-27 22:03:29,529 - [INFO] -       [Fine-tune] Epoch 1/1 - Loss: 0.2221
2026-06-27 22:03:31,009 - [INFO] -       [Fine-tune] Epoch 1/1 - Loss: 0.2187
2026-06-27 22:03:32,444 - [INFO] -       [Fine-tune] Epoch 1/1 - Loss: 0.2152
2026-06-27 22:03:33,916 - [INFO] -       [Fine-tune] Epoch 1/1 - Loss: 0.2119
2026-06-27 22:03:35,452 - [INFO] -       [Fine-tune] Epoch 1/1 - Loss: 0.2086
2026-06-27 22:03:36,872 - [INFO] -       [Fine-tune] Epoch 1/1 - Loss: 0.2053
2026-06-27 22:03:38,341 - [INFO] -       [Fine-tune] Epoch 1/1 - Loss: 0.2021
2026-06-27 22:03:39,724 - [INFO] -       [Fine-tune] Epoch 1/1 - Loss: 0.1989
2026-06-27 22:03:41,129 - [INFO] -       [Fine-tune] Epoch 1/1 - Loss: 0.1957
2026-06-27 22:03:42,587 - [INFO] -       [Fine-tune] Epoch 1/1 - Loss: 0.1927
2026-06-27 22:03:44,017 - [INFO] -       [Fine-tune] Epoch 1/1 - Loss: 0.1896
2026-06-27 22:03:45,438 - [INFO] -       [Fine-tune] Epoch 1/1 - Loss: 0.1866
2026-06-27 22:03:46,889 - [INFO] -       [Fine-tune] Epoch 1/1 - Loss: 0.1836
2026-06-27 22:03:48,305 - [INFO] -       [Fine-tune] Epoch 1/1 - Loss: 0.1807
2026-06-27 22:03:49,773 - [INFO] -       [Fine-tune] Epoch 1/1 - Loss: 0.1779
2026-06-27 22:03:51,236 - [INFO] -       [Fine-tune] Epoch 1/1 - Loss: 0.1750
2026-06-27 22:03:52,681 - [INFO] -       [Fine-tune] Epoch 1/1 - Loss: 0.1722
2026-06-27 22:03:54,121 - [INFO] -       [Fine-tune] Epoch 1/1 - Loss: 0.1695
2026-06-27 22:03:55,544 - [INFO] -       [Fine-tune] Epoch 1/1 - Loss: 0.1668
2026-06-27 22:03:56,980 - [INFO] -       [Fine-tune] Epoch 1/1 - Loss: 0.1641
2026-06-27 22:03:58,364 - [INFO] -       [Fine-tune] Epoch 1/1 - Loss: 0.1615
2026-06-27 22:03:59,862 - [INFO] -       [Fine-tune] Epoch 1/1 - Loss: 0.1589
2026-06-27 22:04:01,232 - [INFO] -       [Fine-tune] Epoch 1/1 - Loss: 0.1563
2026-06-27 22:04:02,643 - [INFO] -       [Fine-tune] Epoch 1/1 - Loss: 0.1538
2026-06-27 22:04:04,049 - [INFO] -       [Fine-tune] Epoch 1/1 - Loss: 0.1513
2026-06-27 22:04:05,471 - [INFO] -       [Fine-tune] Epoch 1/1 - Loss: 0.1489
2026-06-27 22:04:06,879 - [INFO] -       [Fine-tune] Epoch 1/1 - Loss: 0.1465
2026-06-27 22:04:08,336 - [INFO] -       [Fine-tune] Epoch 1/1 - Loss: 0.1441
2026-06-27 22:04:09,726 - [INFO] -       [Fine-tune] Epoch 1/1 - Loss: 0.1418
2026-06-27 22:04:11,246 - [INFO] -       [Fine-tune] Epoch 1/1 - Loss: 0.1395
2026-06-27 22:04:12,718 - [INFO] -       [Fine-tune] Epoch 1/1 - Loss: 0.1372
2026-06-27 22:04:14,164 - [INFO] -       [Fine-tune] Epoch 1/1 - Loss: 0.1350
2026-06-27 22:04:15,622 - [INFO] -       [Fine-tune] Epoch 1/1 - Loss: 0.1328
2026-06-27 22:04:17,034 - [INFO] -       [Fine-tune] Epoch 1/1 - Loss: 0.1306
2026-06-27 22:04:18,445 - [INFO] -       [Fine-tune] Epoch 1/1 - Loss: 0.1285
2026-06-27 22:04:19,882 - [INFO] -       [Fine-tune] Epoch 1/1 - Loss: 0.1264
2026-06-27 22:04:21,310 - [INFO] -       [Fine-tune] Epoch 1/1 - Loss: 0.1244
2026-06-27 22:04:22,763 - [INFO] -       [Fine-tune] Epoch 1/1 - Loss: 0.1223
2026-06-27 22:04:24,283 - [INFO] -       [Fine-tune] Epoch 1/1 - Loss: 0.1203
2026-06-27 22:04:25,787 - [INFO] -       [Fine-tune] Epoch 1/1 - Loss: 0.1184
2026-06-27 22:04:27,278 - [INFO] -       [Fine-tune] Epoch 1/1 - Loss: 0.1164
2026-06-27 22:04:28,716 - [INFO] -       [Fine-tune] Epoch 1/1 - Loss: 0.1145
2026-06-27 22:04:30,168 - [INFO] -       [Fine-tune] Epoch 1/1 - Loss: 0.1126
2026-06-27 22:04:31,654 - [INFO] -       [Fine-tune] Epoch 1/1 - Loss: 0.1108
2026-06-27 22:04:33,126 - [INFO] -       [Fine-tune] Epoch 1/1 - Loss: 0.1090
2026-06-27 22:04:34,577 - [INFO] -       [Fine-tune] Epoch 1/1 - Loss: 0.1072
2026-06-27 22:04:36,000 - [INFO] -       [Fine-tune] Epoch 1/1 - Loss: 0.1054
2026-06-27 22:04:37,375 - [INFO] -       [Fine-tune] Epoch 1/1 - Loss: 0.1037
2026-06-27 22:04:38,296 - [INFO] -   [450/786] S_KAN=0.001051 🟢
2026-06-27 22:04:38,762 - [INFO] -       [Fine-tune] Epoch 1/1 - Loss: 0.1019
2026-06-27 22:04:40,166 - [INFO] -       [Fine-tune] Epoch 1/1 - Loss: 0.1003
2026-06-27 22:04:41,602 - [INFO] -       [Fine-tune] Epoch 1/1 - Loss: 0.0986
2026-06-27 22:04:43,073 - [INFO] -       [Fine-tune] Epoch 1/1 - Loss: 0.0970
2026-06-27 22:04:44,536 - [INFO] -       [Fine-tune] Epoch 1/1 - Loss: 0.0954
2026-06-27 22:04:45,978 - [INFO] -       [Fine-tune] Epoch 1/1 - Loss: 0.0938
2026-06-27 22:04:47,464 - [INFO] -       [Fine-tune] Epoch 1/1 - Loss: 0.0922
2026-06-27 22:04:48,868 - [INFO] -       [Fine-tune] Epoch 1/1 - Loss: 0.0907
2026-06-27 22:04:50,342 - [INFO] -       [Fine-tune] Epoch 1/1 - Loss: 0.0892
2026-06-27 22:04:51,671 - [INFO] -       [Fine-tune] Epoch 1/1 - Loss: 0.0877
2026-06-27 22:04:53,164 - [INFO] -       [Fine-tune] Epoch 1/1 - Loss: 0.0863
2026-06-27 22:04:54,574 - [INFO] -       [Fine-tune] Epoch 1/1 - Loss: 0.0848
2026-06-27 22:04:56,077 - [INFO] -       [Fine-tune] Epoch 1/1 - Loss: 0.0834
2026-06-27 22:04:57,563 - [INFO] -       [Fine-tune] Epoch 1/1 - Loss: 0.0820
2026-06-27 22:04:59,032 - [INFO] -       [Fine-tune] Epoch 1/1 - Loss: 0.0806
2026-06-27 22:05:00,427 - [INFO] -       [Fine-tune] Epoch 1/1 - Loss: 0.0793
2026-06-27 22:05:01,903 - [INFO] -       [Fine-tune] Epoch 1/1 - Loss: 0.0780
2026-06-27 22:05:03,342 - [INFO] -       [Fine-tune] Epoch 1/1 - Loss: 0.0767
2026-06-27 22:05:04,753 - [INFO] -       [Fine-tune] Epoch 1/1 - Loss: 0.0754
2026-06-27 22:05:06,226 - [INFO] -       [Fine-tune] Epoch 1/1 - Loss: 0.0741
2026-06-27 22:05:07,635 - [INFO] -       [Fine-tune] Epoch 1/1 - Loss: 0.0729
2026-06-27 22:05:09,104 - [INFO] -       [Fine-tune] Epoch 1/1 - Loss: 0.0717
2026-06-27 22:05:10,560 - [INFO] -       [Fine-tune] Epoch 1/1 - Loss: 0.0705
2026-06-27 22:05:12,068 - [INFO] -       [Fine-tune] Epoch 1/1 - Loss: 0.0693
2026-06-27 22:05:13,525 - [INFO] -       [Fine-tune] Epoch 1/1 - Loss: 0.0681
2026-06-27 22:05:14,976 - [INFO] -       [Fine-tune] Epoch 1/1 - Loss: 0.0670
2026-06-27 22:05:16,435 - [INFO] -       [Fine-tune] Epoch 1/1 - Loss: 0.0658
2026-06-27 22:05:17,830 - [INFO] -       [Fine-tune] Epoch 1/1 - Loss: 0.0647
2026-06-27 22:05:19,351 - [INFO] -       [Fine-tune] Epoch 1/1 - Loss: 0.0637
2026-06-27 22:05:20,760 - [INFO] -       [Fine-tune] Epoch 1/1 - Loss: 0.0626
2026-06-27 22:05:22,218 - [INFO] -       [Fine-tune] Epoch 1/1 - Loss: 0.0615
2026-06-27 22:05:23,684 - [INFO] -       [Fine-tune] Epoch 1/1 - Loss: 0.0605
2026-06-27 22:05:25,148 - [INFO] -       [Fine-tune] Epoch 1/1 - Loss: 0.0595
2026-06-27 22:05:26,547 - [INFO] -       [Fine-tune] Epoch 1/1 - Loss: 0.0585
2026-06-27 22:05:27,995 - [INFO] -       [Fine-tune] Epoch 1/1 - Loss: 0.0575
2026-06-27 22:05:29,409 - [INFO] -       [Fine-tune] Epoch 1/1 - Loss: 0.0565
2026-06-27 22:05:30,803 - [INFO] -       [Fine-tune] Epoch 1/1 - Loss: 0.0556
2026-06-27 22:05:32,215 - [INFO] -       [Fine-tune] Epoch 1/1 - Loss: 0.0546
2026-06-27 22:05:33,689 - [INFO] -       [Fine-tune] Epoch 1/1 - Loss: 0.0537
2026-06-27 22:05:35,133 - [INFO] -       [Fine-tune] Epoch 1/1 - Loss: 0.0528
2026-06-27 22:05:36,654 - [INFO] -       [Fine-tune] Epoch 1/1 - Loss: 0.0519
2026-06-27 22:05:38,114 - [INFO] -       [Fine-tune] Epoch 1/1 - Loss: 0.0510
2026-06-27 22:05:39,507 - [INFO] -       [Fine-tune] Epoch 1/1 - Loss: 0.0502
2026-06-27 22:05:40,948 - [INFO] -       [Fine-tune] Epoch 1/1 - Loss: 0.0493
2026-06-27 22:05:42,360 - [INFO] -       [Fine-tune] Epoch 1/1 - Loss: 0.0485
2026-06-27 22:05:43,823 - [INFO] -       [Fine-tune] Epoch 1/1 - Loss: 0.0476
2026-06-27 22:05:45,257 - [INFO] -       [Fine-tune] Epoch 1/1 - Loss: 0.0468
2026-06-27 22:05:46,737 - [INFO] -       [Fine-tune] Epoch 1/1 - Loss: 0.0460
2026-06-27 22:05:48,174 - [INFO] -       [Fine-tune] Epoch 1/1 - Loss: 0.0453
2026-06-27 22:05:49,533 - [INFO] -       [Fine-tune] Epoch 1/1 - Loss: 0.0445
2026-06-27 22:05:50,495 - [INFO] -   [500/786] S_KAN=0.001017 🟢
2026-06-27 22:05:50,991 - [INFO] -       [Fine-tune] Epoch 1/1 - Loss: 0.0437
2026-06-27 22:05:52,527 - [INFO] -       [Fine-tune] Epoch 1/1 - Loss: 0.0430
2026-06-27 22:05:53,983 - [INFO] -       [Fine-tune] Epoch 1/1 - Loss: 0.0423
2026-06-27 22:05:55,358 - [INFO] -       [Fine-tune] Epoch 1/1 - Loss: 0.0415
2026-06-27 22:05:56,794 - [INFO] -       [Fine-tune] Epoch 1/1 - Loss: 0.0408
2026-06-27 22:05:58,306 - [INFO] -       [Fine-tune] Epoch 1/1 - Loss: 0.0401
2026-06-27 22:05:59,829 - [INFO] -       [Fine-tune] Epoch 1/1 - Loss: 0.0395
2026-06-27 22:06:01,260 - [INFO] -       [Fine-tune] Epoch 1/1 - Loss: 0.0388
2026-06-27 22:06:02,673 - [INFO] -       [Fine-tune] Epoch 1/1 - Loss: 0.0381
2026-06-27 22:06:04,158 - [INFO] -       [Fine-tune] Epoch 1/1 - Loss: 0.0375
2026-06-27 22:06:05,597 - [INFO] -       [Fine-tune] Epoch 1/1 - Loss: 0.0368
2026-06-27 22:06:07,115 - [INFO] -       [Fine-tune] Epoch 1/1 - Loss: 0.0362
2026-06-27 22:06:08,597 - [INFO] -       [Fine-tune] Epoch 1/1 - Loss: 0.0356
2026-06-27 22:06:10,095 - [INFO] -       [Fine-tune] Epoch 1/1 - Loss: 0.0350
2026-06-27 22:06:11,541 - [INFO] -       [Fine-tune] Epoch 1/1 - Loss: 0.0344
2026-06-27 22:06:13,026 - [INFO] -       [Fine-tune] Epoch 1/1 - Loss: 0.0338
2026-06-27 22:06:14,452 - [INFO] -       [Fine-tune] Epoch 1/1 - Loss: 0.0332
2026-06-27 22:06:15,884 - [INFO] -       [Fine-tune] Epoch 1/1 - Loss: 0.0327
2026-06-27 22:06:17,289 - [INFO] -       [Fine-tune] Epoch 1/1 - Loss: 0.0321
2026-06-27 22:06:18,643 - [INFO] -       [Fine-tune] Epoch 1/1 - Loss: 0.0315
2026-06-27 22:06:20,162 - [INFO] -       [Fine-tune] Epoch 1/1 - Loss: 0.0310
2026-06-27 22:06:21,642 - [INFO] -       [Fine-tune] Epoch 1/1 - Loss: 0.0305
2026-06-27 22:06:23,121 - [INFO] -       [Fine-tune] Epoch 1/1 - Loss: 0.0300
2026-06-27 22:06:24,625 - [INFO] -       [Fine-tune] Epoch 1/1 - Loss: 0.0294
2026-06-27 22:06:26,129 - [INFO] -       [Fine-tune] Epoch 1/1 - Loss: 0.0289
2026-06-27 22:06:27,634 - [INFO] -       [Fine-tune] Epoch 1/1 - Loss: 0.0284
2026-06-27 22:06:29,156 - [INFO] -       [Fine-tune] Epoch 1/1 - Loss: 0.0280
2026-06-27 22:06:30,513 - [INFO] -       [Fine-tune] Epoch 1/1 - Loss: 0.0275
2026-06-27 22:06:31,918 - [INFO] -       [Fine-tune] Epoch 1/1 - Loss: 0.0270
2026-06-27 22:06:33,351 - [INFO] -       [Fine-tune] Epoch 1/1 - Loss: 0.0265
2026-06-27 22:06:34,788 - [INFO] -       [Fine-tune] Epoch 1/1 - Loss: 0.0261
2026-06-27 22:06:36,279 - [INFO] -       [Fine-tune] Epoch 1/1 - Loss: 0.0256
2026-06-27 22:06:37,791 - [INFO] -       [Fine-tune] Epoch 1/1 - Loss: 0.0252
2026-06-27 22:06:39,245 - [INFO] -       [Fine-tune] Epoch 1/1 - Loss: 0.0248
2026-06-27 22:06:40,717 - [INFO] -       [Fine-tune] Epoch 1/1 - Loss: 0.0243
2026-06-27 22:06:42,167 - [INFO] -       [Fine-tune] Epoch 1/1 - Loss: 0.0239
2026-06-27 22:06:43,684 - [INFO] -       [Fine-tune] Epoch 1/1 - Loss: 0.0235
2026-06-27 22:06:45,164 - [INFO] -       [Fine-tune] Epoch 1/1 - Loss: 0.0231
2026-06-27 22:06:46,610 - [INFO] -       [Fine-tune] Epoch 1/1 - Loss: 0.0227
2026-06-27 22:06:48,179 - [INFO] -       [Fine-tune] Epoch 1/1 - Loss: 0.0223
2026-06-27 22:06:49,717 - [INFO] -       [Fine-tune] Epoch 1/1 - Loss: 0.0219
2026-06-27 22:06:51,220 - [INFO] -       [Fine-tune] Epoch 1/1 - Loss: 0.0216
2026-06-27 22:06:52,682 - [INFO] -       [Fine-tune] Epoch 1/1 - Loss: 0.0212
2026-06-27 22:06:54,174 - [INFO] -       [Fine-tune] Epoch 1/1 - Loss: 0.0208
2026-06-27 22:06:55,562 - [INFO] -       [Fine-tune] Epoch 1/1 - Loss: 0.0205
2026-06-27 22:06:57,011 - [INFO] -       [Fine-tune] Epoch 1/1 - Loss: 0.0201
2026-06-27 22:06:58,468 - [INFO] -       [Fine-tune] Epoch 1/1 - Loss: 0.0198
2026-06-27 22:06:59,836 - [INFO] -       [Fine-tune] Epoch 1/1 - Loss: 0.0194
2026-06-27 22:07:01,252 - [INFO] -       [Fine-tune] Epoch 1/1 - Loss: 0.0191
2026-06-27 22:07:02,735 - [INFO] -       [Fine-tune] Epoch 1/1 - Loss: 0.0188
2026-06-27 22:07:03,661 - [INFO] -   [550/786] S_KAN=0.000983 🟢
2026-06-27 22:07:04,123 - [INFO] -       [Fine-tune] Epoch 1/1 - Loss: 0.0184
2026-06-27 22:07:05,562 - [INFO] -       [Fine-tune] Epoch 1/1 - Loss: 0.0181
2026-06-27 22:07:07,088 - [INFO] -       [Fine-tune] Epoch 1/1 - Loss: 0.0178
2026-06-27 22:07:08,596 - [INFO] -       [Fine-tune] Epoch 1/1 - Loss: 0.0175
2026-06-27 22:07:10,081 - [INFO] -       [Fine-tune] Epoch 1/1 - Loss: 0.0172
2026-06-27 22:07:11,590 - [INFO] -       [Fine-tune] Epoch 1/1 - Loss: 0.0169
2026-06-27 22:07:13,121 - [INFO] -       [Fine-tune] Epoch 1/1 - Loss: 0.0166
2026-06-27 22:07:14,518 - [INFO] -       [Fine-tune] Epoch 1/1 - Loss: 0.0163
2026-06-27 22:07:16,034 - [INFO] -       [Fine-tune] Epoch 1/1 - Loss: 0.0161
2026-06-27 22:07:17,536 - [INFO] -       [Fine-tune] Epoch 1/1 - Loss: 0.0158
2026-06-27 22:07:18,993 - [INFO] -       [Fine-tune] Epoch 1/1 - Loss: 0.0155
2026-06-27 22:07:20,429 - [INFO] -       [Fine-tune] Epoch 1/1 - Loss: 0.0152
2026-06-27 22:07:21,916 - [INFO] -       [Fine-tune] Epoch 1/1 - Loss: 0.0150
2026-06-27 22:07:23,326 - [INFO] -       [Fine-tune] Epoch 1/1 - Loss: 0.0147
2026-06-27 22:07:24,721 - [INFO] -       [Fine-tune] Epoch 1/1 - Loss: 0.0145
2026-06-27 22:07:26,213 - [INFO] -       [Fine-tune] Epoch 1/1 - Loss: 0.0142
2026-06-27 22:07:27,617 - [INFO] -       [Fine-tune] Epoch 1/1 - Loss: 0.0140
2026-06-27 22:07:29,030 - [INFO] -       [Fine-tune] Epoch 1/1 - Loss: 0.0137
2026-06-27 22:07:30,555 - [INFO] -       [Fine-tune] Epoch 1/1 - Loss: 0.0135
2026-06-27 22:07:32,135 - [INFO] -       [Fine-tune] Epoch 1/1 - Loss: 0.0133
2026-06-27 22:07:33,672 - [INFO] -       [Fine-tune] Epoch 1/1 - Loss: 0.0130
2026-06-27 22:07:35,097 - [INFO] -       [Fine-tune] Epoch 1/1 - Loss: 0.0128
2026-06-27 22:07:36,556 - [INFO] -       [Fine-tune] Epoch 1/1 - Loss: 0.0126
2026-06-27 22:07:37,991 - [INFO] -       [Fine-tune] Epoch 1/1 - Loss: 0.0124
2026-06-27 22:07:39,399 - [INFO] -       [Fine-tune] Epoch 1/1 - Loss: 0.0122
2026-06-27 22:07:40,878 - [INFO] -       [Fine-tune] Epoch 1/1 - Loss: 0.0119
2026-06-27 22:07:42,306 - [INFO] -       [Fine-tune] Epoch 1/1 - Loss: 0.0117
2026-06-27 22:07:43,721 - [INFO] -       [Fine-tune] Epoch 1/1 - Loss: 0.0115
2026-06-27 22:07:45,175 - [INFO] -       [Fine-tune] Epoch 1/1 - Loss: 0.0113
2026-06-27 22:07:46,648 - [INFO] -       [Fine-tune] Epoch 1/1 - Loss: 0.0111
2026-06-27 22:07:48,133 - [INFO] -       [Fine-tune] Epoch 1/1 - Loss: 0.0110
2026-06-27 22:07:49,546 - [INFO] -       [Fine-tune] Epoch 1/1 - Loss: 0.0108
2026-06-27 22:07:51,130 - [INFO] -       [Fine-tune] Epoch 1/1 - Loss: 0.0106
2026-06-27 22:07:52,646 - [INFO] -       [Fine-tune] Epoch 1/1 - Loss: 0.0104
2026-06-27 22:07:54,146 - [INFO] -       [Fine-tune] Epoch 1/1 - Loss: 0.0102
2026-06-27 22:07:55,512 - [INFO] -       [Fine-tune] Epoch 1/1 - Loss: 0.0100
2026-06-27 22:07:56,910 - [INFO] -       [Fine-tune] Epoch 1/1 - Loss: 0.0099
2026-06-27 22:07:58,392 - [INFO] -       [Fine-tune] Epoch 1/1 - Loss: 0.0097
2026-06-27 22:07:59,826 - [INFO] -       [Fine-tune] Epoch 1/1 - Loss: 0.0095
2026-06-27 22:08:01,322 - [INFO] -       [Fine-tune] Epoch 1/1 - Loss: 0.0094
2026-06-27 22:08:02,707 - [INFO] -       [Fine-tune] Epoch 1/1 - Loss: 0.0092
2026-06-27 22:08:04,144 - [INFO] -       [Fine-tune] Epoch 1/1 - Loss: 0.0090
2026-06-27 22:08:05,643 - [INFO] -       [Fine-tune] Epoch 1/1 - Loss: 0.0089
2026-06-27 22:08:07,013 - [INFO] -       [Fine-tune] Epoch 1/1 - Loss: 0.0087
2026-06-27 22:08:08,397 - [INFO] -       [Fine-tune] Epoch 1/1 - Loss: 0.0086
2026-06-27 22:08:09,806 - [INFO] -       [Fine-tune] Epoch 1/1 - Loss: 0.0084
2026-06-27 22:08:11,292 - [INFO] -       [Fine-tune] Epoch 1/1 - Loss: 0.0083
2026-06-27 22:08:12,700 - [INFO] -       [Fine-tune] Epoch 1/1 - Loss: 0.0081
2026-06-27 22:08:14,088 - [INFO] -       [Fine-tune] Epoch 1/1 - Loss: 0.0080
2026-06-27 22:08:15,533 - [INFO] -       [Fine-tune] Epoch 1/1 - Loss: 0.0079
2026-06-27 22:08:16,494 - [INFO] -   [600/786] S_KAN=0.000948 🟢
2026-06-27 22:08:16,962 - [INFO] -       [Fine-tune] Epoch 1/1 - Loss: 0.0077
2026-06-27 22:08:18,397 - [INFO] -       [Fine-tune] Epoch 1/1 - Loss: 0.0076
2026-06-27 22:08:19,756 - [INFO] -       [Fine-tune] Epoch 1/1 - Loss: 0.0075
2026-06-27 22:08:21,190 - [INFO] -       [Fine-tune] Epoch 1/1 - Loss: 0.0073
2026-06-27 22:08:22,643 - [INFO] -       [Fine-tune] Epoch 1/1 - Loss: 0.0072
2026-06-27 22:08:24,064 - [INFO] -       [Fine-tune] Epoch 1/1 - Loss: 0.0071
2026-06-27 22:08:25,615 - [INFO] -       [Fine-tune] Epoch 1/1 - Loss: 0.0070
2026-06-27 22:08:27,144 - [INFO] -       [Fine-tune] Epoch 1/1 - Loss: 0.0068
2026-06-27 22:08:28,649 - [INFO] -       [Fine-tune] Epoch 1/1 - Loss: 0.0067
2026-06-27 22:08:30,155 - [INFO] -       [Fine-tune] Epoch 1/1 - Loss: 0.0066
2026-06-27 22:08:31,616 - [INFO] -       [Fine-tune] Epoch 1/1 - Loss: 0.0065
2026-06-27 22:08:33,195 - [INFO] -       [Fine-tune] Epoch 1/1 - Loss: 0.0064
2026-06-27 22:08:34,610 - [INFO] -       [Fine-tune] Epoch 1/1 - Loss: 0.0063
2026-06-27 22:08:36,082 - [INFO] -       [Fine-tune] Epoch 1/1 - Loss: 0.0062
2026-06-27 22:08:37,514 - [INFO] -       [Fine-tune] Epoch 1/1 - Loss: 0.0061
2026-06-27 22:08:38,990 - [INFO] -       [Fine-tune] Epoch 1/1 - Loss: 0.0059
2026-06-27 22:08:40,403 - [INFO] -       [Fine-tune] Epoch 1/1 - Loss: 0.0058
2026-06-27 22:08:41,848 - [INFO] -       [Fine-tune] Epoch 1/1 - Loss: 0.0057
2026-06-27 22:08:43,290 - [INFO] -       [Fine-tune] Epoch 1/1 - Loss: 0.0056
2026-06-27 22:08:44,761 - [INFO] -       [Fine-tune] Epoch 1/1 - Loss: 0.0055
2026-06-27 22:08:46,167 - [INFO] -       [Fine-tune] Epoch 1/1 - Loss: 0.0055
2026-06-27 22:08:47,625 - [INFO] -       [Fine-tune] Epoch 1/1 - Loss: 0.0054
2026-06-27 22:08:49,029 - [INFO] -       [Fine-tune] Epoch 1/1 - Loss: 0.0053
2026-06-27 22:08:50,456 - [INFO] -       [Fine-tune] Epoch 1/1 - Loss: 0.0052
2026-06-27 22:08:52,003 - [INFO] -       [Fine-tune] Epoch 1/1 - Loss: 0.0051
2026-06-27 22:08:53,512 - [INFO] -       [Fine-tune] Epoch 1/1 - Loss: 0.0050
2026-06-27 22:08:54,956 - [INFO] -       [Fine-tune] Epoch 1/1 - Loss: 0.0049
2026-06-27 22:08:56,541 - [INFO] -       [Fine-tune] Epoch 1/1 - Loss: 0.0048
2026-06-27 22:08:58,031 - [INFO] -       [Fine-tune] Epoch 1/1 - Loss: 0.0047
2026-06-27 22:08:59,573 - [INFO] -       [Fine-tune] Epoch 1/1 - Loss: 0.0047
2026-06-27 22:09:01,090 - [INFO] -       [Fine-tune] Epoch 1/1 - Loss: 0.0046
2026-06-27 22:09:02,598 - [INFO] -       [Fine-tune] Epoch 1/1 - Loss: 0.0045
2026-06-27 22:09:04,059 - [INFO] -       [Fine-tune] Epoch 1/1 - Loss: 0.0044
2026-06-27 22:09:05,503 - [INFO] -       [Fine-tune] Epoch 1/1 - Loss: 0.0043
2026-06-27 22:09:06,972 - [INFO] -       [Fine-tune] Epoch 1/1 - Loss: 0.0043
2026-06-27 22:09:08,365 - [INFO] -       [Fine-tune] Epoch 1/1 - Loss: 0.0042
2026-06-27 22:09:09,854 - [INFO] -       [Fine-tune] Epoch 1/1 - Loss: 0.0041
2026-06-27 22:09:11,277 - [INFO] -       [Fine-tune] Epoch 1/1 - Loss: 0.0040
2026-06-27 22:09:12,770 - [INFO] -       [Fine-tune] Epoch 1/1 - Loss: 0.0040
2026-06-27 22:09:14,294 - [INFO] -       [Fine-tune] Epoch 1/1 - Loss: 0.0039
2026-06-27 22:09:15,694 - [INFO] -       [Fine-tune] Epoch 1/1 - Loss: 0.0038
2026-06-27 22:09:17,111 - [INFO] -       [Fine-tune] Epoch 1/1 - Loss: 0.0038
2026-06-27 22:09:18,553 - [INFO] -       [Fine-tune] Epoch 1/1 - Loss: 0.0037
2026-06-27 22:09:20,030 - [INFO] -       [Fine-tune] Epoch 1/1 - Loss: 0.0036
2026-06-27 22:09:21,498 - [INFO] -       [Fine-tune] Epoch 1/1 - Loss: 0.0036
2026-06-27 22:09:23,007 - [INFO] -       [Fine-tune] Epoch 1/1 - Loss: 0.0035
2026-06-27 22:09:24,438 - [INFO] -       [Fine-tune] Epoch 1/1 - Loss: 0.0035
2026-06-27 22:09:25,875 - [INFO] -       [Fine-tune] Epoch 1/1 - Loss: 0.0034
2026-06-27 22:09:27,299 - [INFO] -       [Fine-tune] Epoch 1/1 - Loss: 0.0033
2026-06-27 22:09:28,791 - [INFO] -       [Fine-tune] Epoch 1/1 - Loss: 0.0033
2026-06-27 22:09:29,811 - [INFO] -   [650/786] S_KAN=0.000912 🟢
2026-06-27 22:09:30,313 - [INFO] -       [Fine-tune] Epoch 1/1 - Loss: 0.0032
2026-06-27 22:09:31,785 - [INFO] -       [Fine-tune] Epoch 1/1 - Loss: 0.0032
2026-06-27 22:09:33,213 - [INFO] -       [Fine-tune] Epoch 1/1 - Loss: 0.0031
2026-06-27 22:09:34,737 - [INFO] -       [Fine-tune] Epoch 1/1 - Loss: 0.0031
2026-06-27 22:09:36,188 - [INFO] -       [Fine-tune] Epoch 1/1 - Loss: 0.0030
2026-06-27 22:09:37,662 - [INFO] -       [Fine-tune] Epoch 1/1 - Loss: 0.0030
2026-06-27 22:09:39,006 - [INFO] -       [Fine-tune] Epoch 1/1 - Loss: 0.0029
2026-06-27 22:09:40,426 - [INFO] -       [Fine-tune] Epoch 1/1 - Loss: 0.0029
2026-06-27 22:09:41,918 - [INFO] -       [Fine-tune] Epoch 1/1 - Loss: 0.0028
2026-06-27 22:09:43,356 - [INFO] -       [Fine-tune] Epoch 1/1 - Loss: 0.0028
2026-06-27 22:09:44,740 - [INFO] -       [Fine-tune] Epoch 1/1 - Loss: 0.0027
2026-06-27 22:09:46,190 - [INFO] -       [Fine-tune] Epoch 1/1 - Loss: 0.0027
2026-06-27 22:09:47,654 - [INFO] -       [Fine-tune] Epoch 1/1 - Loss: 0.0026
2026-06-27 22:09:49,083 - [INFO] -       [Fine-tune] Epoch 1/1 - Loss: 0.0026
2026-06-27 22:09:50,529 - [INFO] -       [Fine-tune] Epoch 1/1 - Loss: 0.0025
2026-06-27 22:09:52,021 - [INFO] -       [Fine-tune] Epoch 1/1 - Loss: 0.0025
2026-06-27 22:09:53,512 - [INFO] -       [Fine-tune] Epoch 1/1 - Loss: 0.0024
2026-06-27 22:09:55,011 - [INFO] -       [Fine-tune] Epoch 1/1 - Loss: 0.0024
2026-06-27 22:09:56,430 - [INFO] -       [Fine-tune] Epoch 1/1 - Loss: 0.0024
2026-06-27 22:09:57,951 - [INFO] -       [Fine-tune] Epoch 1/1 - Loss: 0.0023
2026-06-27 22:09:59,421 - [INFO] -       [Fine-tune] Epoch 1/1 - Loss: 0.0023
2026-06-27 22:10:00,929 - [INFO] -       [Fine-tune] Epoch 1/1 - Loss: 0.0022
2026-06-27 22:10:02,457 - [INFO] -       [Fine-tune] Epoch 1/1 - Loss: 0.0022
2026-06-27 22:10:03,885 - [INFO] -       [Fine-tune] Epoch 1/1 - Loss: 0.0022
2026-06-27 22:10:05,341 - [INFO] -       [Fine-tune] Epoch 1/1 - Loss: 0.0021
2026-06-27 22:10:06,746 - [INFO] -       [Fine-tune] Epoch 1/1 - Loss: 0.0021
2026-06-27 22:10:08,240 - [INFO] -       [Fine-tune] Epoch 1/1 - Loss: 0.0020
2026-06-27 22:10:09,641 - [INFO] -       [Fine-tune] Epoch 1/1 - Loss: 0.0020
2026-06-27 22:10:11,106 - [INFO] -       [Fine-tune] Epoch 1/1 - Loss: 0.0020
2026-06-27 22:10:12,525 - [INFO] -       [Fine-tune] Epoch 1/1 - Loss: 0.0019
2026-06-27 22:10:13,974 - [INFO] -       [Fine-tune] Epoch 1/1 - Loss: 0.0019
2026-06-27 22:10:15,398 - [INFO] -       [Fine-tune] Epoch 1/1 - Loss: 0.0019
2026-06-27 22:10:16,936 - [INFO] -       [Fine-tune] Epoch 1/1 - Loss: 0.0018
2026-06-27 22:10:18,364 - [INFO] -       [Fine-tune] Epoch 1/1 - Loss: 0.0018
2026-06-27 22:10:19,816 - [INFO] -       [Fine-tune] Epoch 1/1 - Loss: 0.0018
2026-06-27 22:10:21,269 - [INFO] -       [Fine-tune] Epoch 1/1 - Loss: 0.0018
2026-06-27 22:10:22,716 - [INFO] -       [Fine-tune] Epoch 1/1 - Loss: 0.0017
2026-06-27 22:10:24,193 - [INFO] -       [Fine-tune] Epoch 1/1 - Loss: 0.0017
2026-06-27 22:10:25,661 - [INFO] -       [Fine-tune] Epoch 1/1 - Loss: 0.0017
2026-06-27 22:10:27,074 - [INFO] -       [Fine-tune] Epoch 1/1 - Loss: 0.0016
2026-06-27 22:10:28,501 - [INFO] -       [Fine-tune] Epoch 1/1 - Loss: 0.0016
2026-06-27 22:10:29,938 - [INFO] -       [Fine-tune] Epoch 1/1 - Loss: 0.0016
2026-06-27 22:10:31,443 - [INFO] -       [Fine-tune] Epoch 1/1 - Loss: 0.0015
2026-06-27 22:10:32,867 - [INFO] -       [Fine-tune] Epoch 1/1 - Loss: 0.0015
2026-06-27 22:10:34,326 - [INFO] -       [Fine-tune] Epoch 1/1 - Loss: 0.0015
2026-06-27 22:10:35,801 - [INFO] -       [Fine-tune] Epoch 1/1 - Loss: 0.0015
2026-06-27 22:10:37,282 - [INFO] -       [Fine-tune] Epoch 1/1 - Loss: 0.0014
2026-06-27 22:10:38,734 - [INFO] -       [Fine-tune] Epoch 1/1 - Loss: 0.0014
2026-06-27 22:10:40,238 - [INFO] -       [Fine-tune] Epoch 1/1 - Loss: 0.0014
2026-06-27 22:10:41,753 - [INFO] -       [Fine-tune] Epoch 1/1 - Loss: 0.0014
2026-06-27 22:10:42,698 - [INFO] -   [700/786] S_KAN=0.000876 🟢
2026-06-27 22:10:43,185 - [INFO] -       [Fine-tune] Epoch 1/1 - Loss: 0.0013
2026-06-27 22:10:44,615 - [INFO] -       [Fine-tune] Epoch 1/1 - Loss: 0.0013
2026-06-27 22:10:46,012 - [INFO] -       [Fine-tune] Epoch 1/1 - Loss: 0.0013
2026-06-27 22:10:47,435 - [INFO] -       [Fine-tune] Epoch 1/1 - Loss: 0.0013
2026-06-27 22:10:48,895 - [INFO] -       [Fine-tune] Epoch 1/1 - Loss: 0.0013
2026-06-27 22:10:50,290 - [INFO] -       [Fine-tune] Epoch 1/1 - Loss: 0.0012
2026-06-27 22:10:51,760 - [INFO] -       [Fine-tune] Epoch 1/1 - Loss: 0.0012
2026-06-27 22:10:53,199 - [INFO] -       [Fine-tune] Epoch 1/1 - Loss: 0.0012
2026-06-27 22:10:54,643 - [INFO] -       [Fine-tune] Epoch 1/1 - Loss: 0.0012
2026-06-27 22:10:56,087 - [INFO] -       [Fine-tune] Epoch 1/1 - Loss: 0.0012
2026-06-27 22:10:57,575 - [INFO] -       [Fine-tune] Epoch 1/1 - Loss: 0.0011
2026-06-27 22:10:59,046 - [INFO] -       [Fine-tune] Epoch 1/1 - Loss: 0.0011
2026-06-27 22:11:00,530 - [INFO] -       [Fine-tune] Epoch 1/1 - Loss: 0.0011
2026-06-27 22:11:01,991 - [INFO] -       [Fine-tune] Epoch 1/1 - Loss: 0.0011
2026-06-27 22:11:03,420 - [INFO] -       [Fine-tune] Epoch 1/1 - Loss: 0.0011
2026-06-27 22:11:04,871 - [INFO] -       [Fine-tune] Epoch 1/1 - Loss: 0.0010
2026-06-27 22:11:06,395 - [INFO] -       [Fine-tune] Epoch 1/1 - Loss: 0.0010
2026-06-27 22:11:07,826 - [INFO] -       [Fine-tune] Epoch 1/1 - Loss: 0.0010
2026-06-27 22:11:09,258 - [INFO] -       [Fine-tune] Epoch 1/1 - Loss: 0.0010
2026-06-27 22:11:10,721 - [INFO] -       [Fine-tune] Epoch 1/1 - Loss: 0.0010
2026-06-27 22:11:12,160 - [INFO] -       [Fine-tune] Epoch 1/1 - Loss: 0.0009
2026-06-27 22:11:13,734 - [INFO] -       [Fine-tune] Epoch 1/1 - Loss: 0.0009
2026-06-27 22:11:15,167 - [INFO] -       [Fine-tune] Epoch 1/1 - Loss: 0.0009
2026-06-27 22:11:16,554 - [INFO] -       [Fine-tune] Epoch 1/1 - Loss: 0.0009
2026-06-27 22:11:18,025 - [INFO] -       [Fine-tune] Epoch 1/1 - Loss: 0.0009
2026-06-27 22:11:19,510 - [INFO] -       [Fine-tune] Epoch 1/1 - Loss: 0.0009
2026-06-27 22:11:20,982 - [INFO] -       [Fine-tune] Epoch 1/1 - Loss: 0.0009
2026-06-27 22:11:22,432 - [INFO] -       [Fine-tune] Epoch 1/1 - Loss: 0.0008
2026-06-27 22:11:23,918 - [INFO] -       [Fine-tune] Epoch 1/1 - Loss: 0.0008
2026-06-27 22:11:25,367 - [INFO] -       [Fine-tune] Epoch 1/1 - Loss: 0.0008
2026-06-27 22:11:26,826 - [INFO] -       [Fine-tune] Epoch 1/1 - Loss: 0.0008
2026-06-27 22:11:28,235 - [INFO] -       [Fine-tune] Epoch 1/1 - Loss: 0.0008
2026-06-27 22:11:29,687 - [INFO] -       [Fine-tune] Epoch 1/1 - Loss: 0.0008
2026-06-27 22:11:31,116 - [INFO] -       [Fine-tune] Epoch 1/1 - Loss: 0.0008
2026-06-27 22:11:32,564 - [INFO] -       [Fine-tune] Epoch 1/1 - Loss: 0.0007
2026-06-27 22:11:33,985 - [INFO] -       [Fine-tune] Epoch 1/1 - Loss: 0.0007
2026-06-27 22:11:35,476 - [INFO] -       [Fine-tune] Epoch 1/1 - Loss: 0.0007
2026-06-27 22:11:36,916 - [INFO] -       [Fine-tune] Epoch 1/1 - Loss: 0.0007
2026-06-27 22:11:38,414 - [INFO] -       [Fine-tune] Epoch 1/1 - Loss: 0.0007
2026-06-27 22:11:39,867 - [INFO] -       [Fine-tune] Epoch 1/1 - Loss: 0.0007
2026-06-27 22:11:41,545 - [INFO] -       [Fine-tune] Epoch 1/1 - Loss: 0.0006
2026-06-27 22:11:43,134 - [INFO] -       [Fine-tune] Epoch 1/1 - Loss: 0.0005
2026-06-27 22:11:44,663 - [INFO] -       [Fine-tune] Epoch 1/1 - Loss: 0.0004
2026-06-27 22:11:46,308 - [INFO] -       [Fine-tune] Epoch 1/1 - Loss: 0.0003
2026-06-27 22:11:47,935 - [INFO] -       [Fine-tune] Epoch 1/1 - Loss: 0.0002
2026-06-27 22:11:49,504 - [INFO] -       [Fine-tune] Epoch 1/1 - Loss: 0.0002
2026-06-27 22:11:51,079 - [INFO] -       [Fine-tune] Epoch 1/1 - Loss: 0.0002
2026-06-27 22:11:52,593 - [INFO] -       [Fine-tune] Epoch 1/1 - Loss: 0.0002
2026-06-27 22:11:54,172 - [INFO] -       [Fine-tune] Epoch 1/1 - Loss: 0.0001
2026-06-27 22:11:55,799 - [INFO] -       [Fine-tune] Epoch 1/1 - Loss: 0.0001
2026-06-27 22:11:56,775 - [INFO] -   [750/786] S_KAN=0.002559 🟢
2026-06-27 22:11:57,344 - [INFO] -       [Fine-tune] Epoch 1/1 - Loss: 0.0001
2026-06-27 22:11:58,955 - [INFO] -       [Fine-tune] Epoch 1/1 - Loss: 0.0001
2026-06-27 22:12:00,586 - [INFO] -       [Fine-tune] Epoch 1/1 - Loss: 0.0001
2026-06-27 22:12:02,250 - [INFO] -       [Fine-tune] Epoch 1/1 - Loss: 0.0001
2026-06-27 22:12:03,779 - [INFO] -       [Fine-tune] Epoch 1/1 - Loss: 0.0001
2026-06-27 22:12:05,407 - [INFO] -       [Fine-tune] Epoch 1/1 - Loss: 0.0001
2026-06-27 22:12:07,000 - [INFO] -       [Fine-tune] Epoch 1/1 - Loss: 0.0001
2026-06-27 22:12:08,681 - [INFO] -       [Fine-tune] Epoch 1/1 - Loss: 0.0001
2026-06-27 22:12:10,263 - [INFO] -       [Fine-tune] Epoch 1/1 - Loss: 0.0001
2026-06-27 22:12:11,796 - [INFO] -       [Fine-tune] Epoch 1/1 - Loss: 0.0001
2026-06-27 22:12:13,447 - [INFO] -       [Fine-tune] Epoch 1/1 - Loss: 0.0001
2026-06-27 22:12:15,048 - [INFO] -       [Fine-tune] Epoch 1/1 - Loss: 0.0000
2026-06-27 22:12:16,639 - [INFO] -       [Fine-tune] Epoch 1/1 - Loss: 0.0000
2026-06-27 22:12:18,208 - [INFO] -       [Fine-tune] Epoch 1/1 - Loss: 0.0000
2026-06-27 22:12:19,811 - [INFO] -       [Fine-tune] Epoch 1/1 - Loss: 0.0000
2026-06-27 22:12:21,378 - [INFO] -       [Fine-tune] Epoch 1/1 - Loss: 0.0000
2026-06-27 22:12:22,889 - [INFO] -       [Fine-tune] Epoch 1/1 - Loss: 0.0000
2026-06-27 22:12:24,388 - [INFO] -       [Fine-tune] Epoch 1/1 - Loss: 0.0000
2026-06-27 22:12:25,962 - [INFO] -       [Fine-tune] Epoch 1/1 - Loss: 0.0000
2026-06-27 22:12:27,533 - [INFO] -       [Fine-tune] Epoch 1/1 - Loss: 0.0000
2026-06-27 22:12:29,675 - [INFO] -       [Fine-tune] Epoch 1/1 - Loss: 0.0000
2026-06-27 22:12:33,149 - [INFO] -       [Fine-tune] Epoch 1/1 - Loss: 0.0000
2026-06-27 22:12:34,816 - [INFO] -       [Fine-tune] Epoch 1/1 - Loss: 14.3326
2026-06-27 22:12:36,810 - [INFO] -       [Fine-tune] Epoch 1/1 - Loss: 0.0000
2026-06-27 22:12:40,396 - [INFO] -       [Fine-tune] Epoch 1/1 - Loss: 11.5643
2026-06-27 22:12:44,137 - [INFO] -       [Fine-tune] Epoch 1/1 - Loss: 8.2481
2026-06-27 22:12:48,081 - [INFO] -       [Fine-tune] Epoch 1/1 - Loss: 10.8341
2026-06-27 22:13:06,886 - [INFO] -       [Fine-tune] Epoch 1/1 - Loss: 1.3839
2026-06-27 22:13:10,886 - [INFO] -       [Fine-tune] Epoch 1/1 - Loss: 7.9607
2026-06-27 22:13:14,728 - [INFO] -       [Fine-tune] Epoch 1/1 - Loss: 0.0108
2026-06-27 22:13:18,538 - [INFO] -       [Fine-tune] Epoch 1/1 - Loss: 0.0123
2026-06-27 22:13:21,881 - [INFO] -       [Fine-tune] Epoch 1/1 - Loss: 1.1431
2026-06-27 22:13:24,055 - [INFO] -       [Fine-tune] Epoch 1/1 - Loss: 3.0216
2026-06-27 22:13:27,775 - [INFO] -       [Fine-tune] Epoch 1/1 - Loss: 5.7431
2026-06-27 22:13:29,343 - [INFO] -       [Fine-tune] Epoch 1/1 - Loss: 3.5783
2026-06-27 22:13:30,998 - [INFO] -       [Fine-tune] Epoch 1/1 - Loss: 5.4862
2026-06-27 22:13:32,046 - [INFO] - 
📊 Phân tích Explainability...
2026-06-27 22:13:32,053 - [INFO] - 
🔍 Top-20 hệ số Chebyshev thay đổi nhiều nhất:
2026-06-27 22:13:32,054 - [INFO] -   #1: Coeff[921] | Mean Δ = 0.109899 | Std = 0.029838
2026-06-27 22:13:32,054 - [INFO] -   #2: Coeff[941] | Mean Δ = 0.109693 | Std = 0.032599
2026-06-27 22:13:32,054 - [INFO] -   #3: Coeff[905] | Mean Δ = 0.109531 | Std = 0.029669
2026-06-27 22:13:32,055 - [INFO] -   #4: Coeff[904] | Mean Δ = 0.109324 | Std = 0.032917
2026-06-27 22:13:32,055 - [INFO] -   #5: Coeff[992] | Mean Δ = 0.109324 | Std = 0.032917
2026-06-27 22:13:32,055 - [INFO] -   #6: Coeff[976] | Mean Δ = 0.109324 | Std = 0.032917
2026-06-27 22:13:32,056 - [INFO] -   #7: Coeff[980] | Mean Δ = 0.109324 | Std = 0.032917
2026-06-27 22:13:32,056 - [INFO] -   #8: Coeff[924] | Mean Δ = 0.109324 | Std = 0.032917
2026-06-27 22:13:32,056 - [INFO] -   #9: Coeff[936] | Mean Δ = 0.109324 | Std = 0.032917
2026-06-27 22:13:32,056 - [INFO] -   #10: Coeff[896] | Mean Δ = 0.109324 | Std = 0.032917
2026-06-27 22:13:32,057 - [INFO] -   #11: Coeff[928] | Mean Δ = 0.109324 | Std = 0.032917
2026-06-27 22:13:32,057 - [INFO] -   #12: Coeff[940] | Mean Δ = 0.109324 | Std = 0.032917
2026-06-27 22:13:32,057 - [INFO] -   #13: Coeff[964] | Mean Δ = 0.109324 | Std = 0.032917
2026-06-27 22:13:32,058 - [INFO] -   #14: Coeff[920] | Mean Δ = 0.109324 | Std = 0.032917
2026-06-27 22:13:32,059 - [INFO] -   #15: Coeff[932] | Mean Δ = 0.109324 | Std = 0.032917
2026-06-27 22:13:32,059 - [INFO] -   #16: Coeff[944] | Mean Δ = 0.109324 | Std = 0.032917
2026-06-27 22:13:32,060 - [INFO] -   #17: Coeff[1020] | Mean Δ = 0.109324 | Std = 0.032917
2026-06-27 22:13:32,060 - [INFO] -   #18: Coeff[916] | Mean Δ = 0.109324 | Std = 0.032917
2026-06-27 22:13:32,060 - [INFO] -   #19: Coeff[972] | Mean Δ = 0.109324 | Std = 0.032917
2026-06-27 22:13:32,061 - [INFO] -   #20: Coeff[968] | Mean Δ = 0.109324 | Std = 0.032917
2026-06-27 22:13:33,006 - [INFO] - 📈 Heatmap đã lưu: /data/quyhv/Geo_KAN_Project/reports/Explainability_Experiment/coefficient_heatmap.png
2026-06-27 22:13:33,986 - [INFO] - 📈 PCA plot đã lưu: /data/quyhv/Geo_KAN_Project/reports/Explainability_Experiment/coefficient_pca.png
2026-06-27 22:13:34,039 - [INFO] - 
✅ Hoàn thành Explainability Experiment (H4).
