2026-04-11 10:00:57,194 - [INFO] - 🚀 BẮT ĐẦU CHẠY THỰC NGHIỆM: v3_Attention_TKAN_FocalLoss_Merged
2026-04-11 10:00:57,194 - [INFO] - 📂 Đang nạp dữ liệu từ: /home/quyhv/Geo_KAN_Project/dataset/processed/Phase1_Train
2026-04-11 10:06:39,529 - [INFO] - 
==================== EPOCH 1 ====================
2026-04-11 11:16:46,977 - [INFO] - 
📊 BÁO CÁO KẾT QUẢ EPOCH 1:
              precision    recall  f1-score   support

      Benign     0.7509    0.8294    0.7882    239992
      Botnet     0.2875    0.9872    0.4453    348776
 Brute_Force     0.0048    0.9205    0.0095      2678
        DDoS     0.9998    0.1208    0.2155  14892160
         DoS     0.4293    0.8514    0.5708   3357559
Infiltration     0.7238    0.9148    0.8082     97363
Other_Attack     0.4374    0.9767    0.6042   4017482
    PortScan     0.0576    0.7832    0.1073     70979
  Web_Attack     0.0014    0.8767    0.0029      4143

    accuracy                         0.4027  23031132
   macro avg     0.4103    0.8067    0.3947  23031132
weighted avg     0.8008    0.4027    0.3467  23031132

2026-04-11 11:16:46,977 - [INFO] - 👉 Validation Loss: 0.0000
2026-04-11 11:16:56,162 - [INFO] - 
==================== EPOCH 2 ====================
2026-04-11 12:27:42,464 - [INFO] - 
📊 BÁO CÁO KẾT QUẢ EPOCH 2:
              precision    recall  f1-score   support

      Benign     0.7587    0.9087    0.8270    239992
      Botnet     0.9135    0.9901    0.9503    348776
 Brute_Force     0.0659    0.9653    0.1234      2678
        DDoS     0.9983    0.5168    0.6810  14892160
         DoS     0.5447    0.9064    0.6805   3357559
Infiltration     0.8185    0.9373    0.8739     97363
Other_Attack     0.4813    0.9925    0.6482   4017482
    PortScan     0.3069    0.8751    0.4544     70979
  Web_Attack     0.0078    0.8129    0.0155      4143

    accuracy                         0.6708  23031132
   macro avg     0.5440    0.8783    0.5838  23031132
weighted avg     0.8350    0.6708    0.6807  23031132

2026-04-11 12:27:42,464 - [INFO] - 👉 Validation Loss: 0.0000
2026-04-11 12:27:52,292 - [INFO] - 
==================== EPOCH 3 ====================
2026-04-11 13:38:40,139 - [INFO] - 
📊 BÁO CÁO KẾT QUẢ EPOCH 3:
              precision    recall  f1-score   support

      Benign     0.8228    0.9375    0.8764    239992
      Botnet     0.9802    0.9883    0.9842    348776
 Brute_Force     0.1169    0.9600    0.2084      2678
        DDoS     0.9982    0.6595    0.7942  14892160
         DoS     0.5408    0.9457    0.6881   3357559
Infiltration     0.8646    0.9474    0.9041     97363
Other_Attack     0.6415    0.9944    0.7799   4017482
    PortScan     0.4596    0.9081    0.6103     70979
  Web_Attack     0.0173    0.8262    0.0339      4143

    accuracy                         0.7696  23031132
   macro avg     0.6046    0.9075    0.6533  23031132
weighted avg     0.8647    0.7696    0.7797  23031132

2026-04-11 13:38:40,139 - [INFO] - 👉 Validation Loss: 0.0000
2026-04-11 13:38:51,253 - [INFO] - 
==================== EPOCH 4 ====================
2026-04-11 14:48:49,543 - [INFO] - 
📊 BÁO CÁO KẾT QUẢ EPOCH 4:
              precision    recall  f1-score   support

      Benign     0.8714    0.9380    0.9035    239992
      Botnet     0.9943    0.9759    0.9850    348776
 Brute_Force     0.1138    0.9787    0.2039      2678
        DDoS     0.9982    0.6930    0.8181  14892160
         DoS     0.5645    0.9630    0.7118   3357559
Infiltration     0.8528    0.9638    0.9049     97363
Other_Attack     0.6666    0.9951    0.7984   4017482
    PortScan     0.6010    0.9234    0.7281     70979
  Web_Attack     0.0272    0.8175    0.0527      4143

    accuracy                         0.7938  23031132
   macro avg     0.6322    0.9165    0.6785  23031132
weighted avg     0.8736    0.7938    0.8024  23031132

2026-04-11 14:48:49,543 - [INFO] - 👉 Validation Loss: 0.0000
2026-04-11 14:48:58,394 - [INFO] - 
==================== EPOCH 5 ====================
2026-04-11 15:59:04,323 - [INFO] - 
📊 BÁO CÁO KẾT QUẢ EPOCH 5:
              precision    recall  f1-score   support

      Benign     0.8973    0.9466    0.9213    239992
      Botnet     0.9949    0.9890    0.9919    348776
 Brute_Force     0.1361    0.9798    0.2390      2678
        DDoS     0.9981    0.7029    0.8249  14892160
         DoS     0.5614    0.9731    0.7120   3357559
Infiltration     0.8724    0.9638    0.9158     97363
Other_Attack     0.6885    0.9952    0.8139   4017482
    PortScan     0.6196    0.8886    0.7301     70979
  Web_Attack     0.0379    0.8071    0.0725      4143

    accuracy                         0.8019  23031132
   macro avg     0.6451    0.9162    0.6913  23031132
weighted avg     0.8773    0.8019    0.8099  23031132

2026-04-11 15:59:04,323 - [INFO] - 👉 Validation Loss: 0.0000
2026-04-11 15:59:14,187 - [INFO] - 
==================== EPOCH 6 ====================
2026-04-11 17:08:43,640 - [INFO] - 
📊 BÁO CÁO KẾT QUẢ EPOCH 6:
              precision    recall  f1-score   support

      Benign     0.9035    0.9535    0.9278    239992
      Botnet     0.9970    0.9885    0.9927    348776
 Brute_Force     0.1866    0.9604    0.3125      2678
        DDoS     0.9981    0.7145    0.8328  14892160
         DoS     0.5687    0.9778    0.7191   3357559
Infiltration     0.8844    0.9654    0.9231     97363
Other_Attack     0.6992    0.9956    0.8215   4017482
    PortScan     0.7134    0.9099    0.7998     70979
  Web_Attack     0.0526    0.8395    0.0990      4143

    accuracy                         0.8103  23031132
   macro avg     0.6670    0.9228    0.7143  23031132
weighted avg     0.8807    0.8103    0.8178  23031132

2026-04-11 17:08:43,641 - [INFO] - 👉 Validation Loss: 0.0000
2026-04-11 17:08:53,405 - [INFO] - 
==================== EPOCH 7 ====================
2026-04-11 18:17:27,124 - [INFO] - 
📊 BÁO CÁO KẾT QUẢ EPOCH 7:
              precision    recall  f1-score   support

      Benign     0.9121    0.9599    0.9354    239992
      Botnet     0.9991    0.9766    0.9877    348776
 Brute_Force     0.1494    0.9925    0.2596      2678
        DDoS     0.9980    0.7258    0.8404  14892160
         DoS     0.5764    0.9809    0.7261   3357559
Infiltration     0.8934    0.9681    0.9293     97363
Other_Attack     0.7098    0.9962    0.8290   4017482
    PortScan     0.6903    0.9447    0.7977     70979
  Web_Attack     0.0953    0.7753    0.1697      4143

    accuracy                         0.8182  23031132
   macro avg     0.6693    0.9244    0.7194  23031132
weighted avg     0.8837    0.8182    0.8250  23031132

2026-04-11 18:17:27,124 - [INFO] - 👉 Validation Loss: 0.0000
2026-04-11 18:17:36,956 - [INFO] - 
==================== EPOCH 8 ====================
2026-04-11 19:26:37,297 - [INFO] - 
📊 BÁO CÁO KẾT QUẢ EPOCH 8:
              precision    recall  f1-score   support

      Benign     0.9146    0.9646    0.9389    239992
      Botnet     0.9993    0.9829    0.9910    348776
 Brute_Force     0.1898    0.9824    0.3182      2678
        DDoS     0.9976    0.7352    0.8465  14892160
         DoS     0.5851    0.9822    0.7334   3357559
Infiltration     0.9079    0.9668    0.9364     97363
Other_Attack     0.7174    0.9966    0.8342   4017482
    PortScan     0.7593    0.9279    0.8352     70979
  Web_Attack     0.0881    0.8291    0.1594      4143

    accuracy                         0.8245  23031132
   macro avg     0.6843    0.9297    0.7326  23031132
weighted avg     0.8864    0.8245    0.8312  23031132

2026-04-11 19:26:37,297 - [INFO] - 👉 Validation Loss: 0.0000
2026-04-11 19:26:46,574 - [INFO] - 
==================== EPOCH 9 ====================
2026-04-11 20:35:28,829 - [INFO] - 
📊 BÁO CÁO KẾT QUẢ EPOCH 9:
              precision    recall  f1-score   support

      Benign     0.9178    0.9650    0.9408    239992
      Botnet     0.9990    0.9829    0.9909    348776
 Brute_Force     0.1988    0.9862    0.3308      2678
        DDoS     0.9971    0.7421    0.8509  14892160
         DoS     0.5918    0.9826    0.7387   3357559
Infiltration     0.9088    0.9658    0.9364     97363
Other_Attack     0.7237    0.9967    0.8385   4017482
    PortScan     0.6953    0.9426    0.8003     70979
  Web_Attack     0.1070    0.8115    0.1890      4143

    accuracy                         0.8291  23031132
   macro avg     0.6821    0.9306    0.7352  23031132
weighted avg     0.8880    0.8291    0.8355  23031132

2026-04-11 20:35:28,830 - [INFO] - 👉 Validation Loss: 0.0000
2026-04-11 20:35:38,454 - [INFO] - 
==================== EPOCH 10 ====================
2026-04-11 21:44:21,301 - [INFO] - 
📊 BÁO CÁO KẾT QUẢ EPOCH 10:
              precision    recall  f1-score   support

      Benign     0.9218    0.9624    0.9417    239992
      Botnet     0.9987    0.9910    0.9948    348776
 Brute_Force     0.2543    0.9772    0.4036      2678
        DDoS     0.9968    0.7489    0.8553  14892160
         DoS     0.5957    0.9829    0.7419   3357559
Infiltration     0.8896    0.9752    0.9304     97363
Other_Attack     0.7301    0.9968    0.8428   4017482
    PortScan     0.7895    0.9358    0.8565     70979
  Web_Attack     0.1724    0.8096    0.2842      4143

    accuracy                         0.8337  23031132
   macro avg     0.7054    0.9311    0.7612  23031132
weighted avg     0.8897    0.8337    0.8397  23031132

2026-04-11 21:44:21,301 - [INFO] - 👉 Validation Loss: 0.0000
2026-04-11 21:44:31,259 - [INFO] - 
==================== EPOCH 11 ====================
2026-04-11 22:53:37,124 - [INFO] - 
📊 BÁO CÁO KẾT QUẢ EPOCH 11:
              precision    recall  f1-score   support

      Benign     0.9222    0.9655    0.9434    239992
      Botnet     0.9995    0.9886    0.9940    348776
 Brute_Force     0.2708    0.9847    0.4247      2678
        DDoS     0.9963    0.7531    0.8578  14892160
         DoS     0.5986    0.9824    0.7439   3357559
Infiltration     0.9092    0.9725    0.9398     97363
Other_Attack     0.7352    0.9968    0.8462   4017482
    PortScan     0.7902    0.9407    0.8589     70979
  Web_Attack     0.1522    0.8166    0.2565      4143

    accuracy                         0.8364  23031132
   macro avg     0.7082    0.9334    0.7628  23031132
weighted avg     0.8908    0.8364    0.8423  23031132

2026-04-11 22:53:37,124 - [INFO] - 👉 Validation Loss: 0.0000
2026-04-11 22:53:46,886 - [INFO] - 
==================== EPOCH 12 ====================
2026-04-12 00:02:38,911 - [INFO] - 
📊 BÁO CÁO KẾT QUẢ EPOCH 12:
              precision    recall  f1-score   support

      Benign     0.9228    0.9714    0.9465    239992
      Botnet     0.9995    0.9894    0.9944    348776
 Brute_Force     0.3063    0.9776    0.4665      2678
        DDoS     0.9963    0.7554    0.8593  14892160
         DoS     0.6002    0.9832    0.7454   3357559
Infiltration     0.9218    0.9698    0.9452     97363
Other_Attack     0.7381    0.9968    0.8481   4017482
    PortScan     0.7778    0.9508    0.8556     70979
  Web_Attack     0.1863    0.8238    0.3039      4143

    accuracy                         0.8381  23031132
   macro avg     0.7166    0.9354    0.7739  23031132
weighted avg     0.8916    0.8381    0.8439  23031132

2026-04-12 00:02:38,912 - [INFO] - 👉 Validation Loss: 0.0000
2026-04-12 00:02:48,048 - [INFO] - 
==================== EPOCH 13 ====================
2026-04-12 01:12:14,692 - [INFO] - 
📊 BÁO CÁO KẾT QUẢ EPOCH 13:
              precision    recall  f1-score   support

      Benign     0.9236    0.9747    0.9484    239992
      Botnet     0.9996    0.9897    0.9946    348776
 Brute_Force     0.2869    0.9881    0.4446      2678
        DDoS     0.9961    0.7591    0.8616  14892160
         DoS     0.6012    0.9834    0.7462   3357559
Infiltration     0.9211    0.9738    0.9467     97363
Other_Attack     0.7436    0.9968    0.8518   4017482
    PortScan     0.8322    0.9476    0.8861     70979
  Web_Attack     0.2430    0.7939    0.3721      4143

    accuracy                         0.8405  23031132
   macro avg     0.7275    0.9341    0.7836  23031132
weighted avg     0.8928    0.8405    0.8463  23031132

2026-04-12 01:12:14,692 - [INFO] - 👉 Validation Loss: 0.0000
2026-04-12 01:12:24,342 - [INFO] - 
==================== EPOCH 14 ====================
2026-04-12 02:21:15,483 - [INFO] - 
📊 BÁO CÁO KẾT QUẢ EPOCH 14:
              precision    recall  f1-score   support

      Benign     0.9241    0.9763    0.9495    239992
      Botnet     0.9998    0.9885    0.9941    348776
 Brute_Force     0.2908    0.9862    0.4491      2678
        DDoS     0.9960    0.7603    0.8623  14892160
         DoS     0.6022    0.9833    0.7470   3357559
Infiltration     0.9368    0.9676    0.9520     97363
Other_Attack     0.7443    0.9968    0.8522   4017482
    PortScan     0.8385    0.9512    0.8913     70979
  Web_Attack     0.2693    0.8125    0.4045      4143

    accuracy                         0.8413  23031132
   macro avg     0.7335    0.9358    0.7891  23031132
weighted avg     0.8931    0.8413    0.8470  23031132

2026-04-12 02:21:15,484 - [INFO] - 👉 Validation Loss: 0.0000
2026-04-12 02:21:25,168 - [INFO] - 
==================== EPOCH 15 ====================
2026-04-12 03:30:34,956 - [INFO] - 
📊 BÁO CÁO KẾT QUẢ EPOCH 15:
              precision    recall  f1-score   support

      Benign     0.9248    0.9749    0.9492    239992
      Botnet     0.9996    0.9862    0.9928    348776
 Brute_Force     0.2712    0.9854    0.4253      2678
        DDoS     0.9959    0.7631    0.8641  14892160
         DoS     0.6031    0.9835    0.7477   3357559
Infiltration     0.9213    0.9748    0.9473     97363
Other_Attack     0.7499    0.9968    0.8559   4017482
    PortScan     0.8144    0.9318    0.8692     70979
  Web_Attack     0.2415    0.8330    0.3744      4143

    accuracy                         0.8430  23031132
   macro avg     0.7246    0.9366    0.7807  23031132
weighted avg     0.8940    0.8430    0.8488  23031132

2026-04-12 03:30:34,956 - [INFO] - 👉 Validation Loss: 0.0000
2026-04-12 03:30:43,951 - [INFO] - 
==================== EPOCH 16 ====================
2026-04-12 04:39:43,752 - [INFO] - 
📊 BÁO CÁO KẾT QUẢ EPOCH 16:
              precision    recall  f1-score   support

      Benign     0.9257    0.9731    0.9488    239992
      Botnet     0.9998    0.9910    0.9954    348776
 Brute_Force     0.3568    0.9776    0.5228      2678
        DDoS     0.9960    0.7628    0.8639  14892160
         DoS     0.6035    0.9836    0.7480   3357559
Infiltration     0.9276    0.9736    0.9501     97363
Other_Attack     0.7481    0.9968    0.8547   4017482
    PortScan     0.8493    0.9398    0.8923     70979
  Web_Attack     0.2668    0.8453    0.4056      4143

    accuracy                         0.8430  23031132
   macro avg     0.7415    0.9382    0.7979  23031132
weighted avg     0.8939    0.8430    0.8486  23031132

2026-04-12 04:39:43,752 - [INFO] - 👉 Validation Loss: 0.0000
2026-04-12 04:39:52,940 - [INFO] - 
==================== EPOCH 17 ====================
2026-04-12 05:48:40,607 - [INFO] - 
📊 BÁO CÁO KẾT QUẢ EPOCH 17:
              precision    recall  f1-score   support

      Benign     0.9261    0.9741    0.9495    239992
      Botnet     0.9998    0.9876    0.9937    348776
 Brute_Force     0.3027    0.9869    0.4634      2678
        DDoS     0.9960    0.7652    0.8655  14892160
         DoS     0.6034    0.9843    0.7481   3357559
Infiltration     0.9218    0.9784    0.9493     97363
Other_Attack     0.7535    0.9967    0.8582   4017482
    PortScan     0.8433    0.9535    0.8950     70979
  Web_Attack     0.3635    0.8125    0.5023      4143

    accuracy                         0.8446  23031132
   macro avg     0.7456    0.9377    0.8028  23031132
weighted avg     0.8948    0.8446    0.8503  23031132

2026-04-12 05:48:40,607 - [INFO] - 👉 Validation Loss: 0.0000
2026-04-12 05:48:50,655 - [INFO] - 
==================== EPOCH 18 ====================
2026-04-12 06:57:53,153 - [INFO] - 
📊 BÁO CÁO KẾT QUẢ EPOCH 18:
              precision    recall  f1-score   support

      Benign     0.9261    0.9762    0.9505    239992
      Botnet     0.9998    0.9890    0.9944    348776
 Brute_Force     0.3417    0.9716    0.5056      2678
        DDoS     0.9961    0.7650    0.8654  14892160
         DoS     0.6040    0.9846    0.7487   3357559
Infiltration     0.9349    0.9717    0.9530     97363
Other_Attack     0.7519    0.9967    0.8572   4017482
    PortScan     0.8702    0.9125    0.8908     70979
  Web_Attack     0.2494    0.8709    0.3878      4143

    accuracy                         0.8444  23031132
   macro avg     0.7416    0.9376    0.7948  23031132
weighted avg     0.8948    0.8444    0.8501  23031132

2026-04-12 06:57:53,154 - [INFO] - 👉 Validation Loss: 0.0000
2026-04-12 06:58:03,055 - [INFO] - 
==================== EPOCH 19 ====================
2026-04-12 08:07:12,378 - [INFO] - 
📊 BÁO CÁO KẾT QUẢ EPOCH 19:
              precision    recall  f1-score   support

      Benign     0.9259    0.9783    0.9514    239992
      Botnet     0.9996    0.9913    0.9954    348776
 Brute_Force     0.3843    0.9772    0.5516      2678
        DDoS     0.9962    0.7661    0.8661  14892160
         DoS     0.6040    0.9850    0.7489   3357559
Infiltration     0.9277    0.9754    0.9509     97363
Other_Attack     0.7552    0.9967    0.8593   4017482
    PortScan     0.8246    0.9523    0.8839     70979
  Web_Attack     0.3238    0.8322    0.4662      4143

    accuracy                         0.8453  23031132
   macro avg     0.7490    0.9394    0.8082  23031132
weighted avg     0.8953    0.8453    0.8510  23031132

2026-04-12 08:07:12,378 - [INFO] - 👉 Validation Loss: 0.0000
2026-04-12 08:07:21,859 - [INFO] - 
==================== EPOCH 20 ====================
2026-04-12 09:17:06,702 - [INFO] - 
📊 BÁO CÁO KẾT QUẢ EPOCH 20:
              precision    recall  f1-score   support

      Benign     0.9271    0.9777    0.9517    239992
      Botnet     0.9999    0.9842    0.9920    348776
 Brute_Force     0.2808    0.9854    0.4370      2678
        DDoS     0.9963    0.7653    0.8657  14892160
         DoS     0.6040    0.9855    0.7489   3357559
Infiltration     0.9352    0.9761    0.9552     97363
Other_Attack     0.7531    0.9967    0.8580   4017482
    PortScan     0.8624    0.9518    0.9049     70979
  Web_Attack     0.3553    0.8330    0.4981      4143

    accuracy                         0.8448  23031132
   macro avg     0.7460    0.9395    0.8013  23031132
weighted avg     0.8952    0.8448    0.8505  23031132

2026-04-12 09:17:06,702 - [INFO] - 👉 Validation Loss: 0.0000
2026-04-12 09:17:16,371 - [INFO] - 
==================== EPOCH 21 ====================
2026-04-12 10:25:45,016 - [INFO] - 
📊 BÁO CÁO KẾT QUẢ EPOCH 21:
              precision    recall  f1-score   support

      Benign     0.9281    0.9642    0.9458    239992
      Botnet     0.9996    0.9915    0.9955    348776
 Brute_Force     0.3870    0.9683    0.5530      2678
        DDoS     0.9963    0.7659    0.8661  14892160
         DoS     0.6044    0.9855    0.7493   3357559
Infiltration     0.9076    0.9799    0.9424     97363
Other_Attack     0.7538    0.9967    0.8584   4017482
    PortScan     0.8825    0.9013    0.8918     70979
  Web_Attack     0.2311    0.8783    0.3659      4143

    accuracy                         0.8451  23031132
   macro avg     0.7434    0.9368    0.7965  23031132
weighted avg     0.8953    0.8451    0.8508  23031132

2026-04-12 10:25:45,016 - [INFO] - 👉 Validation Loss: 0.0000
2026-04-12 10:25:55,289 - [INFO] - 
==================== EPOCH 22 ====================
2026-04-12 11:34:37,179 - [INFO] - 
📊 BÁO CÁO KẾT QUẢ EPOCH 22:
              precision    recall  f1-score   support

      Benign     0.9274    0.9773    0.9517    239992
      Botnet     0.9997    0.9927    0.9962    348776
 Brute_Force     0.3844    0.9817    0.5524      2678
        DDoS     0.9963    0.7672    0.8669  14892160
         DoS     0.6042    0.9857    0.7492   3357559
Infiltration     0.9299    0.9790    0.9538     97363
Other_Attack     0.7564    0.9967    0.8601   4017482
    PortScan     0.8940    0.9507    0.9215     70979
  Web_Attack     0.3918    0.8228    0.5309      4143

    accuracy                         0.8462  23031132
   macro avg     0.7649    0.9393    0.8203  23031132
weighted avg     0.8959    0.8462    0.8518  23031132

2026-04-12 11:34:37,180 - [INFO] - 👉 Validation Loss: 0.0000
2026-04-12 11:34:47,177 - [INFO] - 
==================== EPOCH 23 ====================
2026-04-12 12:45:07,451 - [INFO] - 
📊 BÁO CÁO KẾT QUẢ EPOCH 23:
              precision    recall  f1-score   support

      Benign     0.9275    0.9803    0.9532    239992
      Botnet     0.9998    0.9915    0.9956    348776
 Brute_Force     0.3846    0.9839    0.5530      2678
        DDoS     0.9964    0.7665    0.8665  14892160
         DoS     0.6041    0.9861    0.7493   3357559
Infiltration     0.9366    0.9781    0.9569     97363
Other_Attack     0.7551    0.9967    0.8593   4017482
    PortScan     0.8939    0.9541    0.9230     70979
  Web_Attack     0.4052    0.8294    0.5444      4143

    accuracy                         0.8458  23031132
   macro avg     0.7670    0.9407    0.8223  23031132
weighted avg     0.8957    0.8458    0.8514  23031132

2026-04-12 12:45:07,451 - [INFO] - 👉 Validation Loss: 0.0000
2026-04-12 12:45:16,443 - [INFO] - 
==================== EPOCH 24 ====================
2026-04-12 13:55:37,745 - [INFO] - 
📊 BÁO CÁO KẾT QUẢ EPOCH 24:
              precision    recall  f1-score   support

      Benign     0.9273    0.9787    0.9523    239992
      Botnet     0.9998    0.9877    0.9937    348776
 Brute_Force     0.3490    0.9750    0.5140      2678
        DDoS     0.9964    0.7676    0.8672  14892160
         DoS     0.6039    0.9863    0.7491   3357559
Infiltration     0.9271    0.9799    0.9528     97363
Other_Attack     0.7587    0.9967    0.8616   4017482
    PortScan     0.8485    0.9407    0.8922     70979
  Web_Attack     0.3210    0.8595    0.4674      4143

    accuracy                         0.8464  23031132
   macro avg     0.7480    0.9413    0.8056  23031132
weighted avg     0.8961    0.8464    0.8521  23031132

2026-04-12 13:55:37,746 - [INFO] - 👉 Validation Loss: 0.0000
2026-04-12 13:55:47,183 - [INFO] - 
==================== EPOCH 25 ====================
2026-04-12 15:05:26,747 - [INFO] - 
📊 BÁO CÁO KẾT QUẢ EPOCH 25:
              precision    recall  f1-score   support

      Benign     0.9285    0.9751    0.9513    239992
      Botnet     0.9998    0.9914    0.9956    348776
 Brute_Force     0.3985    0.9798    0.5666      2678
        DDoS     0.9965    0.7671    0.8669  14892160
         DoS     0.6042    0.9863    0.7494   3357559
Infiltration     0.9351    0.9782    0.9561     97363
Other_Attack     0.7561    0.9967    0.8599   4017482
    PortScan     0.9165    0.9249    0.9207     70979
  Web_Attack     0.3029    0.8701    0.4493      4143

    accuracy                         0.8461  23031132
   macro avg     0.7598    0.9411    0.8129  23031132
weighted avg     0.8960    0.8461    0.8518  23031132

2026-04-12 15:05:26,747 - [INFO] - 👉 Validation Loss: 0.0000
2026-04-12 15:05:36,042 - [INFO] - 
==================== EPOCH 26 ====================
2026-04-12 16:15:20,967 - [INFO] - 
📊 BÁO CÁO KẾT QUẢ EPOCH 26:
              precision    recall  f1-score   support

      Benign     0.9280    0.9797    0.9532    239992
      Botnet     0.9999    0.9900    0.9949    348776
 Brute_Force     0.3947    0.9783    0.5625      2678
        DDoS     0.9965    0.7673    0.8670  14892160
         DoS     0.6039    0.9867    0.7493   3357559
Infiltration     0.9386    0.9785    0.9582     97363
Other_Attack     0.7571    0.9967    0.8605   4017482
    PortScan     0.9128    0.9586    0.9351     70979
  Web_Attack     0.4134    0.8429    0.5547      4143

    accuracy                         0.8464  23031132
   macro avg     0.7717    0.9421    0.8262  23031132
weighted avg     0.8962    0.8464    0.8521  23031132

2026-04-12 16:15:20,967 - [INFO] - 👉 Validation Loss: 0.0000
2026-04-12 16:15:30,463 - [INFO] - 
==================== EPOCH 27 ====================
2026-04-12 17:25:42,639 - [INFO] - 
📊 BÁO CÁO KẾT QUẢ EPOCH 27:
              precision    recall  f1-score   support

      Benign     0.9283    0.9791    0.9530    239992
      Botnet     0.9999    0.9910    0.9954    348776
 Brute_Force     0.3938    0.9843    0.5625      2678
        DDoS     0.9965    0.7674    0.8671  14892160
         DoS     0.6041    0.9867    0.7494   3357559
Infiltration     0.9335    0.9812    0.9567     97363
Other_Attack     0.7570    0.9968    0.8605   4017482
    PortScan     0.9194    0.9449    0.9320     70979
  Web_Attack     0.3975    0.8458    0.5409      4143

    accuracy                         0.8464  23031132
   macro avg     0.7700    0.9419    0.8242  23031132
weighted avg     0.8962    0.8464    0.8521  23031132

2026-04-12 17:25:42,639 - [INFO] - 👉 Validation Loss: 0.0000
2026-04-12 17:25:51,622 - [INFO] - 
==================== EPOCH 28 ====================
2026-04-12 18:35:08,988 - [INFO] - 
📊 BÁO CÁO KẾT QUẢ EPOCH 28:
              precision    recall  f1-score   support

      Benign     0.9277    0.9823    0.9542    239992
      Botnet     0.9999    0.9899    0.9949    348776
 Brute_Force     0.3748    0.9828    0.5427      2678
        DDoS     0.9965    0.7673    0.8670  14892160
         DoS     0.6041    0.9867    0.7494   3357559
Infiltration     0.9425    0.9792    0.9605     97363
Other_Attack     0.7566    0.9968    0.8603   4017482
    PortScan     0.9347    0.9316    0.9332     70979
  Web_Attack     0.3667    0.8615    0.5144      4143

    accuracy                         0.8464  23031132
   macro avg     0.7671    0.9420    0.8196  23031132
weighted avg     0.8962    0.8464    0.8520  23031132

2026-04-12 18:35:08,988 - [INFO] - 👉 Validation Loss: 0.0000
2026-04-12 18:35:18,058 - [INFO] - 
==================== EPOCH 29 ====================
2026-04-12 19:43:50,896 - [INFO] - 
📊 BÁO CÁO KẾT QUẢ EPOCH 29:
              precision    recall  f1-score   support

      Benign     0.9284    0.9774    0.9523    239992
      Botnet     0.9999    0.9903    0.9951    348776
 Brute_Force     0.3829    0.9828    0.5511      2678
        DDoS     0.9966    0.7670    0.8669  14892160
         DoS     0.6041    0.9869    0.7494   3357559
Infiltration     0.9348    0.9812    0.9574     97363
Other_Attack     0.7563    0.9968    0.8600   4017482
    PortScan     0.9234    0.9459    0.9345     70979
  Web_Attack     0.3920    0.8530    0.5372      4143

    accuracy                         0.8462  23031132
   macro avg     0.7687    0.9424    0.8226  23031132
weighted avg     0.8961    0.8462    0.8519  23031132

2026-04-12 19:43:50,896 - [INFO] - 👉 Validation Loss: 0.0000
2026-04-12 19:44:00,303 - [INFO] - 
==================== EPOCH 30 ====================
2026-04-12 20:52:54,870 - [INFO] - 
📊 BÁO CÁO KẾT QUẢ EPOCH 30:
              precision    recall  f1-score   support

      Benign     0.9283    0.9806    0.9537    239992
      Botnet     0.9999    0.9915    0.9957    348776
 Brute_Force     0.4255    0.9765    0.5928      2678
        DDoS     0.9966    0.7674    0.8671  14892160
         DoS     0.6040    0.9870    0.7494   3357559
Infiltration     0.9397    0.9800    0.9594     97363
Other_Attack     0.7571    0.9968    0.8606   4017482
    PortScan     0.9318    0.9360    0.9339     70979
  Web_Attack     0.3615    0.8663    0.5102      4143

    accuracy                         0.8465  23031132
   macro avg     0.7716    0.9424    0.8247  23031132
weighted avg     0.8963    0.8465    0.8522  23031132

2026-04-12 20:52:54,871 - [INFO] - 👉 Validation Loss: 0.0000
2026-04-12 20:53:03,977 - [INFO] - 
==================== EPOCH 31 ====================
2026-04-12 22:03:14,433 - [INFO] - 
📊 BÁO CÁO KẾT QUẢ EPOCH 31:
              precision    recall  f1-score   support

      Benign     0.9286    0.9798    0.9535    239992
      Botnet     0.9999    0.9918    0.9959    348776
 Brute_Force     0.4213    0.9821    0.5896      2678
        DDoS     0.9966    0.7670    0.8668  14892160
         DoS     0.6040    0.9870    0.7494   3357559
Infiltration     0.9401    0.9809    0.9601     97363
Other_Attack     0.7561    0.9968    0.8599   4017482
    PortScan     0.9265    0.9535    0.9398     70979
  Web_Attack     0.4371    0.8455    0.5763      4143

    accuracy                         0.8463  23031132
   macro avg     0.7789    0.9427    0.8324  23031132
weighted avg     0.8962    0.8463    0.8519  23031132

2026-04-12 22:03:14,434 - [INFO] - 👉 Validation Loss: 0.0000
2026-04-12 22:03:23,942 - [INFO] - 
==================== EPOCH 32 ====================
2026-04-12 23:14:53,796 - [INFO] - 
📊 BÁO CÁO KẾT QUẢ EPOCH 32:
              precision    recall  f1-score   support

      Benign     0.9290    0.9760    0.9519    239992
      Botnet     0.9999    0.9903    0.9951    348776
 Brute_Force     0.3910    0.9810    0.5592      2678
        DDoS     0.9966    0.7677    0.8673  14892160
         DoS     0.6040    0.9871    0.7494   3357559
Infiltration     0.9334    0.9816    0.9569     97363
Other_Attack     0.7579    0.9968    0.8611   4017482
    PortScan     0.9265    0.9391    0.9328     70979
  Web_Attack     0.3626    0.8631    0.5107      4143

    accuracy                         0.8467  23031132
   macro avg     0.7668    0.9425    0.8205  23031132
weighted avg     0.8964    0.8467    0.8523  23031132

2026-04-12 23:14:53,796 - [INFO] - 👉 Validation Loss: 0.0000
2026-04-12 23:15:03,207 - [INFO] - 
==================== EPOCH 33 ====================
2026-04-13 00:24:52,553 - [INFO] - 
📊 BÁO CÁO KẾT QUẢ EPOCH 33:
              precision    recall  f1-score   support

      Benign     0.9286    0.9800    0.9536    239992
      Botnet     0.9999    0.9915    0.9957    348776
 Brute_Force     0.4259    0.9798    0.5937      2678
        DDoS     0.9967    0.7674    0.8671  14892160
         DoS     0.6039    0.9872    0.7494   3357559
Infiltration     0.9394    0.9811    0.9598     97363
Other_Attack     0.7573    0.9968    0.8607   4017482
    PortScan     0.9308    0.9410    0.9359     70979
  Web_Attack     0.3796    0.8643    0.5275      4143

    accuracy                         0.8465  23031132
   macro avg     0.7736    0.9432    0.8270  23031132
weighted avg     0.8964    0.8465    0.8522  23031132

2026-04-13 00:24:52,554 - [INFO] - 👉 Validation Loss: 0.0000
2026-04-13 00:25:02,005 - [INFO] - 
==================== EPOCH 34 ====================
2026-04-13 01:34:57,937 - [INFO] - 
📊 BÁO CÁO KẾT QUẢ EPOCH 34:
              precision    recall  f1-score   support

      Benign     0.9285    0.9806    0.9539    239992
      Botnet     0.9999    0.9915    0.9957    348776
 Brute_Force     0.3959    0.9862    0.5650      2678
        DDoS     0.9967    0.7677    0.8674  14892160
         DoS     0.6038    0.9874    0.7494   3357559
Infiltration     0.9378    0.9822    0.9595     97363
Other_Attack     0.7582    0.9968    0.8613   4017482
    PortScan     0.9294    0.9488    0.9390     70979
  Web_Attack     0.4374    0.8383    0.5748      4143

    accuracy                         0.8468  23031132
   macro avg     0.7764    0.9422    0.8295  23031132
weighted avg     0.8965    0.8468    0.8525  23031132

2026-04-13 01:34:57,938 - [INFO] - 👉 Validation Loss: 0.0000
2026-04-13 01:35:07,538 - [INFO] - 
==================== EPOCH 35 ====================
2026-04-13 02:45:16,738 - [INFO] - 
📊 BÁO CÁO KẾT QUẢ EPOCH 35:
              precision    recall  f1-score   support

      Benign     0.9286    0.9805    0.9538    239992
      Botnet     1.0000    0.9906    0.9953    348776
 Brute_Force     0.4022    0.9828    0.5708      2678
        DDoS     0.9967    0.7677    0.8673  14892160
         DoS     0.6038    0.9874    0.7494   3357559
Infiltration     0.9395    0.9817    0.9601     97363
Other_Attack     0.7581    0.9968    0.8612   4017482
    PortScan     0.9315    0.9488    0.9401     70979
  Web_Attack     0.4201    0.8549    0.5634      4143

    accuracy                         0.8468  23031132
   macro avg     0.7756    0.9435    0.8290  23031132
weighted avg     0.8965    0.8468    0.8524  23031132

2026-04-13 02:45:16,738 - [INFO] - 👉 Validation Loss: 0.0000
2026-04-13 02:45:26,226 - [INFO] - 🛑 Kích hoạt Early Stopping! Mô hình hội tụ tại Epoch 35.
2026-04-13 03:28:53,970 - [INFO] - 🚀 BẮT ĐẦU CHẠY THỰC NGHIỆM: v3_Attention_TKAN_FocalLoss_Merged
2026-04-13 03:28:53,970 - [INFO] - 📂 Đang nạp dữ liệu từ: /home/quyhv/Geo_KAN_Project/dataset/processed/Phase1_Train
2026-04-13 03:34:23,422 - [INFO] - 
==================== EPOCH 1 ====================
2026-04-13 04:44:22,739 - [INFO] - 
📊 BÁO CÁO KẾT QUẢ EPOCH 1:
              precision    recall  f1-score   support

      Benign     0.1182    0.9093    0.2092    239992
      Botnet     0.9987    0.9626    0.9804    348776
 Brute_Force     0.0132    0.9712    0.0261      2678
        DDoS     0.9754    0.1877    0.3149  14892160
         DoS     0.3739    0.8315    0.5158   3357559
Infiltration     0.0294    0.9266    0.0569     97363
Other_Attack     0.6431    0.9771    0.7756   4017482
    PortScan     0.0658    0.8102    0.1218     70979
  Web_Attack     0.0127    0.8269    0.0251      4143

    accuracy                         0.4438  23031132
   macro avg     0.3589    0.8226    0.3362  23031132
weighted avg     0.8141    0.4438    0.4317  23031132

2026-04-13 04:44:22,740 - [INFO] - 👉 Validation Loss: 0.0000
2026-04-13 04:44:32,040 - [INFO] - 
==================== EPOCH 2 ====================
2026-04-13 05:51:15,999 - [INFO] - 
📊 BÁO CÁO KẾT QUẢ EPOCH 2:
              precision    recall  f1-score   support

      Benign     0.9141    0.9339    0.9239    239992
      Botnet     0.9998    0.9782    0.9889    348776
 Brute_Force     0.0818    0.9608    0.1507      2678
        DDoS     0.9447    0.5046    0.6578  14892160
         DoS     0.3863    0.8405    0.5293   3357559
Infiltration     0.1624    0.9507    0.2774     97363
Other_Attack     0.6445    0.9959    0.7826   4017482
    PortScan     0.1955    0.8851    0.3203     70979
  Web_Attack     0.0644    0.8431    0.1196      4143

    accuracy                         0.6541  23031132
   macro avg     0.4882    0.8770    0.5278  23031132
weighted avg     0.8056    0.6541    0.6658  23031132

2026-04-13 05:51:15,999 - [INFO] - 👉 Validation Loss: 0.0000
2026-04-13 05:51:26,246 - [INFO] - 
==================== EPOCH 3 ====================
2026-04-13 07:00:05,981 - [INFO] - 
📊 BÁO CÁO KẾT QUẢ EPOCH 3:
              precision    recall  f1-score   support

      Benign     0.9291    0.9465    0.9377    239992
      Botnet     0.9997    0.9942    0.9969    348776
 Brute_Force     0.2368    0.9410    0.3783      2678
        DDoS     0.9464    0.5651    0.7077  14892160
         DoS     0.4067    0.8366    0.5474   3357559
Infiltration     0.3086    0.9603    0.4670     97363
Other_Attack     0.6539    0.9962    0.7895   4017482
    PortScan     0.3509    0.8845    0.5024     70979
  Web_Attack     0.1274    0.8460    0.2214      4143

    accuracy                         0.6931  23031132
   macro avg     0.5510    0.8856    0.6165  23031132
weighted avg     0.8126    0.6931    0.7036  23031132

2026-04-13 07:00:05,981 - [INFO] - 👉 Validation Loss: 0.0000
2026-04-13 07:00:15,311 - [INFO] - 
==================== EPOCH 4 ====================
2026-04-13 08:11:02,732 - [INFO] - 
📊 BÁO CÁO KẾT QUẢ EPOCH 4:
              precision    recall  f1-score   support

      Benign     0.9323    0.9585    0.9452    239992
      Botnet     1.0000    0.9816    0.9907    348776
 Brute_Force     0.2023    0.9873    0.3357      2678
        DDoS     0.9583    0.5866    0.7277  14892160
         DoS     0.4260    0.8700    0.5719   3357559
Infiltration     0.4617    0.9635    0.6242     97363
Other_Attack     0.6593    0.9965    0.7935   4017482
    PortScan     0.3893    0.8936    0.5423     70979
  Web_Attack     0.1910    0.8178    0.3097      4143

    accuracy                         0.7119  23031132
   macro avg     0.5800    0.8950    0.6490  23031132
weighted avg     0.8248    0.7119    0.7216  23031132

2026-04-13 08:11:02,732 - [INFO] - 👉 Validation Loss: 0.0000
2026-04-13 08:11:11,867 - [INFO] - 
==================== EPOCH 5 ====================
2026-04-13 09:22:01,001 - [INFO] - 
📊 BÁO CÁO KẾT QUẢ EPOCH 5:
              precision    recall  f1-score   support

      Benign     0.9340    0.9621    0.9478    239992
      Botnet     1.0000    0.9863    0.9931    348776
 Brute_Force     0.2857    0.9739    0.4418      2678
        DDoS     0.9770    0.5944    0.7391  14892160
         DoS     0.4449    0.9243    0.6006   3357559
Infiltration     0.5502    0.9678    0.7016     97363
Other_Attack     0.6601    0.9970    0.7943   4017482
    PortScan     0.4528    0.8994    0.6023     70979
  Web_Attack     0.2277    0.8475    0.3589      4143

    accuracy                         0.7251  23031132
   macro avg     0.6147    0.9058    0.6866  23031132
weighted avg     0.8404    0.7251    0.7339  23031132

2026-04-13 09:22:01,001 - [INFO] - 👉 Validation Loss: 0.0000
2026-04-13 09:22:10,567 - [INFO] - 
==================== EPOCH 6 ====================
2026-04-13 10:32:27,838 - [INFO] - 
📊 BÁO CÁO KẾT QUẢ EPOCH 6:
              precision    recall  f1-score   support

      Benign     0.9343    0.9643    0.9491    239992
      Botnet     0.9999    0.9920    0.9959    348776
 Brute_Force     0.3902    0.9675    0.5561      2678
        DDoS     0.9856    0.6125    0.7555  14892160
         DoS     0.4673    0.9487    0.6262   3357559
Infiltration     0.6282    0.9653    0.7611     97363
Other_Attack     0.6603    0.9973    0.7945   4017482
    PortScan     0.5074    0.9128    0.6522     70979
  Web_Attack     0.2449    0.8421    0.3794      4143

    accuracy                         0.7405  23031132
   macro avg     0.6464    0.9114    0.7189  23031132
weighted avg     0.8498    0.7405    0.7487  23031132

2026-04-13 10:32:27,838 - [INFO] - 👉 Validation Loss: 0.0000
2026-04-13 10:32:37,433 - [INFO] - 
==================== EPOCH 7 ====================
2026-04-13 11:43:44,855 - [INFO] - 
📊 BÁO CÁO KẾT QUẢ EPOCH 7:
              precision    recall  f1-score   support

      Benign     0.9349    0.9596    0.9471    239992
      Botnet     1.0000    0.9704    0.9850    348776
 Brute_Force     0.1530    0.9966    0.2652      2678
        DDoS     0.9868    0.6375    0.7746  14892160
         DoS     0.4929    0.9537    0.6499   3357559
Infiltration     0.7254    0.9663    0.8287     97363
Other_Attack     0.6652    0.9975    0.7982   4017482
    PortScan     0.4337    0.8883    0.5829     70979
  Web_Attack     0.2493    0.7654    0.3761      4143

    accuracy                         0.7570  23031132
   macro avg     0.6268    0.9039    0.6897  23031132
weighted avg     0.8553    0.7570    0.7650  23031132

2026-04-13 11:43:44,855 - [INFO] - 👉 Validation Loss: 0.0000
2026-04-13 11:43:54,136 - [INFO] - 
==================== EPOCH 8 ====================
2026-04-13 12:54:53,795 - [INFO] - 
📊 BÁO CÁO KẾT QUẢ EPOCH 8:
              precision    recall  f1-score   support

      Benign     0.9350    0.9649    0.9498    239992
      Botnet     1.0000    0.9821    0.9910    348776
 Brute_Force     0.2740    0.9832    0.4286      2678
        DDoS     0.9892    0.6530    0.7867  14892160
         DoS     0.5106    0.9606    0.6668   3357559
Infiltration     0.7209    0.9737    0.8285     97363
Other_Attack     0.6665    0.9976    0.7991   4017482
    PortScan     0.5139    0.9255    0.6609     70979
  Web_Attack     0.3078    0.8380    0.4502      4143

    accuracy                         0.7684  23031132
   macro avg     0.6575    0.9198    0.7290  23031132
weighted avg     0.8599    0.7684    0.7758  23031132

2026-04-13 12:54:53,795 - [INFO] - 👉 Validation Loss: 0.0000
2026-04-13 12:55:03,388 - [INFO] - 
==================== EPOCH 9 ====================
2026-04-13 14:05:49,476 - [INFO] - 
📊 BÁO CÁO KẾT QUẢ EPOCH 9:
              precision    recall  f1-score   support

      Benign     0.9355    0.9721    0.9534    239992
      Botnet     1.0000    0.9859    0.9929    348776
 Brute_Force     0.3352    0.9798    0.4995      2678
        DDoS     0.9910    0.6692    0.7989  14892160
         DoS     0.5282    0.9669    0.6832   3357559
Infiltration     0.7375    0.9748    0.8397     97363
Other_Attack     0.6711    0.9976    0.8024   4017482
    PortScan     0.5651    0.9320    0.7036     70979
  Web_Attack     0.3491    0.8450    0.4941      4143

    accuracy                         0.7800  23031132
   macro avg     0.6792    0.9248    0.7520  23031132
weighted avg     0.8647    0.7800    0.7870  23031132

2026-04-13 14:05:49,476 - [INFO] - 👉 Validation Loss: 0.0000
2026-04-13 14:06:00,092 - [INFO] - 
==================== EPOCH 10 ====================
2026-04-13 15:19:29,479 - [INFO] - 
📊 BÁO CÁO KẾT QUẢ EPOCH 10:
              precision    recall  f1-score   support

      Benign     0.9363    0.9622    0.9491    239992
      Botnet     1.0000    0.9875    0.9937    348776
 Brute_Force     0.3372    0.9847    0.5024      2678
        DDoS     0.9901    0.6762    0.8036  14892160
         DoS     0.5329    0.9651    0.6866   3357559
Infiltration     0.7311    0.9752    0.8357     97363
Other_Attack     0.6782    0.9976    0.8075   4017482
    PortScan     0.5074    0.9201    0.6541     70979
  Web_Attack     0.2974    0.8470    0.4402      4143

    accuracy                         0.7842  23031132
   macro avg     0.6678    0.9240    0.7414  23031132
weighted avg     0.8658    0.7842    0.7912  23031132

2026-04-13 15:19:29,479 - [INFO] - 👉 Validation Loss: 0.0000
2026-04-13 15:19:44,083 - [INFO] - 
==================== EPOCH 11 ====================
2026-04-13 19:13:06,093 - [INFO] - 
📊 BÁO CÁO KẾT QUẢ EPOCH 11:
              precision    recall  f1-score   support

      Benign     0.9364    0.9634    0.9497    239992
      Botnet     1.0000    0.9887    0.9943    348776
 Brute_Force     0.3048    0.9918    0.4663      2678
        DDoS     0.9910    0.6888    0.8127  14892160
         DoS     0.5429    0.9685    0.6958   3357559
Infiltration     0.7638    0.9770    0.8573     97363
Other_Attack     0.6864    0.9977    0.8133   4017482
    PortScan     0.5620    0.9230    0.6986     70979
  Web_Attack     0.3383    0.8023    0.4759      4143

    accuracy                         0.7928  23031132
   macro avg     0.6806    0.9224    0.7515  23031132
weighted avg     0.8696    0.7928    0.7997  23031132

2026-04-13 19:13:06,093 - [INFO] - 👉 Validation Loss: 0.0000
2026-04-13 19:13:16,171 - [INFO] - 
==================== EPOCH 12 ====================
2026-04-13 21:45:51,306 - [INFO] - 
📊 BÁO CÁO KẾT QUẢ EPOCH 12:
              precision    recall  f1-score   support

      Benign     0.9352    0.9708    0.9526    239992
      Botnet     1.0000    0.9866    0.9933    348776
 Brute_Force     0.3320    0.9824    0.4963      2678
        DDoS     0.9912    0.6910    0.8143  14892160
         DoS     0.5410    0.9696    0.6945   3357559
Infiltration     0.7956    0.9674    0.8731     97363
Other_Attack     0.6944    0.9977    0.8189   4017482
    PortScan     0.5230    0.9386    0.6717     70979
  Web_Attack     0.2999    0.8412    0.4422      4143

    accuracy                         0.7945  23031132
   macro avg     0.6791    0.9273    0.7508  23031132
weighted avg     0.8709    0.7945    0.8015  23031132

2026-04-13 21:45:51,306 - [INFO] - 👉 Validation Loss: 0.0000
2026-04-13 21:46:01,769 - [INFO] - 
==================== EPOCH 13 ====================
2026-04-14 00:39:48,316 - [INFO] - 
📊 BÁO CÁO KẾT QUẢ EPOCH 13:
              precision    recall  f1-score   support

      Benign     0.9344    0.9822    0.9577    239992
      Botnet     1.0000    0.9797    0.9898    348776
 Brute_Force     0.2570    0.9858    0.4078      2678
        DDoS     0.9915    0.7029    0.8226  14892160
         DoS     0.5521    0.9704    0.7038   3357559
Infiltration     0.7954    0.9728    0.8752     97363
Other_Attack     0.7003    0.9977    0.8229   4017482
    PortScan     0.5750    0.9460    0.7152     70979
  Web_Attack     0.4218    0.8349    0.5604      4143

    accuracy                         0.8024  23031132
   macro avg     0.6919    0.9303    0.7617  23031132
weighted avg     0.8739    0.8024    0.8091  23031132

2026-04-14 00:39:48,316 - [INFO] - 👉 Validation Loss: 0.0000
2026-04-14 00:39:58,996 - [INFO] - 
==================== EPOCH 14 ====================
2026-04-14 03:54:26,089 - [INFO] - 
📊 BÁO CÁO KẾT QUẢ EPOCH 14:
              precision    recall  f1-score   support

      Benign     0.9356    0.9774    0.9560    239992
      Botnet     1.0000    0.9893    0.9946    348776
 Brute_Force     0.3907    0.9869    0.5598      2678
        DDoS     0.9919    0.7066    0.8253  14892160
         DoS     0.5527    0.9719    0.7047   3357559
Infiltration     0.7925    0.9798    0.8762     97363
Other_Attack     0.7057    0.9977    0.8266   4017482
    PortScan     0.6217    0.9473    0.7507     70979
  Web_Attack     0.4648    0.8279    0.5953      4143

    accuracy                         0.8051  23031132
   macro avg     0.7173    0.9316    0.7877  23031132
weighted avg     0.8753    0.8051    0.8118  23031132

2026-04-14 03:54:26,090 - [INFO] - 👉 Validation Loss: 0.0000
2026-04-14 03:54:36,381 - [INFO] - 
==================== EPOCH 15 ====================
2026-04-14 06:46:59,813 - [INFO] - 
📊 BÁO CÁO KẾT QUẢ EPOCH 15:
              precision    recall  f1-score   support

      Benign     0.9353    0.9798    0.9571    239992
      Botnet     1.0000    0.9888    0.9943    348776
 Brute_Force     0.3763    0.9854    0.5446      2678
        DDoS     0.9928    0.7132    0.8301  14892160
         DoS     0.5564    0.9748    0.7084   3357559
Infiltration     0.8047    0.9765    0.8823     97363
Other_Attack     0.7145    0.9977    0.8327   4017482
    PortScan     0.6056    0.9464    0.7386     70979
  Web_Attack     0.4230    0.8332    0.5611      4143

    accuracy                         0.8098  23031132
   macro avg     0.7121    0.9329    0.7833  23031132
weighted avg     0.8780    0.8098    0.8165  23031132

2026-04-14 06:46:59,813 - [INFO] - 👉 Validation Loss: 0.0000
2026-04-14 06:47:09,712 - [INFO] - 
==================== EPOCH 16 ====================
2026-04-14 07:57:59,741 - [INFO] - 
📊 BÁO CÁO KẾT QUẢ EPOCH 16:
              precision    recall  f1-score   support

      Benign     0.9362    0.9762    0.9558    239992
      Botnet     1.0000    0.9642    0.9818    348776
 Brute_Force     0.1704    0.9869    0.2906      2678
        DDoS     0.9925    0.7180    0.8332  14892160
         DoS     0.5600    0.9738    0.7111   3357559
Infiltration     0.8086    0.9789    0.8857     97363
Other_Attack     0.7202    0.9977    0.8365   4017482
    PortScan     0.5353    0.9447    0.6834     70979
  Web_Attack     0.4152    0.8446    0.5567      4143

    accuracy                         0.8123  23031132
   macro avg     0.6820    0.9317    0.7483  23031132
weighted avg     0.8791    0.8123    0.8191  23031132

2026-04-14 07:57:59,741 - [INFO] - 👉 Validation Loss: 0.0000
2026-04-14 07:58:09,818 - [INFO] - 
==================== EPOCH 17 ====================
2026-04-14 09:09:15,110 - [INFO] - 
📊 BÁO CÁO KẾT QUẢ EPOCH 17:
              precision    recall  f1-score   support

      Benign     0.9367    0.9685    0.9523    239992
      Botnet     1.0000    0.9899    0.9949    348776
 Brute_Force     0.3398    0.9895    0.5059      2678
        DDoS     0.9930    0.7256    0.8385  14892160
         DoS     0.5651    0.9754    0.7156   3357559
Infiltration     0.8139    0.9782    0.8885     97363
Other_Attack     0.7269    0.9977    0.8410   4017482
    PortScan     0.5955    0.9211    0.7234     70979
  Web_Attack     0.3363    0.8339    0.4793      4143

    accuracy                         0.8178  23031132
   macro avg     0.7008    0.9311    0.7711  23031132
weighted avg     0.8815    0.8178    0.8243  23031132

2026-04-14 09:09:15,111 - [INFO] - 👉 Validation Loss: 0.0000
2026-04-14 09:09:25,048 - [INFO] - 
==================== EPOCH 18 ====================
2026-04-14 10:20:43,747 - [INFO] - 
📊 BÁO CÁO KẾT QUẢ EPOCH 18:
              precision    recall  f1-score   support

      Benign     0.9346    0.9854    0.9593    239992
      Botnet     1.0000    0.9906    0.9953    348776
 Brute_Force     0.4440    0.9772    0.6106      2678
        DDoS     0.9934    0.7292    0.8411  14892160
         DoS     0.5673    0.9767    0.7178   3357559
Infiltration     0.8365    0.9765    0.9011     97363
Other_Attack     0.7305    0.9976    0.8435   4017482
    PortScan     0.6335    0.9486    0.7597     70979
  Web_Attack     0.4533    0.8484    0.5909      4143

    accuracy                         0.8205  23031132
   macro avg     0.7326    0.9367    0.8021  23031132
weighted avg     0.8830    0.8205    0.8270  23031132

2026-04-14 10:20:43,747 - [INFO] - 👉 Validation Loss: 0.0000
2026-04-14 10:20:53,659 - [INFO] - 
==================== EPOCH 19 ====================
2026-04-14 11:32:08,669 - [INFO] - 
📊 BÁO CÁO KẾT QUẢ EPOCH 19:
              precision    recall  f1-score   support

      Benign     0.9353    0.9832    0.9587    239992
      Botnet     1.0000    0.9878    0.9938    348776
 Brute_Force     0.3718    0.9824    0.5395      2678
        DDoS     0.9935    0.7279    0.8402  14892160
         DoS     0.5634    0.9774    0.7148   3357559
Infiltration     0.8483    0.9788    0.9089     97363
Other_Attack     0.7336    0.9976    0.8455   4017482
    PortScan     0.6190    0.9524    0.7503     70979
  Web_Attack     0.4783    0.8417    0.6099      4143

    accuracy                         0.8197  23031132
   macro avg     0.7270    0.9366    0.7957  23031132
weighted avg     0.8830    0.8197    0.8263  23031132

2026-04-14 11:32:08,669 - [INFO] - 👉 Validation Loss: 0.0000
2026-04-14 11:32:19,089 - [INFO] - 
==================== EPOCH 20 ====================
2026-04-14 12:43:10,217 - [INFO] - 
📊 BÁO CÁO KẾT QUẢ EPOCH 20:
              precision    recall  f1-score   support

      Benign     0.9349    0.9771    0.9555    239992
      Botnet     1.0000    0.9743    0.9870    348776
 Brute_Force     0.2166    0.9866    0.3552      2678
        DDoS     0.9940    0.7309    0.8424  14892160
         DoS     0.5633    0.9792    0.7152   3357559
Infiltration     0.8299    0.9761    0.8971     97363
Other_Attack     0.7431    0.9976    0.8517   4017482
    PortScan     0.5359    0.9359    0.6815     70979
  Web_Attack     0.3607    0.8549    0.5073      4143

    accuracy                         0.8216  23031132
   macro avg     0.6865    0.9347    0.7548  23031132
weighted avg     0.8846    0.8216    0.8284  23031132

2026-04-14 12:43:10,217 - [INFO] - 👉 Validation Loss: 0.0000
2026-04-14 12:43:20,629 - [INFO] - 
==================== EPOCH 21 ====================
2026-04-14 13:54:27,839 - [INFO] - 
📊 BÁO CÁO KẾT QUẢ EPOCH 21:
              precision    recall  f1-score   support

      Benign     0.9335    0.9848    0.9585    239992
      Botnet     1.0000    0.9908    0.9954    348776
 Brute_Force     0.4455    0.9746    0.6115      2678
        DDoS     0.9940    0.7313    0.8427  14892160
         DoS     0.5630    0.9792    0.7149   3357559
Infiltration     0.8485    0.9736    0.9067     97363
Other_Attack     0.7424    0.9976    0.8513   4017482
    PortScan     0.5998    0.9369    0.7313     70979
  Web_Attack     0.3747    0.8658    0.5230      4143

    accuracy                         0.8222  23031132
   macro avg     0.7224    0.9372    0.7928  23031132
weighted avg     0.8847    0.8222    0.8289  23031132

2026-04-14 13:54:27,839 - [INFO] - 👉 Validation Loss: 0.0000
2026-04-14 13:54:37,245 - [INFO] - 
==================== EPOCH 22 ====================
2026-04-14 15:05:19,967 - [INFO] - 
📊 BÁO CÁO KẾT QUẢ EPOCH 22:
              precision    recall  f1-score   support

      Benign     0.9361    0.9724    0.9539    239992
      Botnet     1.0000    0.9920    0.9960    348776
 Brute_Force     0.4262    0.9839    0.5948      2678
        DDoS     0.9940    0.7413    0.8493  14892160
         DoS     0.5732    0.9789    0.7231   3357559
Infiltration     0.7946    0.9853    0.8797     97363
Other_Attack     0.7479    0.9976    0.8549   4017482
    PortScan     0.6497    0.9168    0.7605     70979
  Web_Attack     0.3676    0.8631    0.5156      4143

    accuracy                         0.8285  23031132
   macro avg     0.7210    0.9368    0.7920  23031132
weighted avg     0.8871    0.8285    0.8349  23031132

2026-04-14 15:05:19,967 - [INFO] - 👉 Validation Loss: 0.0000
2026-04-14 15:05:29,352 - [INFO] - 
==================== EPOCH 23 ====================
2026-04-14 16:15:51,191 - [INFO] - 
📊 BÁO CÁO KẾT QUẢ EPOCH 23:
              precision    recall  f1-score   support

      Benign     0.9339    0.9851    0.9588    239992
      Botnet     1.0000    0.9925    0.9962    348776
 Brute_Force     0.4311    0.9817    0.5991      2678
        DDoS     0.9948    0.7446    0.8517  14892160
         DoS     0.5742    0.9816    0.7245   3357559
Infiltration     0.8571    0.9797    0.9143     97363
Other_Attack     0.7532    0.9975    0.8583   4017482
    PortScan     0.6737    0.9456    0.7868     70979
  Web_Attack     0.4968    0.8359    0.6232      4143

    accuracy                         0.8312  23031132
   macro avg     0.7461    0.9382    0.8125  23031132
weighted avg     0.8890    0.8312    0.8376  23031132

2026-04-14 16:15:51,192 - [INFO] - 👉 Validation Loss: 0.0000
2026-04-14 16:16:01,043 - [INFO] - 
==================== EPOCH 24 ====================
2026-04-14 17:26:38,269 - [INFO] - 
📊 BÁO CÁO KẾT QUẢ EPOCH 24:
              precision    recall  f1-score   support

      Benign     0.9348    0.9810    0.9573    239992
      Botnet     1.0000    0.9890    0.9945    348776
 Brute_Force     0.3855    0.9866    0.5543      2678
        DDoS     0.9947    0.7424    0.8502  14892160
         DoS     0.5689    0.9819    0.7204   3357559
Infiltration     0.8349    0.9813    0.9022     97363
Other_Attack     0.7587    0.9975    0.8618   4017482
    PortScan     0.5883    0.9505    0.7268     70979
  Web_Attack     0.4701    0.8436    0.6038      4143

    accuracy                         0.8297  23031132
   macro avg     0.7262    0.9393    0.7968  23031132
weighted avg     0.8888    0.8297    0.8364  23031132

2026-04-14 17:26:38,269 - [INFO] - 👉 Validation Loss: 0.0000
2026-04-14 17:26:48,180 - [INFO] - 
==================== EPOCH 25 ====================
2026-04-14 18:36:54,941 - [INFO] - 
📊 BÁO CÁO KẾT QUẢ EPOCH 25:
              precision    recall  f1-score   support

      Benign     0.9350    0.9846    0.9591    239992
      Botnet     1.0000    0.9930    0.9965    348776
 Brute_Force     0.5256    0.9739    0.6827      2678
        DDoS     0.9945    0.7494    0.8547  14892160
         DoS     0.5813    0.9806    0.7299   3357559
Infiltration     0.8582    0.9809    0.9155     97363
Other_Attack     0.7525    0.9976    0.8579   4017482
    PortScan     0.6950    0.9553    0.8046     70979
  Web_Attack     0.4825    0.8506    0.6158      4143

    accuracy                         0.8342  23031132
   macro avg     0.7583    0.9406    0.8241  23031132
weighted avg     0.8899    0.8342    0.8404  23031132

2026-04-14 18:36:54,941 - [INFO] - 👉 Validation Loss: 0.0000
2026-04-14 18:37:04,386 - [INFO] - 
==================== EPOCH 26 ====================
2026-04-14 19:46:59,040 - [INFO] - 
📊 BÁO CÁO KẾT QUẢ EPOCH 26:
              precision    recall  f1-score   support

      Benign     0.9351    0.9836    0.9587    239992
      Botnet     1.0000    0.9905    0.9952    348776
 Brute_Force     0.3992    0.9866    0.5684      2678
        DDoS     0.9949    0.7512    0.8560  14892160
         DoS     0.5793    0.9820    0.7287   3357559
Infiltration     0.8476    0.9820    0.9098     97363
Other_Attack     0.7595    0.9975    0.8624   4017482
    PortScan     0.7082    0.9418    0.8085     70979
  Web_Attack     0.4623    0.8472    0.5982      4143

    accuracy                         0.8355  23031132
   macro avg     0.7429    0.9403    0.8096  23031132
weighted avg     0.8910    0.8355    0.8418  23031132

2026-04-14 19:46:59,040 - [INFO] - 👉 Validation Loss: 0.0000
2026-04-14 19:47:08,945 - [INFO] - 
==================== EPOCH 27 ====================
2026-04-14 20:57:02,009 - [INFO] - 
📊 BÁO CÁO KẾT QUẢ EPOCH 27:
              precision    recall  f1-score   support

      Benign     0.9353    0.9847    0.9594    239992
      Botnet     1.0000    0.9924    0.9962    348776
 Brute_Force     0.4935    0.9783    0.6561      2678
        DDoS     0.9948    0.7520    0.8566  14892160
         DoS     0.5813    0.9817    0.7302   3357559
Infiltration     0.8619    0.9808    0.9175     97363
Other_Attack     0.7578    0.9975    0.8613   4017482
    PortScan     0.7342    0.9408    0.8248     70979
  Web_Attack     0.4271    0.8677    0.5724      4143

    accuracy                         0.8360  23031132
   macro avg     0.7540    0.9418    0.8194  23031132
weighted avg     0.8911    0.8360    0.8422  23031132

2026-04-14 20:57:02,010 - [INFO] - 👉 Validation Loss: 0.0000
2026-04-14 20:57:11,865 - [INFO] - 
==================== EPOCH 28 ====================
2026-04-14 22:07:34,447 - [INFO] - 
📊 BÁO CÁO KẾT QUẢ EPOCH 28:
              precision    recall  f1-score   support

      Benign     0.9362    0.9786    0.9569    239992
      Botnet     1.0000    0.9922    0.9961    348776
 Brute_Force     0.4719    0.9817    0.6374      2678
        DDoS     0.9948    0.7531    0.8572  14892160
         DoS     0.5819    0.9816    0.7306   3357559
Infiltration     0.8519    0.9857    0.9139     97363
Other_Attack     0.7589    0.9975    0.8620   4017482
    PortScan     0.7443    0.9302    0.8269     70979
  Web_Attack     0.4149    0.8692    0.5617      4143

    accuracy                         0.8366  23031132
   macro avg     0.7505    0.9411    0.8159  23031132
weighted avg     0.8914    0.8366    0.8428  23031132

2026-04-14 22:07:34,447 - [INFO] - 👉 Validation Loss: 0.0000
2026-04-14 22:07:45,145 - [INFO] - 
==================== EPOCH 29 ====================
2026-04-14 23:18:20,759 - [INFO] - 
📊 BÁO CÁO KẾT QUẢ EPOCH 29:
              precision    recall  f1-score   support

      Benign     0.9357    0.9829    0.9587    239992
      Botnet     1.0000    0.9899    0.9949    348776
 Brute_Force     0.4014    0.9851    0.5704      2678
        DDoS     0.9949    0.7534    0.8575  14892160
         DoS     0.5814    0.9821    0.7304   3357559
Infiltration     0.8638    0.9826    0.9194     97363
Other_Attack     0.7605    0.9975    0.8630   4017482
    PortScan     0.7428    0.9430    0.8310     70979
  Web_Attack     0.4493    0.8540    0.5888      4143

    accuracy                         0.8369  23031132
   macro avg     0.7478    0.9412    0.8127  23031132
weighted avg     0.8917    0.8369    0.8432  23031132

2026-04-14 23:18:20,759 - [INFO] - 👉 Validation Loss: 0.0000
2026-04-14 23:18:30,272 - [INFO] - 🛑 Kích hoạt Early Stopping! Mô hình hội tụ tại Epoch 29.
