2026-06-28 04:26:04,803 - [INFO] - 🚀 Khởi chạy Failure & Generalization Experiment (H6)
2026-06-28 04:26:04,804 - [INFO] - 🔬 Phần 1: Failure Analysis
2026-06-28 04:28:17,237 - [INFO] - 
  🧪 Kịch bản: Clean
2026-06-28 04:28:21,830 - [INFO] -       [Fine-tune] Epoch 1/1 - Loss: 8.6635
2026-06-28 04:28:23,903 - [INFO] -       [Fine-tune] Epoch 1/1 - Loss: 7.2989
2026-06-28 04:28:26,161 - [INFO] -       [Fine-tune] Epoch 1/1 - Loss: 0.2020
2026-06-28 04:28:28,015 - [INFO] -       [Fine-tune] Epoch 1/1 - Loss: 0.4160
2026-06-28 04:28:30,201 - [INFO] -       [Fine-tune] Epoch 1/1 - Loss: 0.3587
2026-06-28 04:28:32,178 - [INFO] -       [Fine-tune] Epoch 1/1 - Loss: 1.3765
2026-06-28 04:28:34,859 - [INFO] -       [Fine-tune] Epoch 1/1 - Loss: 1.5464
2026-06-28 04:28:37,017 - [INFO] -       [Fine-tune] Epoch 1/1 - Loss: 0.0488
2026-06-28 04:28:38,756 - [INFO] -       [Fine-tune] Epoch 1/1 - Loss: 0.1946
2026-06-28 04:28:40,669 - [INFO] -       [Fine-tune] Epoch 1/1 - Loss: 0.3328
2026-06-28 04:28:42,552 - [INFO] -       [Fine-tune] Epoch 1/1 - Loss: 7.4195
2026-06-28 04:28:44,185 - [INFO] -       [Fine-tune] Epoch 1/1 - Loss: 7.3675
2026-06-28 04:28:45,817 - [INFO] -       [Fine-tune] Epoch 1/1 - Loss: 7.3502
2026-06-28 04:28:47,383 - [INFO] -       [Fine-tune] Epoch 1/1 - Loss: 7.3329
2026-06-28 04:28:49,025 - [INFO] -       [Fine-tune] Epoch 1/1 - Loss: 7.3155
2026-06-28 04:28:50,646 - [INFO] -       [Fine-tune] Epoch 1/1 - Loss: 7.2982
2026-06-28 04:28:52,250 - [INFO] -       [Fine-tune] Epoch 1/1 - Loss: 7.2809
2026-06-28 04:28:53,995 - [INFO] -       [Fine-tune] Epoch 1/1 - Loss: 7.2636
2026-06-28 04:28:55,741 - [INFO] -       [Fine-tune] Epoch 1/1 - Loss: 7.2462
2026-06-28 04:28:57,510 - [INFO] -       [Fine-tune] Epoch 1/1 - Loss: 7.2289
2026-06-28 04:28:59,058 - [INFO] -       [Fine-tune] Epoch 1/1 - Loss: 7.2116
2026-06-28 04:29:00,543 - [INFO] -       [Fine-tune] Epoch 1/1 - Loss: 7.1943
2026-06-28 04:29:02,172 - [INFO] -       [Fine-tune] Epoch 1/1 - Loss: 7.1769
2026-06-28 04:29:03,744 - [INFO] -       [Fine-tune] Epoch 1/1 - Loss: 7.1596
2026-06-28 04:29:05,378 - [INFO] -       [Fine-tune] Epoch 1/1 - Loss: 7.1423
2026-06-28 04:29:06,950 - [INFO] -       [Fine-tune] Epoch 1/1 - Loss: 7.1250
2026-06-28 04:29:08,549 - [INFO] -       [Fine-tune] Epoch 1/1 - Loss: 7.1077
2026-06-28 04:29:10,172 - [INFO] -       [Fine-tune] Epoch 1/1 - Loss: 7.0903
2026-06-28 04:29:11,674 - [INFO] -       [Fine-tune] Epoch 1/1 - Loss: 7.0730
2026-06-28 04:29:13,367 - [INFO] -       [Fine-tune] Epoch 1/1 - Loss: 7.0557
2026-06-28 04:29:14,950 - [INFO] -       [Fine-tune] Epoch 1/1 - Loss: 7.0384
2026-06-28 04:29:16,530 - [INFO] -       [Fine-tune] Epoch 1/1 - Loss: 7.0210
2026-06-28 04:29:18,088 - [INFO] -       [Fine-tune] Epoch 1/1 - Loss: 7.0037
2026-06-28 04:29:19,788 - [INFO] -       [Fine-tune] Epoch 1/1 - Loss: 6.9864
2026-06-28 04:29:21,460 - [INFO] -       [Fine-tune] Epoch 1/1 - Loss: 6.9691
2026-06-28 04:29:23,262 - [INFO] -       [Fine-tune] Epoch 1/1 - Loss: 6.9518
2026-06-28 04:29:25,005 - [INFO] -       [Fine-tune] Epoch 1/1 - Loss: 6.9344
2026-06-28 04:29:26,744 - [INFO] -       [Fine-tune] Epoch 1/1 - Loss: 6.9171
2026-06-28 04:29:28,474 - [INFO] -       [Fine-tune] Epoch 1/1 - Loss: 6.8998
2026-06-28 04:29:30,207 - [INFO] -       [Fine-tune] Epoch 1/1 - Loss: 6.8825
2026-06-28 04:29:31,945 - [INFO] -       [Fine-tune] Epoch 1/1 - Loss: 6.8652
2026-06-28 04:29:33,849 - [INFO] -       [Fine-tune] Epoch 1/1 - Loss: 6.8478
2026-06-28 04:29:35,758 - [INFO] -       [Fine-tune] Epoch 1/1 - Loss: 6.8305
2026-06-28 04:29:37,562 - [INFO] -       [Fine-tune] Epoch 1/1 - Loss: 6.8132
2026-06-28 04:29:39,300 - [INFO] -       [Fine-tune] Epoch 1/1 - Loss: 6.7959
2026-06-28 04:29:41,258 - [INFO] -       [Fine-tune] Epoch 1/1 - Loss: 6.7786
2026-06-28 04:29:43,131 - [INFO] -       [Fine-tune] Epoch 1/1 - Loss: 6.7612
2026-06-28 04:29:44,933 - [INFO] -       [Fine-tune] Epoch 1/1 - Loss: 6.7439
2026-06-28 04:29:46,736 - [INFO] -       [Fine-tune] Epoch 1/1 - Loss: 6.7266
2026-06-28 04:29:48,422 - [INFO] -       [Fine-tune] Epoch 1/1 - Loss: 6.7093
2026-06-28 04:29:49,259 - [INFO] -     Drifts=0 | FAR=0.000 | MTBFA=50.0 | Avg F1=0.0233
2026-06-28 04:29:49,259 - [INFO] - 
  🧪 Kịch bản: Gaussian_Noise_0.1
2026-06-28 04:29:51,964 - [INFO] -       [Fine-tune] Epoch 1/1 - Loss: 8.6635
2026-06-28 04:29:54,105 - [INFO] -       [Fine-tune] Epoch 1/1 - Loss: 7.2989
2026-06-28 04:29:56,902 - [INFO] -       [Fine-tune] Epoch 1/1 - Loss: 0.2583
2026-06-28 04:29:59,007 - [INFO] -       [Fine-tune] Epoch 1/1 - Loss: 0.4425
2026-06-28 04:30:01,414 - [INFO] -       [Fine-tune] Epoch 1/1 - Loss: 0.4092
2026-06-28 04:30:03,462 - [INFO] -       [Fine-tune] Epoch 1/1 - Loss: 1.5900
2026-06-28 04:30:06,208 - [INFO] -       [Fine-tune] Epoch 1/1 - Loss: 1.6059
2026-06-28 04:30:08,215 - [INFO] -       [Fine-tune] Epoch 1/1 - Loss: 0.0759
2026-06-28 04:30:10,041 - [INFO] -       [Fine-tune] Epoch 1/1 - Loss: 0.2201
2026-06-28 04:30:11,926 - [INFO] -       [Fine-tune] Epoch 1/1 - Loss: 0.3500
2026-06-28 04:30:13,581 - [INFO] -       [Fine-tune] Epoch 1/1 - Loss: 7.4421
2026-06-28 04:30:15,179 - [INFO] -       [Fine-tune] Epoch 1/1 - Loss: 7.3902
2026-06-28 04:30:16,784 - [INFO] -       [Fine-tune] Epoch 1/1 - Loss: 7.3728
2026-06-28 04:30:18,446 - [INFO] -       [Fine-tune] Epoch 1/1 - Loss: 7.3555
2026-06-28 04:30:20,312 - [INFO] -       [Fine-tune] Epoch 1/1 - Loss: 7.3382
2026-06-28 04:30:22,180 - [INFO] -       [Fine-tune] Epoch 1/1 - Loss: 7.3209
2026-06-28 04:30:24,007 - [INFO] -       [Fine-tune] Epoch 1/1 - Loss: 7.3035
2026-06-28 04:30:25,666 - [INFO] -       [Fine-tune] Epoch 1/1 - Loss: 7.2862
2026-06-28 04:30:27,376 - [INFO] -       [Fine-tune] Epoch 1/1 - Loss: 7.2689
2026-06-28 04:30:29,107 - [INFO] -       [Fine-tune] Epoch 1/1 - Loss: 7.2516
2026-06-28 04:30:30,692 - [INFO] -       [Fine-tune] Epoch 1/1 - Loss: 7.2342
2026-06-28 04:30:32,310 - [INFO] -       [Fine-tune] Epoch 1/1 - Loss: 7.2169
2026-06-28 04:30:33,925 - [INFO] -       [Fine-tune] Epoch 1/1 - Loss: 7.1996
2026-06-28 04:30:35,434 - [INFO] -       [Fine-tune] Epoch 1/1 - Loss: 7.1823
2026-06-28 04:30:37,022 - [INFO] -       [Fine-tune] Epoch 1/1 - Loss: 7.1650
2026-06-28 04:30:38,714 - [INFO] -       [Fine-tune] Epoch 1/1 - Loss: 7.1476
2026-06-28 04:30:40,685 - [INFO] -       [Fine-tune] Epoch 1/1 - Loss: 7.1303
2026-06-28 04:30:42,492 - [INFO] -       [Fine-tune] Epoch 1/1 - Loss: 7.1130
2026-06-28 04:30:44,208 - [INFO] -       [Fine-tune] Epoch 1/1 - Loss: 7.0957
2026-06-28 04:30:45,941 - [INFO] -       [Fine-tune] Epoch 1/1 - Loss: 7.0784
2026-06-28 04:30:47,587 - [INFO] -       [Fine-tune] Epoch 1/1 - Loss: 7.0610
2026-06-28 04:30:49,138 - [INFO] -       [Fine-tune] Epoch 1/1 - Loss: 7.0437
2026-06-28 04:30:50,703 - [INFO] -       [Fine-tune] Epoch 1/1 - Loss: 7.0264
2026-06-28 04:30:52,211 - [INFO] -       [Fine-tune] Epoch 1/1 - Loss: 7.0091
2026-06-28 04:30:53,879 - [INFO] -       [Fine-tune] Epoch 1/1 - Loss: 6.9918
2026-06-28 04:30:55,588 - [INFO] -       [Fine-tune] Epoch 1/1 - Loss: 6.9744
2026-06-28 04:30:57,139 - [INFO] -       [Fine-tune] Epoch 1/1 - Loss: 6.9571
2026-06-28 04:30:58,666 - [INFO] -       [Fine-tune] Epoch 1/1 - Loss: 6.9398
2026-06-28 04:31:00,401 - [INFO] -       [Fine-tune] Epoch 1/1 - Loss: 6.9225
2026-06-28 04:31:02,027 - [INFO] -       [Fine-tune] Epoch 1/1 - Loss: 6.9052
2026-06-28 04:31:03,650 - [INFO] -       [Fine-tune] Epoch 1/1 - Loss: 6.8878
2026-06-28 04:31:05,359 - [INFO] -       [Fine-tune] Epoch 1/1 - Loss: 6.8705
2026-06-28 04:31:06,926 - [INFO] -       [Fine-tune] Epoch 1/1 - Loss: 6.8532
2026-06-28 04:31:08,555 - [INFO] -       [Fine-tune] Epoch 1/1 - Loss: 6.8359
2026-06-28 04:31:10,248 - [INFO] -       [Fine-tune] Epoch 1/1 - Loss: 6.8186
2026-06-28 04:31:11,895 - [INFO] -       [Fine-tune] Epoch 1/1 - Loss: 6.8013
2026-06-28 04:31:13,524 - [INFO] -       [Fine-tune] Epoch 1/1 - Loss: 6.7839
2026-06-28 04:31:15,106 - [INFO] -       [Fine-tune] Epoch 1/1 - Loss: 6.7666
2026-06-28 04:31:16,745 - [INFO] -       [Fine-tune] Epoch 1/1 - Loss: 6.7493
2026-06-28 04:31:18,409 - [INFO] -       [Fine-tune] Epoch 1/1 - Loss: 6.7320
2026-06-28 04:31:19,216 - [INFO] -     Drifts=0 | FAR=0.000 | MTBFA=50.0 | Avg F1=0.0220
2026-06-28 04:31:19,217 - [INFO] - 
  🧪 Kịch bản: Gaussian_Noise_0.5
2026-06-28 04:31:21,826 - [INFO] -       [Fine-tune] Epoch 1/1 - Loss: 8.6635
2026-06-28 04:31:24,013 - [INFO] -       [Fine-tune] Epoch 1/1 - Loss: 7.2989
2026-06-28 04:31:26,525 - [INFO] -       [Fine-tune] Epoch 1/1 - Loss: 1.6445
2026-06-28 04:31:28,687 - [INFO] -       [Fine-tune] Epoch 1/1 - Loss: 1.5167
2026-06-28 04:31:31,223 - [INFO] -       [Fine-tune] Epoch 1/1 - Loss: 1.2898
2026-06-28 04:31:33,506 - [INFO] -       [Fine-tune] Epoch 1/1 - Loss: 2.1030
2026-06-28 04:31:36,391 - [INFO] -       [Fine-tune] Epoch 1/1 - Loss: 2.1610
2026-06-28 04:31:38,552 - [INFO] -       [Fine-tune] Epoch 1/1 - Loss: 0.6379
2026-06-28 04:31:40,483 - [INFO] -       [Fine-tune] Epoch 1/1 - Loss: 0.6134
2026-06-28 04:31:42,575 - [INFO] -       [Fine-tune] Epoch 1/1 - Loss: 0.7094
2026-06-28 04:31:44,290 - [INFO] -       [Fine-tune] Epoch 1/1 - Loss: 7.4656
2026-06-28 04:31:45,867 - [INFO] -       [Fine-tune] Epoch 1/1 - Loss: 7.4136
2026-06-28 04:31:47,729 - [INFO] -       [Fine-tune] Epoch 1/1 - Loss: 7.3963
2026-06-28 04:31:49,481 - [INFO] -       [Fine-tune] Epoch 1/1 - Loss: 7.3790
2026-06-28 04:31:51,192 - [INFO] -       [Fine-tune] Epoch 1/1 - Loss: 7.3617
2026-06-28 04:31:52,899 - [INFO] -       [Fine-tune] Epoch 1/1 - Loss: 7.3444
2026-06-28 04:31:54,676 - [INFO] -       [Fine-tune] Epoch 1/1 - Loss: 7.3270
2026-06-28 04:31:56,338 - [INFO] -       [Fine-tune] Epoch 1/1 - Loss: 7.3097
2026-06-28 04:31:57,895 - [INFO] -       [Fine-tune] Epoch 1/1 - Loss: 7.2924
2026-06-28 04:31:59,648 - [INFO] -       [Fine-tune] Epoch 1/1 - Loss: 7.2751
2026-06-28 04:32:01,361 - [INFO] -       [Fine-tune] Epoch 1/1 - Loss: 7.2578
2026-06-28 04:32:03,156 - [INFO] -       [Fine-tune] Epoch 1/1 - Loss: 7.2405
2026-06-28 04:32:04,973 - [INFO] -       [Fine-tune] Epoch 1/1 - Loss: 7.2231
2026-06-28 04:32:06,780 - [INFO] -       [Fine-tune] Epoch 1/1 - Loss: 7.2058
2026-06-28 04:32:08,543 - [INFO] -       [Fine-tune] Epoch 1/1 - Loss: 7.1885
2026-06-28 04:32:10,246 - [INFO] -       [Fine-tune] Epoch 1/1 - Loss: 7.1712
2026-06-28 04:32:12,044 - [INFO] -       [Fine-tune] Epoch 1/1 - Loss: 7.1539
2026-06-28 04:32:13,708 - [INFO] -       [Fine-tune] Epoch 1/1 - Loss: 7.1366
2026-06-28 04:32:15,389 - [INFO] -       [Fine-tune] Epoch 1/1 - Loss: 7.1193
2026-06-28 04:32:17,074 - [INFO] -       [Fine-tune] Epoch 1/1 - Loss: 7.1019
2026-06-28 04:32:18,682 - [INFO] -       [Fine-tune] Epoch 1/1 - Loss: 7.0846
2026-06-28 04:32:20,320 - [INFO] -       [Fine-tune] Epoch 1/1 - Loss: 7.0673
2026-06-28 04:32:21,978 - [INFO] -       [Fine-tune] Epoch 1/1 - Loss: 7.0500
2026-06-28 04:32:23,717 - [INFO] -       [Fine-tune] Epoch 1/1 - Loss: 7.0327
2026-06-28 04:32:25,533 - [INFO] -       [Fine-tune] Epoch 1/1 - Loss: 7.0154
2026-06-28 04:32:27,179 - [INFO] -       [Fine-tune] Epoch 1/1 - Loss: 6.9981
2026-06-28 04:32:28,917 - [INFO] -       [Fine-tune] Epoch 1/1 - Loss: 6.9808
2026-06-28 04:32:30,644 - [INFO] -       [Fine-tune] Epoch 1/1 - Loss: 6.9634
2026-06-28 04:32:32,316 - [INFO] -       [Fine-tune] Epoch 1/1 - Loss: 6.9461
2026-06-28 04:32:34,114 - [INFO] -       [Fine-tune] Epoch 1/1 - Loss: 6.9288
2026-06-28 04:32:36,000 - [INFO] -       [Fine-tune] Epoch 1/1 - Loss: 6.9115
2026-06-28 04:32:38,066 - [INFO] -       [Fine-tune] Epoch 1/1 - Loss: 6.8942
2026-06-28 04:32:40,045 - [INFO] -       [Fine-tune] Epoch 1/1 - Loss: 6.8769
2026-06-28 04:32:42,034 - [INFO] -       [Fine-tune] Epoch 1/1 - Loss: 6.8596
2026-06-28 04:32:43,970 - [INFO] -       [Fine-tune] Epoch 1/1 - Loss: 6.8423
2026-06-28 04:32:45,996 - [INFO] -       [Fine-tune] Epoch 1/1 - Loss: 6.8249
2026-06-28 04:32:48,013 - [INFO] -       [Fine-tune] Epoch 1/1 - Loss: 6.8076
2026-06-28 04:32:49,916 - [INFO] -       [Fine-tune] Epoch 1/1 - Loss: 6.7903
2026-06-28 04:32:51,913 - [INFO] -       [Fine-tune] Epoch 1/1 - Loss: 6.7730
2026-06-28 04:32:53,732 - [INFO] -       [Fine-tune] Epoch 1/1 - Loss: 6.7557
2026-06-28 04:32:54,719 - [INFO] -     Drifts=0 | FAR=0.000 | MTBFA=50.0 | Avg F1=0.0171
2026-06-28 04:32:54,720 - [INFO] - 
  🧪 Kịch bản: Gaussian_Noise_1.0
2026-06-28 04:32:57,893 - [INFO] -       [Fine-tune] Epoch 1/1 - Loss: 8.6635
2026-06-28 04:33:00,642 - [INFO] -       [Fine-tune] Epoch 1/1 - Loss: 7.2989
2026-06-28 04:33:03,587 - [INFO] -       [Fine-tune] Epoch 1/1 - Loss: 3.4152
2026-06-28 04:33:06,050 - [INFO] -       [Fine-tune] Epoch 1/1 - Loss: 3.0254
2026-06-28 04:33:08,947 - [INFO] -       [Fine-tune] Epoch 1/1 - Loss: 2.7960
2026-06-28 04:33:11,573 - [INFO] -       [Fine-tune] Epoch 1/1 - Loss: 2.6234
2026-06-28 04:33:14,962 - [INFO] -       [Fine-tune] Epoch 1/1 - Loss: 2.8514
2026-06-28 04:33:17,328 - [INFO] -       [Fine-tune] Epoch 1/1 - Loss: 1.6848
2026-06-28 04:33:19,511 - [INFO] -       [Fine-tune] Epoch 1/1 - Loss: 1.6109
2026-06-28 04:33:21,748 - [INFO] -       [Fine-tune] Epoch 1/1 - Loss: 1.5856
2026-06-28 04:33:23,681 - [INFO] -       [Fine-tune] Epoch 1/1 - Loss: 7.4830
2026-06-28 04:33:25,450 - [INFO] -       [Fine-tune] Epoch 1/1 - Loss: 7.4311
2026-06-28 04:33:27,122 - [INFO] -       [Fine-tune] Epoch 1/1 - Loss: 7.4138
2026-06-28 04:33:28,810 - [INFO] -       [Fine-tune] Epoch 1/1 - Loss: 7.3965
2026-06-28 04:33:30,626 - [INFO] -       [Fine-tune] Epoch 1/1 - Loss: 7.3791
2026-06-28 04:33:32,387 - [INFO] -       [Fine-tune] Epoch 1/1 - Loss: 7.3618
2026-06-28 04:33:34,099 - [INFO] -       [Fine-tune] Epoch 1/1 - Loss: 7.3445
2026-06-28 04:33:35,708 - [INFO] -       [Fine-tune] Epoch 1/1 - Loss: 7.3272
2026-06-28 04:33:37,453 - [INFO] -       [Fine-tune] Epoch 1/1 - Loss: 7.3099
2026-06-28 04:33:39,183 - [INFO] -       [Fine-tune] Epoch 1/1 - Loss: 7.2926
2026-06-28 04:33:40,800 - [INFO] -       [Fine-tune] Epoch 1/1 - Loss: 7.2753
2026-06-28 04:33:42,451 - [INFO] -       [Fine-tune] Epoch 1/1 - Loss: 7.2580
2026-06-28 04:33:44,238 - [INFO] -       [Fine-tune] Epoch 1/1 - Loss: 7.2407
2026-06-28 04:33:45,914 - [INFO] -       [Fine-tune] Epoch 1/1 - Loss: 7.2233
2026-06-28 04:33:47,575 - [INFO] -       [Fine-tune] Epoch 1/1 - Loss: 7.2060
2026-06-28 04:33:49,213 - [INFO] -       [Fine-tune] Epoch 1/1 - Loss: 7.1887
2026-06-28 04:33:50,958 - [INFO] -       [Fine-tune] Epoch 1/1 - Loss: 7.1714
2026-06-28 04:33:52,548 - [INFO] -       [Fine-tune] Epoch 1/1 - Loss: 7.1541
2026-06-28 04:33:54,201 - [INFO] -       [Fine-tune] Epoch 1/1 - Loss: 7.1368
2026-06-28 04:33:55,927 - [INFO] -       [Fine-tune] Epoch 1/1 - Loss: 7.1195
2026-06-28 04:33:57,598 - [INFO] -       [Fine-tune] Epoch 1/1 - Loss: 7.1022
2026-06-28 04:33:59,509 - [INFO] -       [Fine-tune] Epoch 1/1 - Loss: 7.0849
2026-06-28 04:34:01,326 - [INFO] -       [Fine-tune] Epoch 1/1 - Loss: 7.0676
2026-06-28 04:34:02,985 - [INFO] -       [Fine-tune] Epoch 1/1 - Loss: 7.0503
2026-06-28 04:34:04,766 - [INFO] -       [Fine-tune] Epoch 1/1 - Loss: 7.0329
2026-06-28 04:34:06,373 - [INFO] -       [Fine-tune] Epoch 1/1 - Loss: 7.0156
2026-06-28 04:34:08,077 - [INFO] -       [Fine-tune] Epoch 1/1 - Loss: 6.9983
2026-06-28 04:34:09,722 - [INFO] -       [Fine-tune] Epoch 1/1 - Loss: 6.9810
2026-06-28 04:34:11,341 - [INFO] -       [Fine-tune] Epoch 1/1 - Loss: 6.9637
2026-06-28 04:34:12,990 - [INFO] -       [Fine-tune] Epoch 1/1 - Loss: 6.9464
2026-06-28 04:34:14,676 - [INFO] -       [Fine-tune] Epoch 1/1 - Loss: 6.9291
2026-06-28 04:34:16,568 - [INFO] -       [Fine-tune] Epoch 1/1 - Loss: 6.9118
2026-06-28 04:34:18,400 - [INFO] -       [Fine-tune] Epoch 1/1 - Loss: 6.8945
2026-06-28 04:34:20,131 - [INFO] -       [Fine-tune] Epoch 1/1 - Loss: 6.8772
2026-06-28 04:34:21,821 - [INFO] -       [Fine-tune] Epoch 1/1 - Loss: 6.8599
2026-06-28 04:34:23,603 - [INFO] -       [Fine-tune] Epoch 1/1 - Loss: 6.8426
2026-06-28 04:34:25,304 - [INFO] -       [Fine-tune] Epoch 1/1 - Loss: 6.8253
2026-06-28 04:34:27,147 - [INFO] -       [Fine-tune] Epoch 1/1 - Loss: 6.8080
2026-06-28 04:34:28,754 - [INFO] -       [Fine-tune] Epoch 1/1 - Loss: 6.7907
2026-06-28 04:34:30,495 - [INFO] -       [Fine-tune] Epoch 1/1 - Loss: 6.7734
2026-06-28 04:34:31,260 - [INFO] -     Drifts=1 | FAR=0.020 | MTBFA=10.0 | Avg F1=0.0106
2026-06-28 04:34:31,262 - [INFO] - 
  🧪 Kịch bản: Label_Noise_10%
2026-06-28 04:34:35,453 - [INFO] -       [Fine-tune] Epoch 1/1 - Loss: 8.1086
2026-06-28 04:34:38,272 - [INFO] -       [Fine-tune] Epoch 1/1 - Loss: 6.8671
2026-06-28 04:34:41,771 - [INFO] -       [Fine-tune] Epoch 1/1 - Loss: 0.8462
2026-06-28 04:34:44,134 - [INFO] -       [Fine-tune] Epoch 1/1 - Loss: 0.9765
2026-06-28 04:34:47,268 - [INFO] -       [Fine-tune] Epoch 1/1 - Loss: 0.8963
2026-06-28 04:34:49,650 - [INFO] -       [Fine-tune] Epoch 1/1 - Loss: 1.8875
2026-06-28 04:34:53,418 - [INFO] -       [Fine-tune] Epoch 1/1 - Loss: 1.6389
2026-06-28 04:34:55,897 - [INFO] -       [Fine-tune] Epoch 1/1 - Loss: 0.6838
2026-06-28 04:34:58,151 - [INFO] -       [Fine-tune] Epoch 1/1 - Loss: 0.8039
2026-06-28 04:35:00,517 - [INFO] -       [Fine-tune] Epoch 1/1 - Loss: 0.9055
2026-06-28 04:35:02,389 - [INFO] -       [Fine-tune] Epoch 1/1 - Loss: 6.5087
2026-06-28 04:35:04,103 - [INFO] -       [Fine-tune] Epoch 1/1 - Loss: 6.8735
2026-06-28 04:35:05,792 - [INFO] -       [Fine-tune] Epoch 1/1 - Loss: 5.9600
2026-06-28 04:35:07,413 - [INFO] -       [Fine-tune] Epoch 1/1 - Loss: 6.3437
2026-06-28 04:35:08,898 - [INFO] -       [Fine-tune] Epoch 1/1 - Loss: 6.8220
2026-06-28 04:35:10,552 - [INFO] -       [Fine-tune] Epoch 1/1 - Loss: 6.2281
2026-06-28 04:35:12,279 - [INFO] -       [Fine-tune] Epoch 1/1 - Loss: 6.3767
2026-06-28 04:35:14,067 - [INFO] -       [Fine-tune] Epoch 1/1 - Loss: 6.3310
2026-06-28 04:35:15,753 - [INFO] -       [Fine-tune] Epoch 1/1 - Loss: 6.1310
2026-06-28 04:35:17,424 - [INFO] -       [Fine-tune] Epoch 1/1 - Loss: 6.4110
2026-06-28 04:35:19,063 - [INFO] -       [Fine-tune] Epoch 1/1 - Loss: 6.3194
2026-06-28 04:35:20,697 - [INFO] -       [Fine-tune] Epoch 1/1 - Loss: 6.7036
2026-06-28 04:35:22,368 - [INFO] -       [Fine-tune] Epoch 1/1 - Loss: 6.6863
2026-06-28 04:35:23,939 - [INFO] -       [Fine-tune] Epoch 1/1 - Loss: 6.1631
2026-06-28 04:35:25,448 - [INFO] -       [Fine-tune] Epoch 1/1 - Loss: 6.2783
2026-06-28 04:35:27,064 - [INFO] -       [Fine-tune] Epoch 1/1 - Loss: 6.6346
2026-06-28 04:35:28,649 - [INFO] -       [Fine-tune] Epoch 1/1 - Loss: 6.2663
2026-06-28 04:35:30,378 - [INFO] -       [Fine-tune] Epoch 1/1 - Loss: 5.9882
2026-06-28 04:35:32,108 - [INFO] -       [Fine-tune] Epoch 1/1 - Loss: 6.0420
2026-06-28 04:35:33,804 - [INFO] -       [Fine-tune] Epoch 1/1 - Loss: 6.4107
2026-06-28 04:35:35,446 - [INFO] -       [Fine-tune] Epoch 1/1 - Loss: 6.1040
2026-06-28 04:35:37,000 - [INFO] -       [Fine-tune] Epoch 1/1 - Loss: 6.5325
2026-06-28 04:35:38,520 - [INFO] -       [Fine-tune] Epoch 1/1 - Loss: 6.5151
2026-06-28 04:35:40,132 - [INFO] -       [Fine-tune] Epoch 1/1 - Loss: 5.9804
2026-06-28 04:35:41,773 - [INFO] -       [Fine-tune] Epoch 1/1 - Loss: 6.1614
2026-06-28 04:35:43,319 - [INFO] -       [Fine-tune] Epoch 1/1 - Loss: 6.2724
2026-06-28 04:35:44,942 - [INFO] -       [Fine-tune] Epoch 1/1 - Loss: 6.4475
2026-06-28 04:35:46,557 - [INFO] -       [Fine-tune] Epoch 1/1 - Loss: 5.8789
2026-06-28 04:35:48,236 - [INFO] -       [Fine-tune] Epoch 1/1 - Loss: 6.1839
2026-06-28 04:35:50,007 - [INFO] -       [Fine-tune] Epoch 1/1 - Loss: 6.0015
2026-06-28 04:35:51,694 - [INFO] -       [Fine-tune] Epoch 1/1 - Loss: 6.0742
2026-06-28 04:35:53,300 - [INFO] -       [Fine-tune] Epoch 1/1 - Loss: 6.0058
2026-06-28 04:35:54,984 - [INFO] -       [Fine-tune] Epoch 1/1 - Loss: 5.7487
2026-06-28 04:35:56,963 - [INFO] -       [Fine-tune] Epoch 1/1 - Loss: 6.3291
2026-06-28 04:35:59,032 - [INFO] -       [Fine-tune] Epoch 1/1 - Loss: 6.0640
2026-06-28 04:36:01,192 - [INFO] -       [Fine-tune] Epoch 1/1 - Loss: 5.9719
2026-06-28 04:36:03,169 - [INFO] -       [Fine-tune] Epoch 1/1 - Loss: 6.1250
2026-06-28 04:36:05,110 - [INFO] -       [Fine-tune] Epoch 1/1 - Loss: 6.2604
2026-06-28 04:36:07,026 - [INFO] -       [Fine-tune] Epoch 1/1 - Loss: 6.0497
2026-06-28 04:36:08,986 - [INFO] -       [Fine-tune] Epoch 1/1 - Loss: 5.8469
2026-06-28 04:36:09,968 - [INFO] -     Drifts=0 | FAR=0.000 | MTBFA=50.0 | Avg F1=0.0196
2026-06-28 04:36:09,969 - [INFO] - 
  🧪 Kịch bản: Label_Noise_20%
2026-06-28 04:36:16,851 - [INFO] -       [Fine-tune] Epoch 1/1 - Loss: 7.5510
2026-06-28 04:36:20,232 - [INFO] -       [Fine-tune] Epoch 1/1 - Loss: 6.4234
2026-06-28 04:36:25,361 - [INFO] -       [Fine-tune] Epoch 1/1 - Loss: 1.4502
2026-06-28 04:36:28,627 - [INFO] -       [Fine-tune] Epoch 1/1 - Loss: 1.5191
2026-06-28 04:36:33,196 - [INFO] -       [Fine-tune] Epoch 1/1 - Loss: 1.3905
2026-06-28 04:36:36,657 - [INFO] -       [Fine-tune] Epoch 1/1 - Loss: 2.1463
2026-06-28 04:36:42,414 - [INFO] -       [Fine-tune] Epoch 1/1 - Loss: 1.8875
2026-06-28 04:36:45,830 - [INFO] -       [Fine-tune] Epoch 1/1 - Loss: 1.1467
2026-06-28 04:36:48,554 - [INFO] -       [Fine-tune] Epoch 1/1 - Loss: 1.2617
2026-06-28 04:36:51,539 - [INFO] -       [Fine-tune] Epoch 1/1 - Loss: 1.3398
2026-06-28 04:36:53,831 - [INFO] -       [Fine-tune] Epoch 1/1 - Loss: 6.1276
2026-06-28 04:36:55,761 - [INFO] -       [Fine-tune] Epoch 1/1 - Loss: 6.8889
2026-06-28 04:36:57,640 - [INFO] -       [Fine-tune] Epoch 1/1 - Loss: 3.6454
2026-06-28 04:36:59,432 - [INFO] -       [Fine-tune] Epoch 1/1 - Loss: 6.1739
2026-06-28 04:37:01,404 - [INFO] -       [Fine-tune] Epoch 1/1 - Loss: 6.8387
2026-06-28 04:37:03,418 - [INFO] -       [Fine-tune] Epoch 1/1 - Loss: 5.8603
2026-06-28 04:37:05,244 - [INFO] -       [Fine-tune] Epoch 1/1 - Loss: 6.1320
2026-06-28 04:37:07,094 - [INFO] -       [Fine-tune] Epoch 1/1 - Loss: 5.9914
2026-06-28 04:37:08,641 - [INFO] -       [Fine-tune] Epoch 1/1 - Loss: 5.7685
2026-06-28 04:37:10,174 - [INFO] -       [Fine-tune] Epoch 1/1 - Loss: 5.8739
2026-06-28 04:37:11,611 - [INFO] -       [Fine-tune] Epoch 1/1 - Loss: 6.0784
2026-06-28 04:37:13,083 - [INFO] -       [Fine-tune] Epoch 1/1 - Loss: 5.9255
2026-06-28 04:37:14,547 - [INFO] -       [Fine-tune] Epoch 1/1 - Loss: 5.7448
2026-06-28 04:37:15,958 - [INFO] -       [Fine-tune] Epoch 1/1 - Loss: 5.1583
2026-06-28 04:37:17,435 - [INFO] -       [Fine-tune] Epoch 1/1 - Loss: 6.4703
2026-06-28 04:37:18,893 - [INFO] -       [Fine-tune] Epoch 1/1 - Loss: 6.1504
2026-06-28 04:37:20,345 - [INFO] -       [Fine-tune] Epoch 1/1 - Loss: 5.8607
2026-06-28 04:37:21,815 - [INFO] -       [Fine-tune] Epoch 1/1 - Loss: 5.8301
2026-06-28 04:37:23,205 - [INFO] -       [Fine-tune] Epoch 1/1 - Loss: 6.6093
2026-06-28 04:37:24,640 - [INFO] -       [Fine-tune] Epoch 1/1 - Loss: 5.7582
2026-06-28 04:37:26,111 - [INFO] -       [Fine-tune] Epoch 1/1 - Loss: 5.7873
2026-06-28 04:37:27,575 - [INFO] -       [Fine-tune] Epoch 1/1 - Loss: 6.5605
2026-06-28 04:37:29,024 - [INFO] -       [Fine-tune] Epoch 1/1 - Loss: 5.5436
2026-06-28 04:37:30,549 - [INFO] -       [Fine-tune] Epoch 1/1 - Loss: 4.8021
2026-06-28 04:37:31,997 - [INFO] -       [Fine-tune] Epoch 1/1 - Loss: 6.1855
2026-06-28 04:37:33,389 - [INFO] -       [Fine-tune] Epoch 1/1 - Loss: 5.6706
2026-06-28 04:37:34,923 - [INFO] -       [Fine-tune] Epoch 1/1 - Loss: 6.1536
2026-06-28 04:37:36,395 - [INFO] -       [Fine-tune] Epoch 1/1 - Loss: 6.2227
2026-06-28 04:37:37,961 - [INFO] -       [Fine-tune] Epoch 1/1 - Loss: 5.6613
2026-06-28 04:37:39,522 - [INFO] -       [Fine-tune] Epoch 1/1 - Loss: 5.4564
2026-06-28 04:37:41,051 - [INFO] -       [Fine-tune] Epoch 1/1 - Loss: 6.1049
2026-06-28 04:37:42,512 - [INFO] -       [Fine-tune] Epoch 1/1 - Loss: 5.8706
2026-06-28 04:37:43,940 - [INFO] -       [Fine-tune] Epoch 1/1 - Loss: 5.7536
2026-06-28 04:37:45,371 - [INFO] -       [Fine-tune] Epoch 1/1 - Loss: 5.7050
2026-06-28 04:37:46,892 - [INFO] -       [Fine-tune] Epoch 1/1 - Loss: 5.6580
2026-06-28 04:37:48,564 - [INFO] -       [Fine-tune] Epoch 1/1 - Loss: 5.7678
2026-06-28 04:37:50,055 - [INFO] -       [Fine-tune] Epoch 1/1 - Loss: 6.0807
2026-06-28 04:37:51,630 - [INFO] -       [Fine-tune] Epoch 1/1 - Loss: 4.9647
2026-06-28 04:37:53,129 - [INFO] -       [Fine-tune] Epoch 1/1 - Loss: 6.0794
2026-06-28 04:37:54,841 - [INFO] -       [Fine-tune] Epoch 1/1 - Loss: 5.4358
2026-06-28 04:37:55,712 - [INFO] -     Drifts=0 | FAR=0.000 | MTBFA=50.0 | Avg F1=0.0269
2026-06-28 04:37:55,730 - [INFO] - 
🔬 Phần 2: Generalization (Đảo thứ tự Dataset)
2026-06-28 04:39:53,663 - [INFO] - 
  🔄 Run_A (P2→P3): 157 chunks
2026-06-28 04:39:57,204 - [INFO] -       [Fine-tune] Epoch 1/1 - Loss: 8.6635
2026-06-28 04:40:00,117 - [INFO] -       [Fine-tune] Epoch 1/1 - Loss: 7.2989
2026-06-28 04:40:03,419 - [INFO] -       [Fine-tune] Epoch 1/1 - Loss: 0.2020
2026-06-28 04:40:06,311 - [INFO] -       [Fine-tune] Epoch 1/1 - Loss: 0.4160
2026-06-28 04:40:09,580 - [INFO] -       [Fine-tune] Epoch 1/1 - Loss: 0.3587
2026-06-28 04:40:12,520 - [INFO] -       [Fine-tune] Epoch 1/1 - Loss: 1.3765
2026-06-28 04:40:16,217 - [INFO] -       [Fine-tune] Epoch 1/1 - Loss: 1.5464
2026-06-28 04:40:18,989 - [INFO] -       [Fine-tune] Epoch 1/1 - Loss: 0.0488
2026-06-28 04:40:21,649 - [INFO] -       [Fine-tune] Epoch 1/1 - Loss: 0.1946
2026-06-28 04:40:24,620 - [INFO] -       [Fine-tune] Epoch 1/1 - Loss: 0.3328
2026-06-28 04:40:27,179 - [INFO] -       [Fine-tune] Epoch 1/1 - Loss: 7.4195
2026-06-28 04:40:29,532 - [INFO] -       [Fine-tune] Epoch 1/1 - Loss: 7.3675
2026-06-28 04:40:31,669 - [INFO] -       [Fine-tune] Epoch 1/1 - Loss: 7.3502
2026-06-28 04:40:33,924 - [INFO] -       [Fine-tune] Epoch 1/1 - Loss: 7.3329
2026-06-28 04:40:36,235 - [INFO] -       [Fine-tune] Epoch 1/1 - Loss: 7.3155
2026-06-28 04:40:38,481 - [INFO] -       [Fine-tune] Epoch 1/1 - Loss: 7.2982
2026-06-28 04:40:40,931 - [INFO] -       [Fine-tune] Epoch 1/1 - Loss: 7.2809
2026-06-28 04:40:43,176 - [INFO] -       [Fine-tune] Epoch 1/1 - Loss: 7.2636
2026-06-28 04:40:45,694 - [INFO] -       [Fine-tune] Epoch 1/1 - Loss: 7.2462
2026-06-28 04:40:47,953 - [INFO] -       [Fine-tune] Epoch 1/1 - Loss: 7.2289
2026-06-28 04:40:50,287 - [INFO] -       [Fine-tune] Epoch 1/1 - Loss: 7.2116
2026-06-28 04:40:52,608 - [INFO] -       [Fine-tune] Epoch 1/1 - Loss: 7.1943
2026-06-28 04:40:54,841 - [INFO] -       [Fine-tune] Epoch 1/1 - Loss: 7.1769
2026-06-28 04:40:57,095 - [INFO] -       [Fine-tune] Epoch 1/1 - Loss: 7.1596
2026-06-28 04:40:59,548 - [INFO] -       [Fine-tune] Epoch 1/1 - Loss: 7.1423
2026-06-28 04:41:01,826 - [INFO] -       [Fine-tune] Epoch 1/1 - Loss: 7.1250
2026-06-28 04:41:04,072 - [INFO] -       [Fine-tune] Epoch 1/1 - Loss: 7.1077
2026-06-28 04:41:06,359 - [INFO] -       [Fine-tune] Epoch 1/1 - Loss: 7.0903
2026-06-28 04:41:08,781 - [INFO] -       [Fine-tune] Epoch 1/1 - Loss: 7.0730
2026-06-28 04:41:11,145 - [INFO] -       [Fine-tune] Epoch 1/1 - Loss: 7.0557
2026-06-28 04:41:13,465 - [INFO] -       [Fine-tune] Epoch 1/1 - Loss: 7.0384
2026-06-28 04:41:15,741 - [INFO] -       [Fine-tune] Epoch 1/1 - Loss: 7.0210
2026-06-28 04:41:18,020 - [INFO] -       [Fine-tune] Epoch 1/1 - Loss: 7.0037
2026-06-28 04:41:20,383 - [INFO] -       [Fine-tune] Epoch 1/1 - Loss: 6.9864
2026-06-28 04:41:22,621 - [INFO] -       [Fine-tune] Epoch 1/1 - Loss: 6.9691
2026-06-28 04:41:25,223 - [INFO] -       [Fine-tune] Epoch 1/1 - Loss: 6.9518
2026-06-28 04:41:27,454 - [INFO] -       [Fine-tune] Epoch 1/1 - Loss: 6.9344
2026-06-28 04:41:29,810 - [INFO] -       [Fine-tune] Epoch 1/1 - Loss: 6.9171
2026-06-28 04:41:32,030 - [INFO] -       [Fine-tune] Epoch 1/1 - Loss: 6.8998
2026-06-28 04:41:34,367 - [INFO] -       [Fine-tune] Epoch 1/1 - Loss: 6.8825
2026-06-28 04:41:36,694 - [INFO] -       [Fine-tune] Epoch 1/1 - Loss: 6.8652
2026-06-28 04:41:39,011 - [INFO] -       [Fine-tune] Epoch 1/1 - Loss: 6.8478
2026-06-28 04:41:41,260 - [INFO] -       [Fine-tune] Epoch 1/1 - Loss: 6.8305
2026-06-28 04:41:43,712 - [INFO] -       [Fine-tune] Epoch 1/1 - Loss: 6.8132
2026-06-28 04:41:46,165 - [INFO] -       [Fine-tune] Epoch 1/1 - Loss: 6.7959
2026-06-28 04:41:48,357 - [INFO] -       [Fine-tune] Epoch 1/1 - Loss: 6.7786
2026-06-28 04:41:50,650 - [INFO] -       [Fine-tune] Epoch 1/1 - Loss: 6.7612
2026-06-28 04:41:52,739 - [INFO] -       [Fine-tune] Epoch 1/1 - Loss: 6.7439
2026-06-28 04:41:55,121 - [INFO] -       [Fine-tune] Epoch 1/1 - Loss: 6.7266
2026-06-28 04:41:57,464 - [INFO] -       [Fine-tune] Epoch 1/1 - Loss: 6.7093
2026-06-28 04:41:59,873 - [INFO] -       [Fine-tune] Epoch 1/1 - Loss: 6.6920
2026-06-28 04:42:02,094 - [INFO] -       [Fine-tune] Epoch 1/1 - Loss: 6.6747
2026-06-28 04:42:04,331 - [INFO] -       [Fine-tune] Epoch 1/1 - Loss: 6.6573
2026-06-28 04:42:06,561 - [INFO] -       [Fine-tune] Epoch 1/1 - Loss: 6.6400
2026-06-28 04:42:08,885 - [INFO] -       [Fine-tune] Epoch 1/1 - Loss: 6.6227
2026-06-28 04:42:11,049 - [INFO] -       [Fine-tune] Epoch 1/1 - Loss: 6.6054
2026-06-28 04:42:13,314 - [INFO] -       [Fine-tune] Epoch 1/1 - Loss: 6.5881
2026-06-28 04:42:15,724 - [INFO] -       [Fine-tune] Epoch 1/1 - Loss: 6.5708
2026-06-28 04:42:18,085 - [INFO] -       [Fine-tune] Epoch 1/1 - Loss: 6.5534
2026-06-28 04:42:20,434 - [INFO] -       [Fine-tune] Epoch 1/1 - Loss: 6.5361
2026-06-28 04:42:22,834 - [INFO] -       [Fine-tune] Epoch 1/1 - Loss: 6.5188
2026-06-28 04:42:25,112 - [INFO] -       [Fine-tune] Epoch 1/1 - Loss: 6.5015
2026-06-28 04:42:27,504 - [INFO] -       [Fine-tune] Epoch 1/1 - Loss: 6.4842
2026-06-28 04:42:29,987 - [INFO] -       [Fine-tune] Epoch 1/1 - Loss: 6.4669
2026-06-28 04:42:32,300 - [INFO] -       [Fine-tune] Epoch 1/1 - Loss: 6.4496
2026-06-28 04:42:34,618 - [INFO] -       [Fine-tune] Epoch 1/1 - Loss: 6.4322
2026-06-28 04:42:36,888 - [INFO] -       [Fine-tune] Epoch 1/1 - Loss: 6.4149
2026-06-28 04:42:39,076 - [INFO] -       [Fine-tune] Epoch 1/1 - Loss: 6.3976
2026-06-28 04:42:41,414 - [INFO] -       [Fine-tune] Epoch 1/1 - Loss: 6.3803
2026-06-28 04:42:43,784 - [INFO] -       [Fine-tune] Epoch 1/1 - Loss: 6.3630
2026-06-28 04:42:46,205 - [INFO] -       [Fine-tune] Epoch 1/1 - Loss: 6.3457
2026-06-28 04:42:48,460 - [INFO] -       [Fine-tune] Epoch 1/1 - Loss: 6.3284
2026-06-28 04:42:50,808 - [INFO] -       [Fine-tune] Epoch 1/1 - Loss: 6.3111
2026-06-28 04:42:53,169 - [INFO] -       [Fine-tune] Epoch 1/1 - Loss: 6.2937
2026-06-28 04:42:55,352 - [INFO] -       [Fine-tune] Epoch 1/1 - Loss: 6.2764
2026-06-28 04:42:57,633 - [INFO] -       [Fine-tune] Epoch 1/1 - Loss: 6.2591
2026-06-28 04:42:59,815 - [INFO] -       [Fine-tune] Epoch 1/1 - Loss: 6.2418
2026-06-28 04:43:02,115 - [INFO] -       [Fine-tune] Epoch 1/1 - Loss: 6.2245
2026-06-28 04:43:04,498 - [INFO] -       [Fine-tune] Epoch 1/1 - Loss: 6.2072
2026-06-28 04:43:06,882 - [INFO] -       [Fine-tune] Epoch 1/1 - Loss: 6.1899
2026-06-28 04:43:09,108 - [INFO] -       [Fine-tune] Epoch 1/1 - Loss: 6.1726
2026-06-28 04:43:11,406 - [INFO] -       [Fine-tune] Epoch 1/1 - Loss: 6.1553
2026-06-28 04:43:13,623 - [INFO] -       [Fine-tune] Epoch 1/1 - Loss: 6.1380
2026-06-28 04:43:15,878 - [INFO] -       [Fine-tune] Epoch 1/1 - Loss: 6.1207
2026-06-28 04:43:18,243 - [INFO] -       [Fine-tune] Epoch 1/1 - Loss: 6.1034
2026-06-28 04:43:20,600 - [INFO] -       [Fine-tune] Epoch 1/1 - Loss: 6.0861
2026-06-28 04:43:23,041 - [INFO] -       [Fine-tune] Epoch 1/1 - Loss: 6.0688
2026-06-28 04:43:25,403 - [INFO] -       [Fine-tune] Epoch 1/1 - Loss: 6.0515
2026-06-28 04:43:27,680 - [INFO] -       [Fine-tune] Epoch 1/1 - Loss: 6.0342
2026-06-28 04:43:29,909 - [INFO] -       [Fine-tune] Epoch 1/1 - Loss: 6.0168
2026-06-28 04:43:32,181 - [INFO] -       [Fine-tune] Epoch 1/1 - Loss: 5.9995
2026-06-28 04:43:34,478 - [INFO] -       [Fine-tune] Epoch 1/1 - Loss: 5.9822
2026-06-28 04:43:36,884 - [INFO] -       [Fine-tune] Epoch 1/1 - Loss: 5.9649
2026-06-28 04:43:39,107 - [INFO] -       [Fine-tune] Epoch 1/1 - Loss: 5.9476
2026-06-28 04:43:41,432 - [INFO] -       [Fine-tune] Epoch 1/1 - Loss: 5.9303
2026-06-28 04:43:43,800 - [INFO] -       [Fine-tune] Epoch 1/1 - Loss: 5.9130
2026-06-28 04:43:46,176 - [INFO] -       [Fine-tune] Epoch 1/1 - Loss: 5.8958
2026-06-28 04:43:48,544 - [INFO] -       [Fine-tune] Epoch 1/1 - Loss: 5.8785
2026-06-28 04:43:50,802 - [INFO] -       [Fine-tune] Epoch 1/1 - Loss: 5.8612
2026-06-28 04:43:52,981 - [INFO] -       [Fine-tune] Epoch 1/1 - Loss: 5.8439
2026-06-28 04:43:55,177 - [INFO] -       [Fine-tune] Epoch 1/1 - Loss: 5.8266
2026-06-28 04:43:57,325 - [INFO] -       [Fine-tune] Epoch 1/1 - Loss: 5.8093
2026-06-28 04:43:59,396 - [INFO] -       [Fine-tune] Epoch 1/1 - Loss: 5.7920
2026-06-28 04:44:01,692 - [INFO] -       [Fine-tune] Epoch 1/1 - Loss: 5.7747
2026-06-28 04:44:04,074 - [INFO] -       [Fine-tune] Epoch 1/1 - Loss: 5.7574
2026-06-28 04:44:06,221 - [INFO] -       [Fine-tune] Epoch 1/1 - Loss: 5.7401
2026-06-28 04:44:08,435 - [INFO] -       [Fine-tune] Epoch 1/1 - Loss: 5.7228
2026-06-28 04:44:10,729 - [INFO] -       [Fine-tune] Epoch 1/1 - Loss: 5.7055
2026-06-28 04:44:12,962 - [INFO] -       [Fine-tune] Epoch 1/1 - Loss: 5.6882
2026-06-28 04:44:15,216 - [INFO] -       [Fine-tune] Epoch 1/1 - Loss: 5.6709
2026-06-28 04:44:17,494 - [INFO] -       [Fine-tune] Epoch 1/1 - Loss: 5.6537
2026-06-28 04:44:19,837 - [INFO] -       [Fine-tune] Epoch 1/1 - Loss: 5.5672
2026-06-28 04:44:22,259 - [INFO] -       [Fine-tune] Epoch 1/1 - Loss: 5.4463
2026-06-28 04:44:24,497 - [INFO] -       [Fine-tune] Epoch 1/1 - Loss: 5.3945
2026-06-28 04:44:27,056 - [INFO] -       [Fine-tune] Epoch 1/1 - Loss: 5.2909
2026-06-28 04:44:29,509 - [INFO] -       [Fine-tune] Epoch 1/1 - Loss: 5.1097
2026-06-28 04:44:31,882 - [INFO] -       [Fine-tune] Epoch 1/1 - Loss: 5.0062
2026-06-28 04:44:34,213 - [INFO] -       [Fine-tune] Epoch 1/1 - Loss: 4.9631
2026-06-28 04:44:36,567 - [INFO] -       [Fine-tune] Epoch 1/1 - Loss: 4.9114
2026-06-28 04:44:38,802 - [INFO] -       [Fine-tune] Epoch 1/1 - Loss: 4.8597
2026-06-28 04:44:40,956 - [INFO] -       [Fine-tune] Epoch 1/1 - Loss: 4.8167
2026-06-28 04:44:43,216 - [INFO] -       [Fine-tune] Epoch 1/1 - Loss: 4.7651
2026-06-28 04:44:45,699 - [INFO] -       [Fine-tune] Epoch 1/1 - Loss: 4.7048
2026-06-28 04:44:48,083 - [INFO] -       [Fine-tune] Epoch 1/1 - Loss: 4.6533
2026-06-28 04:44:50,437 - [INFO] -       [Fine-tune] Epoch 1/1 - Loss: 4.6017
2026-06-28 04:44:52,658 - [INFO] -       [Fine-tune] Epoch 1/1 - Loss: 4.5501
2026-06-28 04:44:54,970 - [INFO] -       [Fine-tune] Epoch 1/1 - Loss: 4.4986
2026-06-28 04:44:57,102 - [INFO] -       [Fine-tune] Epoch 1/1 - Loss: 4.4471
2026-06-28 04:44:59,351 - [INFO] -       [Fine-tune] Epoch 1/1 - Loss: 4.4043
2026-06-28 04:45:01,360 - [INFO] -       [Fine-tune] Epoch 1/1 - Loss: 4.3700
2026-06-28 04:45:03,197 - [INFO] -       [Fine-tune] Epoch 1/1 - Loss: 4.3357
2026-06-28 04:45:05,133 - [INFO] -       [Fine-tune] Epoch 1/1 - Loss: 4.2929
2026-06-28 04:45:07,039 - [INFO] -       [Fine-tune] Epoch 1/1 - Loss: 4.2415
2026-06-28 04:45:09,121 - [INFO] -       [Fine-tune] Epoch 1/1 - Loss: 4.1902
2026-06-28 04:45:11,098 - [INFO] -       [Fine-tune] Epoch 1/1 - Loss: 4.1474
2026-06-28 04:45:12,974 - [INFO] -       [Fine-tune] Epoch 1/1 - Loss: 4.1047
2026-06-28 04:45:14,772 - [INFO] -       [Fine-tune] Epoch 1/1 - Loss: 4.0535
2026-06-28 04:45:16,556 - [INFO] -       [Fine-tune] Epoch 1/1 - Loss: 4.0109
2026-06-28 04:45:18,482 - [INFO] -       [Fine-tune] Epoch 1/1 - Loss: 3.9768
2026-06-28 04:45:20,510 - [INFO] -       [Fine-tune] Epoch 1/1 - Loss: 3.9257
2026-06-28 04:45:22,684 - [INFO] -       [Fine-tune] Epoch 1/1 - Loss: 3.8746
2026-06-28 04:45:25,276 - [INFO] -       [Fine-tune] Epoch 1/1 - Loss: 3.6289
2026-06-28 04:45:29,661 - [INFO] -       [Fine-tune] Epoch 1/1 - Loss: 2.6800
2026-06-28 04:45:32,134 - [INFO] -       [Fine-tune] Epoch 1/3 - Loss: 1.3830
2026-06-28 04:45:33,683 - [INFO] -       [Fine-tune] Epoch 2/3 - Loss: 0.5094
2026-06-28 04:45:35,517 - [INFO] -       [Fine-tune] Epoch 3/3 - Loss: 0.1368
2026-06-28 04:45:37,070 - [INFO] -       [Fine-tune] Epoch 1/1 - Loss: 4.6103
2026-06-28 04:45:38,108 - [INFO] -       [Fine-tune] Epoch 1/3 - Loss: 4.5755
2026-06-28 04:45:38,610 - [INFO] -       [Fine-tune] Epoch 2/3 - Loss: 4.5408
2026-06-28 04:45:39,074 - [INFO] -       [Fine-tune] Epoch 3/3 - Loss: 4.5060
2026-06-28 04:45:41,238 - [INFO] -       [Fine-tune] Epoch 1/1 - Loss: 0.0545
2026-06-28 04:45:42,803 - [INFO] -       [Fine-tune] Epoch 1/3 - Loss: 0.0360
2026-06-28 04:45:43,791 - [INFO] -       [Fine-tune] Epoch 2/3 - Loss: 0.0243
2026-06-28 04:45:44,626 - [INFO] -       [Fine-tune] Epoch 3/3 - Loss: 0.0174
2026-06-28 04:45:48,599 - [INFO] -       [Fine-tune] Epoch 1/1 - Loss: 6.9880
2026-06-28 04:45:50,488 - [INFO] -       [Fine-tune] Epoch 1/3 - Loss: 5.8138
2026-06-28 04:45:52,011 - [INFO] -       [Fine-tune] Epoch 2/3 - Loss: 4.5483
2026-06-28 04:45:53,462 - [INFO] -       [Fine-tune] Epoch 3/3 - Loss: 3.3788
2026-06-28 04:45:56,773 - [INFO] -       [Fine-tune] Epoch 1/1 - Loss: 1.7873
2026-06-28 04:45:58,564 - [INFO] -       [Fine-tune] Epoch 1/3 - Loss: 1.0250
2026-06-28 04:45:59,859 - [INFO] -       [Fine-tune] Epoch 2/3 - Loss: 0.6427
2026-06-28 04:46:01,379 - [INFO] -       [Fine-tune] Epoch 3/3 - Loss: 0.5026
2026-06-28 04:46:04,338 - [INFO] -       [Fine-tune] Epoch 1/1 - Loss: 4.3565
2026-06-28 04:46:06,215 - [INFO] -       [Fine-tune] Epoch 1/3 - Loss: 3.9078
2026-06-28 04:46:07,603 - [INFO] -       [Fine-tune] Epoch 2/3 - Loss: 3.3177
2026-06-28 04:46:08,919 - [INFO] -       [Fine-tune] Epoch 3/3 - Loss: 2.7601
2026-06-28 04:46:21,813 - [INFO] -       [Fine-tune] Epoch 1/1 - Loss: 0.8408
2026-06-28 04:46:28,474 - [INFO] -       [Fine-tune] Epoch 1/3 - Loss: 0.7297
2026-06-28 04:46:34,547 - [INFO] -       [Fine-tune] Epoch 2/3 - Loss: 0.4688
2026-06-28 04:46:40,638 - [INFO] -       [Fine-tune] Epoch 3/3 - Loss: 0.2425
2026-06-28 04:46:43,671 - [INFO] -       [Fine-tune] Epoch 1/1 - Loss: 3.5476
2026-06-28 04:46:45,455 - [INFO] -       [Fine-tune] Epoch 1/3 - Loss: 2.8719
2026-06-28 04:46:46,735 - [INFO] -       [Fine-tune] Epoch 2/3 - Loss: 2.0786
2026-06-28 04:46:48,172 - [INFO] -       [Fine-tune] Epoch 3/3 - Loss: 1.4048
2026-06-28 04:46:51,329 - [INFO] -       [Fine-tune] Epoch 1/1 - Loss: 0.0632
2026-06-28 04:46:53,158 - [INFO] -       [Fine-tune] Epoch 1/3 - Loss: 0.0297
2026-06-28 04:46:54,511 - [INFO] -       [Fine-tune] Epoch 2/3 - Loss: 0.0208
2026-06-28 04:46:55,912 - [INFO] -       [Fine-tune] Epoch 3/3 - Loss: 0.0183
2026-06-28 04:46:59,218 - [INFO] -       [Fine-tune] Epoch 1/1 - Loss: 0.0264
2026-06-28 04:47:01,175 - [INFO] -       [Fine-tune] Epoch 1/3 - Loss: 0.0266
2026-06-28 04:47:02,692 - [INFO] -       [Fine-tune] Epoch 2/3 - Loss: 0.0262
2026-06-28 04:47:04,058 - [INFO] -       [Fine-tune] Epoch 3/3 - Loss: 0.0259
2026-06-28 04:47:06,555 - [INFO] -       [Fine-tune] Epoch 1/1 - Loss: 1.8851
2026-06-28 04:47:08,077 - [INFO] -       [Fine-tune] Epoch 1/3 - Loss: 1.9461
2026-06-28 04:47:09,106 - [INFO] -       [Fine-tune] Epoch 2/3 - Loss: 1.9069
2026-06-28 04:47:10,157 - [INFO] -       [Fine-tune] Epoch 3/3 - Loss: 1.8695
2026-06-28 04:47:12,391 - [INFO] -       [Fine-tune] Epoch 1/1 - Loss: 4.9436
2026-06-28 04:47:13,660 - [INFO] -       [Fine-tune] Epoch 1/3 - Loss: 4.9872
2026-06-28 04:47:14,693 - [INFO] -       [Fine-tune] Epoch 2/3 - Loss: 4.8973
2026-06-28 04:47:15,535 - [INFO] -       [Fine-tune] Epoch 3/3 - Loss: 4.8114
2026-06-28 04:47:18,856 - [INFO] -       [Fine-tune] Epoch 1/1 - Loss: 5.7708
2026-06-28 04:47:20,713 - [INFO] -       [Fine-tune] Epoch 1/3 - Loss: 5.6537
2026-06-28 04:47:22,059 - [INFO] -       [Fine-tune] Epoch 2/3 - Loss: 5.3725
2026-06-28 04:47:23,409 - [INFO] -       [Fine-tune] Epoch 3/3 - Loss: 5.1053
2026-06-28 04:47:24,680 - [INFO] -       [Fine-tune] Epoch 1/1 - Loss: 6.7317
2026-06-28 04:47:25,496 - [INFO] -       [Fine-tune] Epoch 1/3 - Loss: 6.7235
2026-06-28 04:47:25,904 - [INFO] -       [Fine-tune] Epoch 2/3 - Loss: 6.7152
2026-06-28 04:47:26,336 - [INFO] -       [Fine-tune] Epoch 3/3 - Loss: 6.7070
2026-06-28 04:47:27,764 - [INFO] -       [Fine-tune] Epoch 1/1 - Loss: 12.6539
2026-06-28 04:47:28,726 - [INFO] -       [Fine-tune] Epoch 1/3 - Loss: 12.5082
2026-06-28 04:47:29,208 - [INFO] -       [Fine-tune] Epoch 2/3 - Loss: 12.3289
2026-06-28 04:47:29,740 - [INFO] -       [Fine-tune] Epoch 3/3 - Loss: 12.1486
2026-06-28 04:47:30,178 - [INFO] -     Avg F1: 0.0341
2026-06-28 04:47:30,178 - [INFO] - 
  🔄 Run_B (P3→P2): 157 chunks
2026-06-28 04:47:31,074 - [INFO] -       [Fine-tune] Epoch 1/1 - Loss: 6.3246
2026-06-28 04:47:32,929 - [INFO] -       [Fine-tune] Epoch 1/1 - Loss: 8.7406
2026-06-28 04:47:36,548 - [INFO] -       [Fine-tune] Epoch 1/1 - Loss: 8.4671
2026-06-28 04:47:38,780 - [INFO] -       [Fine-tune] Epoch 1/1 - Loss: 7.1059
2026-06-28 04:47:41,487 - [INFO] -       [Fine-tune] Epoch 1/1 - Loss: 0.1963
2026-06-28 04:47:43,618 - [INFO] -       [Fine-tune] Epoch 1/1 - Loss: 0.4131
2026-06-28 04:47:46,256 - [INFO] -       [Fine-tune] Epoch 1/1 - Loss: 0.3585
2026-06-28 04:47:48,516 - [INFO] -       [Fine-tune] Epoch 1/1 - Loss: 1.3759
2026-06-28 04:47:51,493 - [INFO] -       [Fine-tune] Epoch 1/1 - Loss: 1.5626
2026-06-28 04:47:53,171 - [INFO] -       [Fine-tune] Epoch 1/3 - Loss: 1.5417
2026-06-28 04:47:54,485 - [INFO] -       [Fine-tune] Epoch 2/3 - Loss: 1.3969
2026-06-28 04:47:55,671 - [INFO] -       [Fine-tune] Epoch 3/3 - Loss: 1.2650
2026-06-28 04:47:57,914 - [INFO] -       [Fine-tune] Epoch 1/1 - Loss: 0.0324
2026-06-28 04:47:59,292 - [INFO] -       [Fine-tune] Epoch 1/3 - Loss: 0.0278
2026-06-28 04:48:00,237 - [INFO] -       [Fine-tune] Epoch 2/3 - Loss: 0.0241
2026-06-28 04:48:01,178 - [INFO] -       [Fine-tune] Epoch 3/3 - Loss: 0.0212
2026-06-28 04:48:02,644 - [INFO] -       [Fine-tune] Epoch 1/1 - Loss: 0.1843
2026-06-28 04:48:03,547 - [INFO] -       [Fine-tune] Epoch 1/3 - Loss: 0.1831
2026-06-28 04:48:04,065 - [INFO] -       [Fine-tune] Epoch 2/3 - Loss: 0.1805
2026-06-28 04:48:04,604 - [INFO] -       [Fine-tune] Epoch 3/3 - Loss: 0.1782
2026-06-28 04:48:06,465 - [INFO] -       [Fine-tune] Epoch 1/1 - Loss: 0.3048
2026-06-28 04:48:07,662 - [INFO] -       [Fine-tune] Epoch 1/3 - Loss: 0.3024
2026-06-28 04:48:08,376 - [INFO] -       [Fine-tune] Epoch 2/3 - Loss: 0.2963
2026-06-28 04:48:09,123 - [INFO] -       [Fine-tune] Epoch 3/3 - Loss: 0.2904
2026-06-28 04:48:10,631 - [INFO] -       [Fine-tune] Epoch 1/1 - Loss: 7.5760
2026-06-28 04:48:11,597 - [INFO] -       [Fine-tune] Epoch 1/3 - Loss: 7.4895
2026-06-28 04:48:12,126 - [INFO] -       [Fine-tune] Epoch 2/3 - Loss: 7.4029
2026-06-28 04:48:12,619 - [INFO] -       [Fine-tune] Epoch 3/3 - Loss: 7.3164
2026-06-28 04:48:13,857 - [INFO] -       [Fine-tune] Epoch 1/1 - Loss: 7.2645
2026-06-28 04:48:14,764 - [INFO] -       [Fine-tune] Epoch 1/3 - Loss: 7.2472
2026-06-28 04:48:15,204 - [INFO] -       [Fine-tune] Epoch 2/3 - Loss: 7.2299
2026-06-28 04:48:15,608 - [INFO] -       [Fine-tune] Epoch 3/3 - Loss: 7.2125
2026-06-28 04:48:16,849 - [INFO] -       [Fine-tune] Epoch 1/1 - Loss: 7.1952
2026-06-28 04:48:17,864 - [INFO] -       [Fine-tune] Epoch 1/3 - Loss: 7.1779
2026-06-28 04:48:18,346 - [INFO] -       [Fine-tune] Epoch 2/3 - Loss: 7.1606
2026-06-28 04:48:18,786 - [INFO] -       [Fine-tune] Epoch 3/3 - Loss: 7.1433
2026-06-28 04:48:20,260 - [INFO] -       [Fine-tune] Epoch 1/1 - Loss: 7.1260
2026-06-28 04:48:21,118 - [INFO] -       [Fine-tune] Epoch 1/3 - Loss: 7.1087
2026-06-28 04:48:21,577 - [INFO] -       [Fine-tune] Epoch 2/3 - Loss: 7.0914
2026-06-28 04:48:22,035 - [INFO] -       [Fine-tune] Epoch 3/3 - Loss: 7.0741
2026-06-28 04:48:23,274 - [INFO] -       [Fine-tune] Epoch 1/1 - Loss: 7.0568
2026-06-28 04:48:24,104 - [INFO] -       [Fine-tune] Epoch 1/3 - Loss: 7.0395
2026-06-28 04:48:24,502 - [INFO] -       [Fine-tune] Epoch 2/3 - Loss: 7.0222
2026-06-28 04:48:24,898 - [INFO] -       [Fine-tune] Epoch 3/3 - Loss: 7.0049
2026-06-28 04:48:26,171 - [INFO] -       [Fine-tune] Epoch 1/1 - Loss: 6.9876
2026-06-28 04:48:26,942 - [INFO] -       [Fine-tune] Epoch 1/3 - Loss: 6.9703
2026-06-28 04:48:27,362 - [INFO] -       [Fine-tune] Epoch 2/3 - Loss: 6.9530
2026-06-28 04:48:27,734 - [INFO] -       [Fine-tune] Epoch 3/3 - Loss: 6.9357
2026-06-28 04:48:29,017 - [INFO] -       [Fine-tune] Epoch 1/1 - Loss: 6.9184
2026-06-28 04:48:29,801 - [INFO] -       [Fine-tune] Epoch 1/3 - Loss: 6.9011
2026-06-28 04:48:30,232 - [INFO] -       [Fine-tune] Epoch 2/3 - Loss: 6.8838
2026-06-28 04:48:30,646 - [INFO] -       [Fine-tune] Epoch 3/3 - Loss: 6.8665
2026-06-28 04:48:31,834 - [INFO] -       [Fine-tune] Epoch 1/1 - Loss: 6.8492
2026-06-28 04:48:32,602 - [INFO] -       [Fine-tune] Epoch 1/3 - Loss: 6.8319
2026-06-28 04:48:32,996 - [INFO] -       [Fine-tune] Epoch 2/3 - Loss: 6.8146
2026-06-28 04:48:33,387 - [INFO] -       [Fine-tune] Epoch 3/3 - Loss: 6.7973
2026-06-28 04:48:34,615 - [INFO] -       [Fine-tune] Epoch 1/1 - Loss: 6.7800
2026-06-28 04:48:35,414 - [INFO] -       [Fine-tune] Epoch 1/3 - Loss: 6.7627
2026-06-28 04:48:35,810 - [INFO] -       [Fine-tune] Epoch 2/3 - Loss: 6.7454
2026-06-28 04:48:36,193 - [INFO] -       [Fine-tune] Epoch 3/3 - Loss: 6.7281
2026-06-28 04:48:37,453 - [INFO] -       [Fine-tune] Epoch 1/1 - Loss: 6.7108
2026-06-28 04:48:38,292 - [INFO] -       [Fine-tune] Epoch 1/3 - Loss: 6.6935
2026-06-28 04:48:38,704 - [INFO] -       [Fine-tune] Epoch 2/3 - Loss: 6.6762
2026-06-28 04:48:39,127 - [INFO] -       [Fine-tune] Epoch 3/3 - Loss: 6.6589
2026-06-28 04:48:40,443 - [INFO] -       [Fine-tune] Epoch 1/1 - Loss: 6.6416
2026-06-28 04:48:41,253 - [INFO] -       [Fine-tune] Epoch 1/3 - Loss: 6.6243
2026-06-28 04:48:41,677 - [INFO] -       [Fine-tune] Epoch 2/3 - Loss: 6.6070
2026-06-28 04:48:42,102 - [INFO] -       [Fine-tune] Epoch 3/3 - Loss: 6.5897
2026-06-28 04:48:43,350 - [INFO] -       [Fine-tune] Epoch 1/1 - Loss: 6.5724
2026-06-28 04:48:44,157 - [INFO] -       [Fine-tune] Epoch 1/3 - Loss: 6.5551
2026-06-28 04:48:44,558 - [INFO] -       [Fine-tune] Epoch 2/3 - Loss: 6.5378
2026-06-28 04:48:45,014 - [INFO] -       [Fine-tune] Epoch 3/3 - Loss: 6.5205
2026-06-28 04:48:46,230 - [INFO] -       [Fine-tune] Epoch 1/1 - Loss: 6.5032
2026-06-28 04:48:47,015 - [INFO] -       [Fine-tune] Epoch 1/3 - Loss: 6.4859
2026-06-28 04:48:47,442 - [INFO] -       [Fine-tune] Epoch 2/3 - Loss: 6.4686
2026-06-28 04:48:47,840 - [INFO] -       [Fine-tune] Epoch 3/3 - Loss: 6.4514
2026-06-28 04:48:49,078 - [INFO] -       [Fine-tune] Epoch 1/1 - Loss: 6.4341
2026-06-28 04:48:49,919 - [INFO] -       [Fine-tune] Epoch 1/3 - Loss: 6.4168
2026-06-28 04:48:50,361 - [INFO] -       [Fine-tune] Epoch 2/3 - Loss: 6.3995
2026-06-28 04:48:50,791 - [INFO] -       [Fine-tune] Epoch 3/3 - Loss: 6.3822
2026-06-28 04:48:52,120 - [INFO] -       [Fine-tune] Epoch 1/1 - Loss: 6.3649
2026-06-28 04:48:52,920 - [INFO] -       [Fine-tune] Epoch 1/3 - Loss: 6.3476
2026-06-28 04:48:53,342 - [INFO] -       [Fine-tune] Epoch 2/3 - Loss: 6.3303
2026-06-28 04:48:53,811 - [INFO] -       [Fine-tune] Epoch 3/3 - Loss: 6.3130
2026-06-28 04:48:55,012 - [INFO] -       [Fine-tune] Epoch 1/1 - Loss: 6.2957
2026-06-28 04:48:55,924 - [INFO] -       [Fine-tune] Epoch 1/3 - Loss: 6.2784
2026-06-28 04:48:56,316 - [INFO] -       [Fine-tune] Epoch 2/3 - Loss: 6.2611
2026-06-28 04:48:56,718 - [INFO] -       [Fine-tune] Epoch 3/3 - Loss: 6.2438
2026-06-28 04:48:58,014 - [INFO] -       [Fine-tune] Epoch 1/1 - Loss: 6.2266
2026-06-28 04:48:58,841 - [INFO] -       [Fine-tune] Epoch 1/3 - Loss: 6.2093
2026-06-28 04:48:59,289 - [INFO] -       [Fine-tune] Epoch 2/3 - Loss: 6.1920
2026-06-28 04:48:59,706 - [INFO] -       [Fine-tune] Epoch 3/3 - Loss: 6.1747
2026-06-28 04:49:01,047 - [INFO] -       [Fine-tune] Epoch 1/1 - Loss: 6.1574
2026-06-28 04:49:01,885 - [INFO] -       [Fine-tune] Epoch 1/3 - Loss: 6.1401
2026-06-28 04:49:02,261 - [INFO] -       [Fine-tune] Epoch 2/3 - Loss: 6.1228
2026-06-28 04:49:02,649 - [INFO] -       [Fine-tune] Epoch 3/3 - Loss: 6.1055
2026-06-28 04:49:03,867 - [INFO] -       [Fine-tune] Epoch 1/1 - Loss: 6.0882
2026-06-28 04:49:04,674 - [INFO] -       [Fine-tune] Epoch 1/3 - Loss: 6.0709
2026-06-28 04:49:05,067 - [INFO] -       [Fine-tune] Epoch 2/3 - Loss: 6.0537
2026-06-28 04:49:05,472 - [INFO] -       [Fine-tune] Epoch 3/3 - Loss: 6.0364
2026-06-28 04:49:06,781 - [INFO] -       [Fine-tune] Epoch 1/1 - Loss: 6.0191
2026-06-28 04:49:07,639 - [INFO] -       [Fine-tune] Epoch 1/3 - Loss: 6.0018
2026-06-28 04:49:08,046 - [INFO] -       [Fine-tune] Epoch 2/3 - Loss: 5.9845
2026-06-28 04:49:08,522 - [INFO] -       [Fine-tune] Epoch 3/3 - Loss: 5.9672
2026-06-28 04:49:09,767 - [INFO] -       [Fine-tune] Epoch 1/1 - Loss: 5.9499
2026-06-28 04:49:10,665 - [INFO] -       [Fine-tune] Epoch 1/3 - Loss: 5.9326
2026-06-28 04:49:11,070 - [INFO] -       [Fine-tune] Epoch 2/3 - Loss: 5.9154
2026-06-28 04:49:11,465 - [INFO] -       [Fine-tune] Epoch 3/3 - Loss: 5.8981
2026-06-28 04:49:12,675 - [INFO] -       [Fine-tune] Epoch 1/1 - Loss: 5.8808
2026-06-28 04:49:13,463 - [INFO] -       [Fine-tune] Epoch 1/3 - Loss: 5.8635
2026-06-28 04:49:13,865 - [INFO] -       [Fine-tune] Epoch 2/3 - Loss: 5.8462
2026-06-28 04:49:14,269 - [INFO] -       [Fine-tune] Epoch 3/3 - Loss: 5.8289
2026-06-28 04:49:15,478 - [INFO] -       [Fine-tune] Epoch 1/1 - Loss: 5.8117
2026-06-28 04:49:16,270 - [INFO] -       [Fine-tune] Epoch 1/3 - Loss: 5.7944
2026-06-28 04:49:16,714 - [INFO] -       [Fine-tune] Epoch 2/3 - Loss: 5.7771
2026-06-28 04:49:17,109 - [INFO] -       [Fine-tune] Epoch 3/3 - Loss: 5.7598
2026-06-28 04:49:18,301 - [INFO] -       [Fine-tune] Epoch 1/1 - Loss: 5.7425
2026-06-28 04:49:19,146 - [INFO] -       [Fine-tune] Epoch 1/3 - Loss: 5.7253
2026-06-28 04:49:19,599 - [INFO] -       [Fine-tune] Epoch 2/3 - Loss: 5.7080
2026-06-28 04:49:19,963 - [INFO] -       [Fine-tune] Epoch 3/3 - Loss: 5.6907
2026-06-28 04:49:21,147 - [INFO] -       [Fine-tune] Epoch 1/1 - Loss: 5.6734
2026-06-28 04:49:21,991 - [INFO] -       [Fine-tune] Epoch 1/3 - Loss: 5.6561
2026-06-28 04:49:22,391 - [INFO] -       [Fine-tune] Epoch 2/3 - Loss: 5.6389
2026-06-28 04:49:22,781 - [INFO] -       [Fine-tune] Epoch 3/3 - Loss: 5.6216
2026-06-28 04:49:24,038 - [INFO] -       [Fine-tune] Epoch 1/1 - Loss: 5.6043
2026-06-28 04:49:24,832 - [INFO] -       [Fine-tune] Epoch 1/3 - Loss: 5.5870
2026-06-28 04:49:25,252 - [INFO] -       [Fine-tune] Epoch 2/3 - Loss: 5.5698
2026-06-28 04:49:25,648 - [INFO] -       [Fine-tune] Epoch 3/3 - Loss: 5.5525
2026-06-28 04:49:26,916 - [INFO] -       [Fine-tune] Epoch 1/1 - Loss: 5.5352
2026-06-28 04:49:27,733 - [INFO] -       [Fine-tune] Epoch 1/3 - Loss: 5.5179
2026-06-28 04:49:28,129 - [INFO] -       [Fine-tune] Epoch 2/3 - Loss: 5.5007
2026-06-28 04:49:28,525 - [INFO] -       [Fine-tune] Epoch 3/3 - Loss: 5.4834
2026-06-28 04:49:29,771 - [INFO] -       [Fine-tune] Epoch 1/1 - Loss: 5.4661
2026-06-28 04:49:30,592 - [INFO] -       [Fine-tune] Epoch 1/3 - Loss: 5.4489
2026-06-28 04:49:31,004 - [INFO] -       [Fine-tune] Epoch 2/3 - Loss: 5.4316
2026-06-28 04:49:31,422 - [INFO] -       [Fine-tune] Epoch 3/3 - Loss: 5.4143
2026-06-28 04:49:32,603 - [INFO] -       [Fine-tune] Epoch 1/1 - Loss: 5.3971
2026-06-28 04:49:33,401 - [INFO] -       [Fine-tune] Epoch 1/3 - Loss: 5.3798
2026-06-28 04:49:33,792 - [INFO] -       [Fine-tune] Epoch 2/3 - Loss: 5.3625
2026-06-28 04:49:34,184 - [INFO] -       [Fine-tune] Epoch 3/3 - Loss: 5.3453
2026-06-28 04:49:35,379 - [INFO] -       [Fine-tune] Epoch 1/1 - Loss: 5.3280
2026-06-28 04:49:36,212 - [INFO] -       [Fine-tune] Epoch 1/3 - Loss: 5.3108
2026-06-28 04:49:36,602 - [INFO] -       [Fine-tune] Epoch 2/3 - Loss: 5.2935
2026-06-28 04:49:36,991 - [INFO] -       [Fine-tune] Epoch 3/3 - Loss: 5.2762
2026-06-28 04:49:38,180 - [INFO] -       [Fine-tune] Epoch 1/1 - Loss: 5.2590
2026-06-28 04:49:39,104 - [INFO] -       [Fine-tune] Epoch 1/3 - Loss: 5.2417
2026-06-28 04:49:39,518 - [INFO] -       [Fine-tune] Epoch 2/3 - Loss: 5.2245
2026-06-28 04:49:39,937 - [INFO] -       [Fine-tune] Epoch 3/3 - Loss: 5.2072
2026-06-28 04:49:41,214 - [INFO] -       [Fine-tune] Epoch 1/1 - Loss: 5.1900
2026-06-28 04:49:42,042 - [INFO] -       [Fine-tune] Epoch 1/3 - Loss: 5.1727
2026-06-28 04:49:42,454 - [INFO] -       [Fine-tune] Epoch 2/3 - Loss: 5.1555
2026-06-28 04:49:42,853 - [INFO] -       [Fine-tune] Epoch 3/3 - Loss: 5.1382
2026-06-28 04:49:44,105 - [INFO] -       [Fine-tune] Epoch 1/1 - Loss: 5.1210
2026-06-28 04:49:44,937 - [INFO] -       [Fine-tune] Epoch 1/3 - Loss: 5.1037
2026-06-28 04:49:45,341 - [INFO] -       [Fine-tune] Epoch 2/3 - Loss: 5.0865
2026-06-28 04:49:45,744 - [INFO] -       [Fine-tune] Epoch 3/3 - Loss: 5.0692
2026-06-28 04:49:46,956 - [INFO] -       [Fine-tune] Epoch 1/1 - Loss: 5.0520
2026-06-28 04:49:47,743 - [INFO] -       [Fine-tune] Epoch 1/3 - Loss: 5.0347
2026-06-28 04:49:48,142 - [INFO] -       [Fine-tune] Epoch 2/3 - Loss: 5.0175
2026-06-28 04:49:48,525 - [INFO] -       [Fine-tune] Epoch 3/3 - Loss: 5.0003
2026-06-28 04:49:49,808 - [INFO] -       [Fine-tune] Epoch 1/1 - Loss: 4.9830
2026-06-28 04:49:50,626 - [INFO] -       [Fine-tune] Epoch 1/3 - Loss: 4.9658
2026-06-28 04:49:51,050 - [INFO] -       [Fine-tune] Epoch 2/3 - Loss: 4.9486
2026-06-28 04:49:51,508 - [INFO] -       [Fine-tune] Epoch 3/3 - Loss: 4.9313
2026-06-28 04:49:52,749 - [INFO] -       [Fine-tune] Epoch 1/1 - Loss: 4.9141
2026-06-28 04:49:53,634 - [INFO] -       [Fine-tune] Epoch 1/3 - Loss: 4.8969
2026-06-28 04:49:54,033 - [INFO] -       [Fine-tune] Epoch 2/3 - Loss: 4.8797
2026-06-28 04:49:54,430 - [INFO] -       [Fine-tune] Epoch 3/3 - Loss: 4.8624
2026-06-28 04:49:55,677 - [INFO] -       [Fine-tune] Epoch 1/1 - Loss: 4.8452
2026-06-28 04:49:56,467 - [INFO] -       [Fine-tune] Epoch 1/3 - Loss: 4.8280
2026-06-28 04:49:56,872 - [INFO] -       [Fine-tune] Epoch 2/3 - Loss: 4.8108
2026-06-28 04:49:57,272 - [INFO] -       [Fine-tune] Epoch 3/3 - Loss: 4.7936
2026-06-28 04:49:58,502 - [INFO] -       [Fine-tune] Epoch 1/1 - Loss: 4.7763
2026-06-28 04:49:59,326 - [INFO] -       [Fine-tune] Epoch 1/3 - Loss: 4.7591
2026-06-28 04:49:59,740 - [INFO] -       [Fine-tune] Epoch 2/3 - Loss: 4.7419
2026-06-28 04:50:00,147 - [INFO] -       [Fine-tune] Epoch 3/3 - Loss: 4.7247
2026-06-28 04:50:01,327 - [INFO] -       [Fine-tune] Epoch 1/1 - Loss: 4.7075
2026-06-28 04:50:02,145 - [INFO] -       [Fine-tune] Epoch 1/3 - Loss: 4.6903
2026-06-28 04:50:02,555 - [INFO] -       [Fine-tune] Epoch 2/3 - Loss: 4.6731
2026-06-28 04:50:02,953 - [INFO] -       [Fine-tune] Epoch 3/3 - Loss: 4.6559
2026-06-28 04:50:04,238 - [INFO] -       [Fine-tune] Epoch 1/1 - Loss: 4.6387
2026-06-28 04:50:05,107 - [INFO] -       [Fine-tune] Epoch 1/3 - Loss: 4.6215
2026-06-28 04:50:05,560 - [INFO] -       [Fine-tune] Epoch 2/3 - Loss: 4.6043
2026-06-28 04:50:05,962 - [INFO] -       [Fine-tune] Epoch 3/3 - Loss: 4.5871
2026-06-28 04:50:07,198 - [INFO] -       [Fine-tune] Epoch 1/1 - Loss: 4.5700
2026-06-28 04:50:08,045 - [INFO] -       [Fine-tune] Epoch 1/3 - Loss: 4.5528
2026-06-28 04:50:08,461 - [INFO] -       [Fine-tune] Epoch 2/3 - Loss: 4.5356
2026-06-28 04:50:08,913 - [INFO] -       [Fine-tune] Epoch 3/3 - Loss: 4.5184
2026-06-28 04:50:10,145 - [INFO] -       [Fine-tune] Epoch 1/1 - Loss: 4.5012
2026-06-28 04:50:10,934 - [INFO] -       [Fine-tune] Epoch 1/3 - Loss: 4.4841
2026-06-28 04:50:11,333 - [INFO] -       [Fine-tune] Epoch 2/3 - Loss: 4.4669
2026-06-28 04:50:11,735 - [INFO] -       [Fine-tune] Epoch 3/3 - Loss: 4.4497
2026-06-28 04:50:12,922 - [INFO] -       [Fine-tune] Epoch 1/1 - Loss: 4.4326
2026-06-28 04:50:13,706 - [INFO] -       [Fine-tune] Epoch 1/3 - Loss: 4.4154
2026-06-28 04:50:14,090 - [INFO] -       [Fine-tune] Epoch 2/3 - Loss: 4.3983
2026-06-28 04:50:14,499 - [INFO] -       [Fine-tune] Epoch 3/3 - Loss: 4.3811
2026-06-28 04:50:15,689 - [INFO] -       [Fine-tune] Epoch 1/1 - Loss: 4.3640
2026-06-28 04:50:16,533 - [INFO] -       [Fine-tune] Epoch 1/3 - Loss: 4.3468
2026-06-28 04:50:16,922 - [INFO] -       [Fine-tune] Epoch 2/3 - Loss: 4.3297
2026-06-28 04:50:17,346 - [INFO] -       [Fine-tune] Epoch 3/3 - Loss: 4.3125
2026-06-28 04:50:18,555 - [INFO] -       [Fine-tune] Epoch 1/1 - Loss: 4.2954
2026-06-28 04:50:19,400 - [INFO] -       [Fine-tune] Epoch 1/3 - Loss: 4.2783
2026-06-28 04:50:19,818 - [INFO] -       [Fine-tune] Epoch 2/3 - Loss: 4.2611
2026-06-28 04:50:20,261 - [INFO] -       [Fine-tune] Epoch 3/3 - Loss: 4.2440
2026-06-28 04:50:21,469 - [INFO] -       [Fine-tune] Epoch 1/1 - Loss: 4.2269
2026-06-28 04:50:22,318 - [INFO] -       [Fine-tune] Epoch 1/3 - Loss: 4.2098
2026-06-28 04:50:22,726 - [INFO] -       [Fine-tune] Epoch 2/3 - Loss: 4.1927
2026-06-28 04:50:23,155 - [INFO] -       [Fine-tune] Epoch 3/3 - Loss: 4.1756
2026-06-28 04:50:24,332 - [INFO] -       [Fine-tune] Epoch 1/1 - Loss: 4.1584
2026-06-28 04:50:25,167 - [INFO] -       [Fine-tune] Epoch 1/3 - Loss: 4.1413
2026-06-28 04:50:25,565 - [INFO] -       [Fine-tune] Epoch 2/3 - Loss: 4.1243
2026-06-28 04:50:25,994 - [INFO] -       [Fine-tune] Epoch 3/3 - Loss: 4.1072
2026-06-28 04:50:27,277 - [INFO] -       [Fine-tune] Epoch 1/1 - Loss: 4.0901
2026-06-28 04:50:28,057 - [INFO] -       [Fine-tune] Epoch 1/3 - Loss: 4.0730
2026-06-28 04:50:28,494 - [INFO] -       [Fine-tune] Epoch 2/3 - Loss: 4.0559
2026-06-28 04:50:28,884 - [INFO] -       [Fine-tune] Epoch 3/3 - Loss: 4.0388
2026-06-28 04:50:30,107 - [INFO] -       [Fine-tune] Epoch 1/1 - Loss: 4.0218
2026-06-28 04:50:30,917 - [INFO] -       [Fine-tune] Epoch 1/3 - Loss: 4.0047
2026-06-28 04:50:31,324 - [INFO] -       [Fine-tune] Epoch 2/3 - Loss: 3.9877
2026-06-28 04:50:31,710 - [INFO] -       [Fine-tune] Epoch 3/3 - Loss: 3.9706
2026-06-28 04:50:32,869 - [INFO] -       [Fine-tune] Epoch 1/1 - Loss: 3.9536
2026-06-28 04:50:33,639 - [INFO] -       [Fine-tune] Epoch 1/3 - Loss: 3.9365
2026-06-28 04:50:34,077 - [INFO] -       [Fine-tune] Epoch 2/3 - Loss: 3.9195
2026-06-28 04:50:34,486 - [INFO] -       [Fine-tune] Epoch 3/3 - Loss: 3.9024
2026-06-28 04:50:35,744 - [INFO] -       [Fine-tune] Epoch 1/1 - Loss: 3.8854
2026-06-28 04:50:36,582 - [INFO] -       [Fine-tune] Epoch 1/3 - Loss: 3.8684
2026-06-28 04:50:37,043 - [INFO] -       [Fine-tune] Epoch 2/3 - Loss: 3.8514
2026-06-28 04:50:37,451 - [INFO] -       [Fine-tune] Epoch 3/3 - Loss: 3.8344
2026-06-28 04:50:38,674 - [INFO] -       [Fine-tune] Epoch 1/1 - Loss: 3.8174
2026-06-28 04:50:39,547 - [INFO] -       [Fine-tune] Epoch 1/3 - Loss: 3.8004
2026-06-28 04:50:39,965 - [INFO] -       [Fine-tune] Epoch 2/3 - Loss: 3.7834
2026-06-28 04:50:40,359 - [INFO] -       [Fine-tune] Epoch 3/3 - Loss: 3.7664
2026-06-28 04:50:41,648 - [INFO] -       [Fine-tune] Epoch 1/1 - Loss: 3.7494
2026-06-28 04:50:42,765 - [INFO] -       [Fine-tune] Epoch 1/3 - Loss: 3.7324
2026-06-28 04:50:43,322 - [INFO] -       [Fine-tune] Epoch 2/3 - Loss: 3.7155
2026-06-28 04:50:43,889 - [INFO] -       [Fine-tune] Epoch 3/3 - Loss: 3.6985
2026-06-28 04:50:45,537 - [INFO] -       [Fine-tune] Epoch 1/1 - Loss: 3.6816
2026-06-28 04:50:46,649 - [INFO] -       [Fine-tune] Epoch 1/3 - Loss: 3.6646
2026-06-28 04:50:47,128 - [INFO] -       [Fine-tune] Epoch 2/3 - Loss: 3.6477
2026-06-28 04:50:47,633 - [INFO] -       [Fine-tune] Epoch 3/3 - Loss: 3.6308
2026-06-28 04:50:49,228 - [INFO] -       [Fine-tune] Epoch 1/1 - Loss: 3.6138
2026-06-28 04:50:50,228 - [INFO] -       [Fine-tune] Epoch 1/3 - Loss: 3.5969
2026-06-28 04:50:50,792 - [INFO] -       [Fine-tune] Epoch 2/3 - Loss: 3.5800
2026-06-28 04:50:51,309 - [INFO] -       [Fine-tune] Epoch 3/3 - Loss: 3.5631
2026-06-28 04:50:52,967 - [INFO] -       [Fine-tune] Epoch 1/1 - Loss: 3.5462
2026-06-28 04:50:53,988 - [INFO] -       [Fine-tune] Epoch 1/3 - Loss: 3.5294
2026-06-28 04:50:54,462 - [INFO] -       [Fine-tune] Epoch 2/3 - Loss: 3.5125
2026-06-28 04:50:55,026 - [INFO] -       [Fine-tune] Epoch 3/3 - Loss: 3.4956
2026-06-28 04:50:56,619 - [INFO] -       [Fine-tune] Epoch 1/1 - Loss: 3.4788
2026-06-28 04:50:57,785 - [INFO] -       [Fine-tune] Epoch 1/3 - Loss: 3.4619
2026-06-28 04:50:58,350 - [INFO] -       [Fine-tune] Epoch 2/3 - Loss: 3.4451
2026-06-28 04:50:58,803 - [INFO] -       [Fine-tune] Epoch 3/3 - Loss: 3.4282
2026-06-28 04:50:59,998 - [INFO] -       [Fine-tune] Epoch 1/1 - Loss: 3.4114
2026-06-28 04:51:00,839 - [INFO] -       [Fine-tune] Epoch 1/3 - Loss: 3.3946
2026-06-28 04:51:01,255 - [INFO] -       [Fine-tune] Epoch 2/3 - Loss: 3.3778
2026-06-28 04:51:01,682 - [INFO] -       [Fine-tune] Epoch 3/3 - Loss: 3.3610
2026-06-28 04:51:02,932 - [INFO] -       [Fine-tune] Epoch 1/1 - Loss: 3.3442
2026-06-28 04:51:03,752 - [INFO] -       [Fine-tune] Epoch 1/3 - Loss: 3.3274
2026-06-28 04:51:04,171 - [INFO] -       [Fine-tune] Epoch 2/3 - Loss: 3.3107
2026-06-28 04:51:04,587 - [INFO] -       [Fine-tune] Epoch 3/3 - Loss: 3.2939
2026-06-28 04:51:05,775 - [INFO] -       [Fine-tune] Epoch 1/1 - Loss: 3.2772
2026-06-28 04:51:06,560 - [INFO] -       [Fine-tune] Epoch 1/3 - Loss: 3.2605
2026-06-28 04:51:06,947 - [INFO] -       [Fine-tune] Epoch 2/3 - Loss: 3.2437
2026-06-28 04:51:07,332 - [INFO] -       [Fine-tune] Epoch 3/3 - Loss: 3.2270
2026-06-28 04:51:08,593 - [INFO] -       [Fine-tune] Epoch 1/1 - Loss: 3.2103
2026-06-28 04:51:09,398 - [INFO] -       [Fine-tune] Epoch 1/3 - Loss: 3.1936
2026-06-28 04:51:09,817 - [INFO] -       [Fine-tune] Epoch 2/3 - Loss: 3.1770
2026-06-28 04:51:10,193 - [INFO] -       [Fine-tune] Epoch 3/3 - Loss: 3.1603
2026-06-28 04:51:11,393 - [INFO] -       [Fine-tune] Epoch 1/1 - Loss: 3.1436
2026-06-28 04:51:12,208 - [INFO] -       [Fine-tune] Epoch 1/3 - Loss: 3.1270
2026-06-28 04:51:12,582 - [INFO] -       [Fine-tune] Epoch 2/3 - Loss: 3.1104
2026-06-28 04:51:12,976 - [INFO] -       [Fine-tune] Epoch 3/3 - Loss: 3.0938
2026-06-28 04:51:14,226 - [INFO] -       [Fine-tune] Epoch 1/1 - Loss: 3.0772
2026-06-28 04:51:15,086 - [INFO] -       [Fine-tune] Epoch 1/3 - Loss: 3.0606
2026-06-28 04:51:15,527 - [INFO] -       [Fine-tune] Epoch 2/3 - Loss: 3.0440
2026-06-28 04:51:15,953 - [INFO] -       [Fine-tune] Epoch 3/3 - Loss: 3.0274
2026-06-28 04:51:17,164 - [INFO] -       [Fine-tune] Epoch 1/1 - Loss: 3.0109
2026-06-28 04:51:17,961 - [INFO] -       [Fine-tune] Epoch 1/3 - Loss: 2.9943
2026-06-28 04:51:18,394 - [INFO] -       [Fine-tune] Epoch 2/3 - Loss: 2.9778
2026-06-28 04:51:18,838 - [INFO] -       [Fine-tune] Epoch 3/3 - Loss: 2.9613
2026-06-28 04:51:20,089 - [INFO] -       [Fine-tune] Epoch 1/1 - Loss: 2.9448
2026-06-28 04:51:20,942 - [INFO] -       [Fine-tune] Epoch 1/3 - Loss: 2.9283
2026-06-28 04:51:21,331 - [INFO] -       [Fine-tune] Epoch 2/3 - Loss: 2.9119
2026-06-28 04:51:21,743 - [INFO] -       [Fine-tune] Epoch 3/3 - Loss: 2.8954
2026-06-28 04:51:22,952 - [INFO] -       [Fine-tune] Epoch 1/1 - Loss: 2.8790
2026-06-28 04:51:23,737 - [INFO] -       [Fine-tune] Epoch 1/3 - Loss: 2.8626
2026-06-28 04:51:24,164 - [INFO] -       [Fine-tune] Epoch 2/3 - Loss: 2.8462
2026-06-28 04:51:24,589 - [INFO] -       [Fine-tune] Epoch 3/3 - Loss: 2.8298
2026-06-28 04:51:25,888 - [INFO] -       [Fine-tune] Epoch 1/1 - Loss: 2.8134
2026-06-28 04:51:26,728 - [INFO] -       [Fine-tune] Epoch 1/3 - Loss: 2.7971
2026-06-28 04:51:27,212 - [INFO] -       [Fine-tune] Epoch 2/3 - Loss: 2.7807
2026-06-28 04:51:27,638 - [INFO] -       [Fine-tune] Epoch 3/3 - Loss: 2.7644
2026-06-28 04:51:28,856 - [INFO] -       [Fine-tune] Epoch 1/1 - Loss: 2.7481
2026-06-28 04:51:29,723 - [INFO] -       [Fine-tune] Epoch 1/3 - Loss: 2.7318
2026-06-28 04:51:30,152 - [INFO] -       [Fine-tune] Epoch 2/3 - Loss: 2.7156
2026-06-28 04:51:30,555 - [INFO] -       [Fine-tune] Epoch 3/3 - Loss: 2.6993
2026-06-28 04:51:31,848 - [INFO] -       [Fine-tune] Epoch 1/1 - Loss: 2.6831
2026-06-28 04:51:32,686 - [INFO] -       [Fine-tune] Epoch 1/3 - Loss: 2.6669
2026-06-28 04:51:33,080 - [INFO] -       [Fine-tune] Epoch 2/3 - Loss: 2.6507
2026-06-28 04:51:33,476 - [INFO] -       [Fine-tune] Epoch 3/3 - Loss: 2.6345
2026-06-28 04:51:34,776 - [INFO] -       [Fine-tune] Epoch 1/1 - Loss: 2.6184
2026-06-28 04:51:35,652 - [INFO] -       [Fine-tune] Epoch 1/3 - Loss: 2.6022
2026-06-28 04:51:36,084 - [INFO] -       [Fine-tune] Epoch 2/3 - Loss: 2.5861
2026-06-28 04:51:36,510 - [INFO] -       [Fine-tune] Epoch 3/3 - Loss: 2.5700
2026-06-28 04:51:37,723 - [INFO] -       [Fine-tune] Epoch 1/1 - Loss: 2.5540
2026-06-28 04:51:38,528 - [INFO] -       [Fine-tune] Epoch 1/3 - Loss: 2.5379
2026-06-28 04:51:38,950 - [INFO] -       [Fine-tune] Epoch 2/3 - Loss: 2.5219
2026-06-28 04:51:39,378 - [INFO] -       [Fine-tune] Epoch 3/3 - Loss: 2.5059
2026-06-28 04:51:40,664 - [INFO] -       [Fine-tune] Epoch 1/1 - Loss: 2.4899
2026-06-28 04:51:41,565 - [INFO] -       [Fine-tune] Epoch 1/3 - Loss: 2.4740
2026-06-28 04:51:42,020 - [INFO] -       [Fine-tune] Epoch 2/3 - Loss: 2.4580
2026-06-28 04:51:42,425 - [INFO] -       [Fine-tune] Epoch 3/3 - Loss: 2.4421
2026-06-28 04:51:43,623 - [INFO] -       [Fine-tune] Epoch 1/1 - Loss: 2.4262
2026-06-28 04:51:44,397 - [INFO] -       [Fine-tune] Epoch 1/3 - Loss: 2.4104
2026-06-28 04:51:44,829 - [INFO] -       [Fine-tune] Epoch 2/3 - Loss: 2.3945
2026-06-28 04:51:45,272 - [INFO] -       [Fine-tune] Epoch 3/3 - Loss: 2.3787
2026-06-28 04:51:46,509 - [INFO] -       [Fine-tune] Epoch 1/1 - Loss: 2.3629
2026-06-28 04:51:47,324 - [INFO] -       [Fine-tune] Epoch 1/3 - Loss: 2.3472
2026-06-28 04:51:47,745 - [INFO] -       [Fine-tune] Epoch 2/3 - Loss: 2.3314
2026-06-28 04:51:48,155 - [INFO] -       [Fine-tune] Epoch 3/3 - Loss: 2.3157
2026-06-28 04:51:49,365 - [INFO] -       [Fine-tune] Epoch 1/1 - Loss: 2.3000
2026-06-28 04:51:50,158 - [INFO] -       [Fine-tune] Epoch 1/3 - Loss: 2.2844
2026-06-28 04:51:50,567 - [INFO] -       [Fine-tune] Epoch 2/3 - Loss: 2.2687
2026-06-28 04:51:50,965 - [INFO] -       [Fine-tune] Epoch 3/3 - Loss: 2.2531
2026-06-28 04:51:52,304 - [INFO] -       [Fine-tune] Epoch 1/1 - Loss: 2.2376
2026-06-28 04:51:53,177 - [INFO] -       [Fine-tune] Epoch 1/3 - Loss: 2.2220
2026-06-28 04:51:53,563 - [INFO] -       [Fine-tune] Epoch 2/3 - Loss: 2.2065
2026-06-28 04:51:53,966 - [INFO] -       [Fine-tune] Epoch 3/3 - Loss: 2.1910
2026-06-28 04:51:55,153 - [INFO] -       [Fine-tune] Epoch 1/1 - Loss: 2.1756
2026-06-28 04:51:55,956 - [INFO] -       [Fine-tune] Epoch 1/3 - Loss: 2.1601
2026-06-28 04:51:56,417 - [INFO] -       [Fine-tune] Epoch 2/3 - Loss: 2.1448
2026-06-28 04:51:56,820 - [INFO] -       [Fine-tune] Epoch 3/3 - Loss: 2.1294
2026-06-28 04:51:58,054 - [INFO] -       [Fine-tune] Epoch 1/1 - Loss: 2.1141
2026-06-28 04:51:58,860 - [INFO] -       [Fine-tune] Epoch 1/3 - Loss: 2.0988
2026-06-28 04:51:59,253 - [INFO] -       [Fine-tune] Epoch 2/3 - Loss: 2.0835
2026-06-28 04:51:59,703 - [INFO] -       [Fine-tune] Epoch 3/3 - Loss: 2.0682
2026-06-28 04:52:00,932 - [INFO] -       [Fine-tune] Epoch 1/1 - Loss: 2.0530
2026-06-28 04:52:01,781 - [INFO] -       [Fine-tune] Epoch 1/3 - Loss: 2.0379
2026-06-28 04:52:02,186 - [INFO] -       [Fine-tune] Epoch 2/3 - Loss: 2.0227
2026-06-28 04:52:02,613 - [INFO] -       [Fine-tune] Epoch 3/3 - Loss: 2.0076
2026-06-28 04:52:03,799 - [INFO] -       [Fine-tune] Epoch 1/1 - Loss: 1.9926
2026-06-28 04:52:04,593 - [INFO] -       [Fine-tune] Epoch 1/3 - Loss: 1.9775
2026-06-28 04:52:05,051 - [INFO] -       [Fine-tune] Epoch 2/3 - Loss: 1.9625
2026-06-28 04:52:05,498 - [INFO] -       [Fine-tune] Epoch 3/3 - Loss: 1.9476
2026-06-28 04:52:06,668 - [INFO] -       [Fine-tune] Epoch 1/1 - Loss: 1.9327
2026-06-28 04:52:07,471 - [INFO] -       [Fine-tune] Epoch 1/3 - Loss: 1.9178
2026-06-28 04:52:07,886 - [INFO] -       [Fine-tune] Epoch 2/3 - Loss: 1.9029
2026-06-28 04:52:08,266 - [INFO] -       [Fine-tune] Epoch 3/3 - Loss: 1.8881
2026-06-28 04:52:09,431 - [INFO] -       [Fine-tune] Epoch 1/1 - Loss: 1.8734
2026-06-28 04:52:10,333 - [INFO] -       [Fine-tune] Epoch 1/3 - Loss: 1.8586
2026-06-28 04:52:10,724 - [INFO] -       [Fine-tune] Epoch 2/3 - Loss: 1.8439
2026-06-28 04:52:11,130 - [INFO] -       [Fine-tune] Epoch 3/3 - Loss: 1.8293
2026-06-28 04:52:12,425 - [INFO] -       [Fine-tune] Epoch 1/1 - Loss: 1.8147
2026-06-28 04:52:13,264 - [INFO] -       [Fine-tune] Epoch 1/3 - Loss: 1.8001
2026-06-28 04:52:13,665 - [INFO] -       [Fine-tune] Epoch 2/3 - Loss: 1.7856
2026-06-28 04:52:14,077 - [INFO] -       [Fine-tune] Epoch 3/3 - Loss: 1.7711
2026-06-28 04:52:15,353 - [INFO] -       [Fine-tune] Epoch 1/1 - Loss: 1.7567
2026-06-28 04:52:16,170 - [INFO] -       [Fine-tune] Epoch 1/3 - Loss: 1.7423
2026-06-28 04:52:16,584 - [INFO] -       [Fine-tune] Epoch 2/3 - Loss: 1.7279
2026-06-28 04:52:16,989 - [INFO] -       [Fine-tune] Epoch 3/3 - Loss: 1.7136
2026-06-28 04:52:18,213 - [INFO] -       [Fine-tune] Epoch 1/1 - Loss: 1.6993
2026-06-28 04:52:19,052 - [INFO] -       [Fine-tune] Epoch 1/3 - Loss: 1.6851
2026-06-28 04:52:19,452 - [INFO] -       [Fine-tune] Epoch 2/3 - Loss: 1.6709
2026-06-28 04:52:19,874 - [INFO] -       [Fine-tune] Epoch 3/3 - Loss: 1.6568
2026-06-28 04:52:21,102 - [INFO] -       [Fine-tune] Epoch 1/1 - Loss: 1.6427
2026-06-28 04:52:21,890 - [INFO] -       [Fine-tune] Epoch 1/3 - Loss: 1.6287
2026-06-28 04:52:22,310 - [INFO] -       [Fine-tune] Epoch 2/3 - Loss: 1.6147
2026-06-28 04:52:22,702 - [INFO] -       [Fine-tune] Epoch 3/3 - Loss: 1.6008
2026-06-28 04:52:23,998 - [INFO] -       [Fine-tune] Epoch 1/1 - Loss: 1.5869
2026-06-28 04:52:24,869 - [INFO] -       [Fine-tune] Epoch 1/3 - Loss: 1.5730
2026-06-28 04:52:25,244 - [INFO] -       [Fine-tune] Epoch 2/3 - Loss: 1.5592
2026-06-28 04:52:25,686 - [INFO] -       [Fine-tune] Epoch 3/3 - Loss: 1.5455
2026-06-28 04:52:26,864 - [INFO] -       [Fine-tune] Epoch 1/1 - Loss: 1.5318
2026-06-28 04:52:27,814 - [INFO] -       [Fine-tune] Epoch 1/3 - Loss: 1.5182
2026-06-28 04:52:28,196 - [INFO] -       [Fine-tune] Epoch 2/3 - Loss: 1.5046
2026-06-28 04:52:28,624 - [INFO] -       [Fine-tune] Epoch 3/3 - Loss: 1.4910
2026-06-28 04:52:29,837 - [INFO] -       [Fine-tune] Epoch 1/1 - Loss: 1.4776
2026-06-28 04:52:30,687 - [INFO] -       [Fine-tune] Epoch 1/3 - Loss: 1.4641
2026-06-28 04:52:31,107 - [INFO] -       [Fine-tune] Epoch 2/3 - Loss: 1.4507
2026-06-28 04:52:31,498 - [INFO] -       [Fine-tune] Epoch 3/3 - Loss: 1.4374
2026-06-28 04:52:32,717 - [INFO] -       [Fine-tune] Epoch 1/1 - Loss: 1.4242
2026-06-28 04:52:33,506 - [INFO] -       [Fine-tune] Epoch 1/3 - Loss: 1.4109
2026-06-28 04:52:33,939 - [INFO] -       [Fine-tune] Epoch 2/3 - Loss: 1.3978
2026-06-28 04:52:34,374 - [INFO] -       [Fine-tune] Epoch 3/3 - Loss: 1.3847
2026-06-28 04:52:35,607 - [INFO] -       [Fine-tune] Epoch 1/1 - Loss: 1.3716
2026-06-28 04:52:36,473 - [INFO] -       [Fine-tune] Epoch 1/3 - Loss: 1.3587
2026-06-28 04:52:36,886 - [INFO] -       [Fine-tune] Epoch 2/3 - Loss: 1.3457
2026-06-28 04:52:37,304 - [INFO] -       [Fine-tune] Epoch 3/3 - Loss: 1.3329
2026-06-28 04:52:38,627 - [INFO] -       [Fine-tune] Epoch 1/1 - Loss: 1.3201
2026-06-28 04:52:39,480 - [INFO] -       [Fine-tune] Epoch 1/3 - Loss: 1.3073
2026-06-28 04:52:40,072 - [INFO] -       [Fine-tune] Epoch 2/3 - Loss: 1.2946
2026-06-28 04:52:40,516 - [INFO] -       [Fine-tune] Epoch 3/3 - Loss: 1.2820
2026-06-28 04:52:41,793 - [INFO] -       [Fine-tune] Epoch 1/1 - Loss: 1.2694
2026-06-28 04:52:42,733 - [INFO] -       [Fine-tune] Epoch 1/3 - Loss: 1.2569
2026-06-28 04:52:43,164 - [INFO] -       [Fine-tune] Epoch 2/3 - Loss: 1.2445
2026-06-28 04:52:43,604 - [INFO] -       [Fine-tune] Epoch 3/3 - Loss: 1.2321
2026-06-28 04:52:44,849 - [INFO] -       [Fine-tune] Epoch 1/1 - Loss: 1.2197
2026-06-28 04:52:45,620 - [INFO] -       [Fine-tune] Epoch 1/3 - Loss: 1.2075
2026-06-28 04:52:46,026 - [INFO] -       [Fine-tune] Epoch 2/3 - Loss: 1.1953
2026-06-28 04:52:46,449 - [INFO] -       [Fine-tune] Epoch 3/3 - Loss: 1.1832
2026-06-28 04:52:47,680 - [INFO] -       [Fine-tune] Epoch 1/1 - Loss: 1.1711
2026-06-28 04:52:48,511 - [INFO] -       [Fine-tune] Epoch 1/3 - Loss: 1.1591
2026-06-28 04:52:48,947 - [INFO] -       [Fine-tune] Epoch 2/3 - Loss: 1.1472
2026-06-28 04:52:49,357 - [INFO] -       [Fine-tune] Epoch 3/3 - Loss: 1.1353
2026-06-28 04:52:50,660 - [INFO] -       [Fine-tune] Epoch 1/1 - Loss: 1.1235
2026-06-28 04:52:51,461 - [INFO] -       [Fine-tune] Epoch 1/3 - Loss: 1.1117
2026-06-28 04:52:51,867 - [INFO] -       [Fine-tune] Epoch 2/3 - Loss: 1.1001
2026-06-28 04:52:52,320 - [INFO] -       [Fine-tune] Epoch 3/3 - Loss: 1.0885
2026-06-28 04:52:53,562 - [INFO] -       [Fine-tune] Epoch 1/1 - Loss: 1.0769
2026-06-28 04:52:54,452 - [INFO] -       [Fine-tune] Epoch 1/3 - Loss: 1.0655
2026-06-28 04:52:54,873 - [INFO] -       [Fine-tune] Epoch 2/3 - Loss: 1.0541
2026-06-28 04:52:55,272 - [INFO] -       [Fine-tune] Epoch 3/3 - Loss: 1.0427
2026-06-28 04:52:56,520 - [INFO] -       [Fine-tune] Epoch 1/1 - Loss: 1.0315
2026-06-28 04:52:57,296 - [INFO] -       [Fine-tune] Epoch 1/3 - Loss: 1.0203
2026-06-28 04:52:57,726 - [INFO] -       [Fine-tune] Epoch 2/3 - Loss: 1.0091
2026-06-28 04:52:58,124 - [INFO] -       [Fine-tune] Epoch 3/3 - Loss: 0.9981
2026-06-28 04:52:59,406 - [INFO] -       [Fine-tune] Epoch 1/1 - Loss: 0.9871
2026-06-28 04:53:00,336 - [INFO] -       [Fine-tune] Epoch 1/3 - Loss: 0.9762
2026-06-28 04:53:00,790 - [INFO] -       [Fine-tune] Epoch 2/3 - Loss: 0.9654
2026-06-28 04:53:01,184 - [INFO] -       [Fine-tune] Epoch 3/3 - Loss: 0.9546
2026-06-28 04:53:02,442 - [INFO] -       [Fine-tune] Epoch 1/1 - Loss: 0.9439
2026-06-28 04:53:03,256 - [INFO] -       [Fine-tune] Epoch 1/3 - Loss: 0.9333
2026-06-28 04:53:03,668 - [INFO] -       [Fine-tune] Epoch 2/3 - Loss: 0.9227
2026-06-28 04:53:04,074 - [INFO] -       [Fine-tune] Epoch 3/3 - Loss: 0.9123
2026-06-28 04:53:05,456 - [INFO] -       [Fine-tune] Epoch 1/1 - Loss: 0.9018
2026-06-28 04:53:06,464 - [INFO] -       [Fine-tune] Epoch 1/3 - Loss: 0.8915
2026-06-28 04:53:06,974 - [INFO] -       [Fine-tune] Epoch 2/3 - Loss: 0.8813
2026-06-28 04:53:07,520 - [INFO] -       [Fine-tune] Epoch 3/3 - Loss: 0.8711
2026-06-28 04:53:09,315 - [INFO] -       [Fine-tune] Epoch 1/1 - Loss: 0.8215
2026-06-28 04:53:10,499 - [INFO] -       [Fine-tune] Epoch 1/3 - Loss: 0.7366
2026-06-28 04:53:11,038 - [INFO] -       [Fine-tune] Epoch 2/3 - Loss: 0.6578
2026-06-28 04:53:11,612 - [INFO] -       [Fine-tune] Epoch 3/3 - Loss: 0.5852
2026-06-28 04:53:13,309 - [INFO] -       [Fine-tune] Epoch 1/1 - Loss: 0.5327
2026-06-28 04:53:14,419 - [INFO] -       [Fine-tune] Epoch 1/3 - Loss: 0.4975
2026-06-28 04:53:14,981 - [INFO] -       [Fine-tune] Epoch 2/3 - Loss: 0.4642
2026-06-28 04:53:15,554 - [INFO] -       [Fine-tune] Epoch 3/3 - Loss: 0.4327
2026-06-28 04:53:17,344 - [INFO] -       [Fine-tune] Epoch 1/1 - Loss: 0.4145
2026-06-28 04:53:18,534 - [INFO] -       [Fine-tune] Epoch 1/3 - Loss: 0.4086
2026-06-28 04:53:19,121 - [INFO] -       [Fine-tune] Epoch 2/3 - Loss: 0.4028
2026-06-28 04:53:19,677 - [INFO] -       [Fine-tune] Epoch 3/3 - Loss: 0.3971
2026-06-28 04:53:21,658 - [INFO] -       [Fine-tune] Epoch 1/1 - Loss: 0.3642
2026-06-28 04:53:23,232 - [INFO] -       [Fine-tune] Epoch 1/3 - Loss: 0.3094
2026-06-28 04:53:23,986 - [INFO] -       [Fine-tune] Epoch 2/3 - Loss: 0.2618
2026-06-28 04:53:24,714 - [INFO] -       [Fine-tune] Epoch 3/3 - Loss: 0.2207
2026-06-28 04:53:26,756 - [INFO] -       [Fine-tune] Epoch 1/1 - Loss: 0.1869
2026-06-28 04:53:27,981 - [INFO] -       [Fine-tune] Epoch 1/3 - Loss: 0.1592
2026-06-28 04:53:28,669 - [INFO] -       [Fine-tune] Epoch 2/3 - Loss: 0.1353
2026-06-28 04:53:29,362 - [INFO] -       [Fine-tune] Epoch 3/3 - Loss: 0.1148
2026-06-28 04:53:31,249 - [INFO] -       [Fine-tune] Epoch 1/1 - Loss: 0.1038
2026-06-28 04:53:32,494 - [INFO] -       [Fine-tune] Epoch 1/3 - Loss: 0.1004
2026-06-28 04:53:33,076 - [INFO] -       [Fine-tune] Epoch 2/3 - Loss: 0.0972
2026-06-28 04:53:33,656 - [INFO] -       [Fine-tune] Epoch 3/3 - Loss: 0.0940
2026-06-28 04:53:35,496 - [INFO] -       [Fine-tune] Epoch 1/1 - Loss: 0.0901
2026-06-28 04:53:36,716 - [INFO] -       [Fine-tune] Epoch 1/3 - Loss: 0.0857
2026-06-28 04:53:37,283 - [INFO] -       [Fine-tune] Epoch 2/3 - Loss: 0.0815
2026-06-28 04:53:37,875 - [INFO] -       [Fine-tune] Epoch 3/3 - Loss: 0.0775
2026-06-28 04:53:39,584 - [INFO] -       [Fine-tune] Epoch 1/1 - Loss: 0.0737
2026-06-28 04:53:40,762 - [INFO] -       [Fine-tune] Epoch 1/3 - Loss: 0.0701
2026-06-28 04:53:41,365 - [INFO] -       [Fine-tune] Epoch 2/3 - Loss: 0.0667
2026-06-28 04:53:41,948 - [INFO] -       [Fine-tune] Epoch 3/3 - Loss: 0.0634
2026-06-28 04:53:43,743 - [INFO] -       [Fine-tune] Epoch 1/1 - Loss: 0.0602
2026-06-28 04:53:44,914 - [INFO] -       [Fine-tune] Epoch 1/3 - Loss: 0.0573
2026-06-28 04:53:45,471 - [INFO] -       [Fine-tune] Epoch 2/3 - Loss: 0.0544
2026-06-28 04:53:46,064 - [INFO] -       [Fine-tune] Epoch 3/3 - Loss: 0.0517
2026-06-28 04:53:47,799 - [INFO] -       [Fine-tune] Epoch 1/1 - Loss: 0.0496
2026-06-28 04:53:48,930 - [INFO] -       [Fine-tune] Epoch 1/3 - Loss: 0.0479
2026-06-28 04:53:49,507 - [INFO] -       [Fine-tune] Epoch 2/3 - Loss: 0.0463
2026-06-28 04:53:50,134 - [INFO] -       [Fine-tune] Epoch 3/3 - Loss: 0.0447
2026-06-28 04:53:51,973 - [INFO] -       [Fine-tune] Epoch 1/1 - Loss: 0.0425
2026-06-28 04:53:53,159 - [INFO] -       [Fine-tune] Epoch 1/3 - Loss: 0.0397
2026-06-28 04:53:53,772 - [INFO] -       [Fine-tune] Epoch 2/3 - Loss: 0.0371
2026-06-28 04:53:54,386 - [INFO] -       [Fine-tune] Epoch 3/3 - Loss: 0.0346
2026-06-28 04:53:56,254 - [INFO] -       [Fine-tune] Epoch 1/1 - Loss: 0.0326
2026-06-28 04:53:57,602 - [INFO] -       [Fine-tune] Epoch 1/3 - Loss: 0.0310
2026-06-28 04:53:58,232 - [INFO] -       [Fine-tune] Epoch 2/3 - Loss: 0.0294
2026-06-28 04:53:58,837 - [INFO] -       [Fine-tune] Epoch 3/3 - Loss: 0.0280
2026-06-28 04:54:00,783 - [INFO] -       [Fine-tune] Epoch 1/1 - Loss: 0.0266
2026-06-28 04:54:01,928 - [INFO] -       [Fine-tune] Epoch 1/3 - Loss: 0.0252
2026-06-28 04:54:02,547 - [INFO] -       [Fine-tune] Epoch 2/3 - Loss: 0.0240
2026-06-28 04:54:03,130 - [INFO] -       [Fine-tune] Epoch 3/3 - Loss: 0.0227
2026-06-28 04:54:04,847 - [INFO] -       [Fine-tune] Epoch 1/1 - Loss: 0.0216
2026-06-28 04:54:06,067 - [INFO] -       [Fine-tune] Epoch 1/3 - Loss: 0.0205
2026-06-28 04:54:06,616 - [INFO] -       [Fine-tune] Epoch 2/3 - Loss: 0.0195
2026-06-28 04:54:07,280 - [INFO] -       [Fine-tune] Epoch 3/3 - Loss: 0.0185
2026-06-28 04:54:09,010 - [INFO] -       [Fine-tune] Epoch 1/1 - Loss: 0.0176
2026-06-28 04:54:10,156 - [INFO] -       [Fine-tune] Epoch 1/3 - Loss: 0.0167
2026-06-28 04:54:10,717 - [INFO] -       [Fine-tune] Epoch 2/3 - Loss: 0.0158
2026-06-28 04:54:11,343 - [INFO] -       [Fine-tune] Epoch 3/3 - Loss: 0.0150
2026-06-28 04:54:13,115 - [INFO] -       [Fine-tune] Epoch 1/1 - Loss: 0.0143
2026-06-28 04:54:14,284 - [INFO] -       [Fine-tune] Epoch 1/3 - Loss: 0.0136
2026-06-28 04:54:14,900 - [INFO] -       [Fine-tune] Epoch 2/3 - Loss: 0.0129
2026-06-28 04:54:15,471 - [INFO] -       [Fine-tune] Epoch 3/3 - Loss: 0.0122
2026-06-28 04:54:17,203 - [INFO] -       [Fine-tune] Epoch 1/1 - Loss: 0.0116
2026-06-28 04:54:18,372 - [INFO] -       [Fine-tune] Epoch 1/3 - Loss: 0.0110
2026-06-28 04:54:18,989 - [INFO] -       [Fine-tune] Epoch 2/3 - Loss: 0.0104
2026-06-28 04:54:19,539 - [INFO] -       [Fine-tune] Epoch 3/3 - Loss: 0.0099
2026-06-28 04:54:21,290 - [INFO] -       [Fine-tune] Epoch 1/1 - Loss: 0.0095
2026-06-28 04:54:22,367 - [INFO] -       [Fine-tune] Epoch 1/3 - Loss: 0.0092
2026-06-28 04:54:22,891 - [INFO] -       [Fine-tune] Epoch 2/3 - Loss: 0.0089
2026-06-28 04:54:23,472 - [INFO] -       [Fine-tune] Epoch 3/3 - Loss: 0.0086
2026-06-28 04:54:25,187 - [INFO] -       [Fine-tune] Epoch 1/1 - Loss: 0.0083
2026-06-28 04:54:26,352 - [INFO] -       [Fine-tune] Epoch 1/3 - Loss: 0.0080
2026-06-28 04:54:26,913 - [INFO] -       [Fine-tune] Epoch 2/3 - Loss: 0.0077
2026-06-28 04:54:27,503 - [INFO] -       [Fine-tune] Epoch 3/3 - Loss: 0.0074
2026-06-28 04:54:29,344 - [INFO] -       [Fine-tune] Epoch 1/1 - Loss: 0.0072
2026-06-28 04:54:30,520 - [INFO] -       [Fine-tune] Epoch 1/3 - Loss: 0.0069
2026-06-28 04:54:31,107 - [INFO] -       [Fine-tune] Epoch 2/3 - Loss: 0.0067
2026-06-28 04:54:31,665 - [INFO] -       [Fine-tune] Epoch 3/3 - Loss: 0.0065
2026-06-28 04:54:33,429 - [INFO] -       [Fine-tune] Epoch 1/1 - Loss: 0.0062
2026-06-28 04:54:34,640 - [INFO] -       [Fine-tune] Epoch 1/3 - Loss: 0.0059
2026-06-28 04:54:35,261 - [INFO] -       [Fine-tune] Epoch 2/3 - Loss: 0.0056
2026-06-28 04:54:35,854 - [INFO] -       [Fine-tune] Epoch 3/3 - Loss: 0.0053
2026-06-28 04:54:37,635 - [INFO] -       [Fine-tune] Epoch 1/1 - Loss: 0.0050
2026-06-28 04:54:38,828 - [INFO] -       [Fine-tune] Epoch 1/3 - Loss: 0.0048
2026-06-28 04:54:39,421 - [INFO] -       [Fine-tune] Epoch 2/3 - Loss: 0.0045
2026-06-28 04:54:40,045 - [INFO] -       [Fine-tune] Epoch 3/3 - Loss: 0.0043
2026-06-28 04:54:41,766 - [INFO] -       [Fine-tune] Epoch 1/1 - Loss: 0.0041
2026-06-28 04:54:43,016 - [INFO] -       [Fine-tune] Epoch 1/3 - Loss: 0.0039
2026-06-28 04:54:43,616 - [INFO] -       [Fine-tune] Epoch 2/3 - Loss: 0.0037
2026-06-28 04:54:44,209 - [INFO] -       [Fine-tune] Epoch 3/3 - Loss: 0.0035
2026-06-28 04:54:45,963 - [INFO] -       [Fine-tune] Epoch 1/1 - Loss: 0.0033
2026-06-28 04:54:47,158 - [INFO] -       [Fine-tune] Epoch 1/3 - Loss: 0.0032
2026-06-28 04:54:47,726 - [INFO] -       [Fine-tune] Epoch 2/3 - Loss: 0.0031
2026-06-28 04:54:48,271 - [INFO] -       [Fine-tune] Epoch 3/3 - Loss: 0.0030
2026-06-28 04:54:49,985 - [INFO] -       [Fine-tune] Epoch 1/1 - Loss: 0.0029
2026-06-28 04:54:51,213 - [INFO] -       [Fine-tune] Epoch 1/3 - Loss: 0.0027
2026-06-28 04:54:51,852 - [INFO] -       [Fine-tune] Epoch 2/3 - Loss: 0.0026
2026-06-28 04:54:52,449 - [INFO] -       [Fine-tune] Epoch 3/3 - Loss: 0.0025
2026-06-28 04:54:54,166 - [INFO] -       [Fine-tune] Epoch 1/1 - Loss: 0.0023
2026-06-28 04:54:55,364 - [INFO] -       [Fine-tune] Epoch 1/3 - Loss: 0.0022
2026-06-28 04:54:55,980 - [INFO] -       [Fine-tune] Epoch 2/3 - Loss: 0.0021
2026-06-28 04:54:56,612 - [INFO] -       [Fine-tune] Epoch 3/3 - Loss: 0.0020
2026-06-28 04:54:58,416 - [INFO] -       [Fine-tune] Epoch 1/1 - Loss: 0.0019
2026-06-28 04:54:59,551 - [INFO] -       [Fine-tune] Epoch 1/3 - Loss: 0.0019
2026-06-28 04:55:00,132 - [INFO] -       [Fine-tune] Epoch 2/3 - Loss: 0.0018
2026-06-28 04:55:00,691 - [INFO] -       [Fine-tune] Epoch 3/3 - Loss: 0.0017
2026-06-28 04:55:02,522 - [INFO] -       [Fine-tune] Epoch 1/1 - Loss: 0.0017
2026-06-28 04:55:03,651 - [INFO] -       [Fine-tune] Epoch 1/3 - Loss: 0.0016
2026-06-28 04:55:04,219 - [INFO] -       [Fine-tune] Epoch 2/3 - Loss: 0.0016
2026-06-28 04:55:04,797 - [INFO] -       [Fine-tune] Epoch 3/3 - Loss: 0.0015
2026-06-28 04:55:06,681 - [INFO] -       [Fine-tune] Epoch 1/1 - Loss: 0.0014
2026-06-28 04:55:07,879 - [INFO] -       [Fine-tune] Epoch 1/3 - Loss: 0.0013
2026-06-28 04:55:08,497 - [INFO] -       [Fine-tune] Epoch 2/3 - Loss: 0.0012
2026-06-28 04:55:09,078 - [INFO] -       [Fine-tune] Epoch 3/3 - Loss: 0.0012
2026-06-28 04:55:10,757 - [INFO] -       [Fine-tune] Epoch 1/1 - Loss: 0.0011
2026-06-28 04:55:11,885 - [INFO] -       [Fine-tune] Epoch 1/3 - Loss: 0.0011
2026-06-28 04:55:12,379 - [INFO] -       [Fine-tune] Epoch 2/3 - Loss: 0.0010
2026-06-28 04:55:12,924 - [INFO] -       [Fine-tune] Epoch 3/3 - Loss: 0.0010
2026-06-28 04:55:14,901 - [INFO] -       [Fine-tune] Epoch 1/1 - Loss: 0.0008
2026-06-28 04:55:16,278 - [INFO] -       [Fine-tune] Epoch 1/3 - Loss: 0.0005
2026-06-28 04:55:17,004 - [INFO] -       [Fine-tune] Epoch 2/3 - Loss: 0.0003
2026-06-28 04:55:17,756 - [INFO] -       [Fine-tune] Epoch 3/3 - Loss: 0.0002
2026-06-28 04:55:21,155 - [INFO] -       [Fine-tune] Epoch 1/1 - Loss: 0.0001
2026-06-28 04:55:23,216 - [INFO] -       [Fine-tune] Epoch 1/3 - Loss: 0.0000
2026-06-28 04:55:24,662 - [INFO] -       [Fine-tune] Epoch 2/3 - Loss: 0.0000
2026-06-28 04:55:26,118 - [INFO] -       [Fine-tune] Epoch 3/3 - Loss: 0.0000
2026-06-28 04:55:27,701 - [INFO] -       [Fine-tune] Epoch 1/1 - Loss: 13.1601
2026-06-28 04:55:28,737 - [INFO] -       [Fine-tune] Epoch 1/3 - Loss: 13.1251
2026-06-28 04:55:29,301 - [INFO] -       [Fine-tune] Epoch 2/3 - Loss: 13.0900
2026-06-28 04:55:29,804 - [INFO] -       [Fine-tune] Epoch 3/3 - Loss: 13.0549
2026-06-28 04:55:31,766 - [INFO] -       [Fine-tune] Epoch 1/1 - Loss: 0.0000
2026-06-28 04:55:33,051 - [INFO] -       [Fine-tune] Epoch 1/3 - Loss: 0.0000
2026-06-28 04:55:33,740 - [INFO] -       [Fine-tune] Epoch 2/3 - Loss: 0.0000
2026-06-28 04:55:34,444 - [INFO] -       [Fine-tune] Epoch 3/3 - Loss: 0.0000
2026-06-28 04:55:37,874 - [INFO] -       [Fine-tune] Epoch 1/1 - Loss: 11.8523
2026-06-28 04:55:40,072 - [INFO] -       [Fine-tune] Epoch 1/3 - Loss: 10.6167
2026-06-28 04:55:41,748 - [INFO] -       [Fine-tune] Epoch 2/3 - Loss: 9.2366
2026-06-28 04:55:43,321 - [INFO] -       [Fine-tune] Epoch 3/3 - Loss: 7.8543
2026-06-28 04:55:46,797 - [INFO] -       [Fine-tune] Epoch 1/1 - Loss: 5.8309
2026-06-28 04:55:49,015 - [INFO] -       [Fine-tune] Epoch 1/3 - Loss: 4.3624
2026-06-28 04:55:50,702 - [INFO] -       [Fine-tune] Epoch 2/3 - Loss: 3.0476
2026-06-28 04:55:52,338 - [INFO] -       [Fine-tune] Epoch 3/3 - Loss: 1.9909
2026-06-28 04:55:56,111 - [INFO] -       [Fine-tune] Epoch 1/1 - Loss: 7.8346
2026-06-28 04:55:58,465 - [INFO] -       [Fine-tune] Epoch 1/3 - Loss: 6.7829
2026-06-28 04:56:00,235 - [INFO] -       [Fine-tune] Epoch 2/3 - Loss: 5.7079
2026-06-28 04:56:01,940 - [INFO] -       [Fine-tune] Epoch 3/3 - Loss: 4.7781
2026-06-28 04:56:16,846 - [INFO] -       [Fine-tune] Epoch 1/1 - Loss: 1.0706
2026-06-28 04:56:23,706 - [INFO] -       [Fine-tune] Epoch 1/3 - Loss: 0.9551
2026-06-28 04:56:30,475 - [INFO] -       [Fine-tune] Epoch 2/3 - Loss: 0.6907
2026-06-28 04:56:37,151 - [INFO] -       [Fine-tune] Epoch 3/3 - Loss: 0.4498
2026-06-28 04:56:40,824 - [INFO] -       [Fine-tune] Epoch 1/1 - Loss: 6.6531
2026-06-28 04:56:42,841 - [INFO] -       [Fine-tune] Epoch 1/3 - Loss: 5.8808
2026-06-28 04:56:44,335 - [INFO] -       [Fine-tune] Epoch 2/3 - Loss: 4.9075
2026-06-28 04:56:46,071 - [INFO] -       [Fine-tune] Epoch 3/3 - Loss: 3.9807
2026-06-28 04:56:49,510 - [INFO] -       [Fine-tune] Epoch 1/1 - Loss: 0.0299
2026-06-28 04:56:51,418 - [INFO] -       [Fine-tune] Epoch 1/3 - Loss: 0.0205
2026-06-28 04:56:52,822 - [INFO] -       [Fine-tune] Epoch 2/3 - Loss: 0.0184
2026-06-28 04:56:54,262 - [INFO] -       [Fine-tune] Epoch 3/3 - Loss: 0.0178
2026-06-28 04:56:57,589 - [INFO] -       [Fine-tune] Epoch 1/1 - Loss: 0.0284
2026-06-28 04:56:59,734 - [INFO] -       [Fine-tune] Epoch 1/3 - Loss: 0.0290
2026-06-28 04:57:01,140 - [INFO] -       [Fine-tune] Epoch 2/3 - Loss: 0.0287
2026-06-28 04:57:02,629 - [INFO] -       [Fine-tune] Epoch 3/3 - Loss: 0.0284
2026-06-28 04:57:05,310 - [INFO] -       [Fine-tune] Epoch 1/1 - Loss: 1.6419
2026-06-28 04:57:06,956 - [INFO] -       [Fine-tune] Epoch 1/3 - Loss: 1.7037
2026-06-28 04:57:08,049 - [INFO] -       [Fine-tune] Epoch 2/3 - Loss: 1.6647
2026-06-28 04:57:09,073 - [INFO] -       [Fine-tune] Epoch 3/3 - Loss: 1.6274
2026-06-28 04:57:11,082 - [INFO] -       [Fine-tune] Epoch 1/1 - Loss: 4.3767
2026-06-28 04:57:12,260 - [INFO] -       [Fine-tune] Epoch 1/3 - Loss: 4.4235
2026-06-28 04:57:12,956 - [INFO] -       [Fine-tune] Epoch 2/3 - Loss: 4.3345
2026-06-28 04:57:13,649 - [INFO] -       [Fine-tune] Epoch 3/3 - Loss: 4.2493
2026-06-28 04:57:17,049 - [INFO] -       [Fine-tune] Epoch 1/1 - Loss: 6.0718
2026-06-28 04:57:18,976 - [INFO] -       [Fine-tune] Epoch 1/3 - Loss: 5.9372
2026-06-28 04:57:20,357 - [INFO] -       [Fine-tune] Epoch 2/3 - Loss: 5.6649
2026-06-28 04:57:21,909 - [INFO] -       [Fine-tune] Epoch 3/3 - Loss: 5.4093
2026-06-28 04:57:22,458 - [INFO] -     Avg F1: 0.2918
2026-06-28 04:57:23,057 - [INFO] - 📈 Generalization plot đã lưu: /data/quyhv/Geo_KAN_Project/reports/Failure_Generalization/generalization_comparison.png
2026-06-28 04:57:23,079 - [INFO] - 
✅ Hoàn thành Failure & Generalization Experiment (H6).
